Component: ARM Compiler 5.05 update 1 (build 106) Tool: armlink [4d0efa]

==============================================================================

Section Cross References

    main.o(i.SystemCheck) refers to motor.o(i.Valve_GPIO_Config) for Valve_GPIO_Config
    main.o(i.SystemCheck) refers to motor.o(i.Motor_Init) for Motor_Init
    main.o(i.SystemCheck) refers to motor.o(i.PowerCheck) for PowerCheck
    main.o(i.SystemCheck) refers to motor.o(i.Test) for Test
    main.o(i.SystemCheck) refers to motor.o(i.PerkCheck) for PerkCheck
    main.o(i.SystemCheck) refers to motor.o(.data) for m
    main.o(i.main) refers to bsp.o(i.bsp_Init) for bsp_Init
    main.o(i.main) refers to param.o(i.LoadParam) for LoadParam
    main.o(i.main) refers to bsp_tft_lcd.o(i.LCD_InitHard) for LCD_InitHard
    main.o(i.main) refers to bsp_touch.o(i.TOUCH_InitHard) for TOUCH_InitHard
    main.o(i.main) refers to stm32f4xx_rcc.o(i.RCC_AHB1PeriphClockCmd) for RCC_AHB1PeriphClockCmd
    main.o(i.main) refers to main.o(i.SystemCheck) for SystemCheck
    main.o(i.main) refers to main_menu.o(i.MainMenu) for MainMenu
    main.o(i.main) refers to measurement.o(i.MainTask) for MainTask
    main.o(i.main) refers to bsp_touch.o(i.TOUCH_Calibration) for TOUCH_Calibration
    main.o(i.main) refers to main.o(.data) for ucStatus
    main_menu.o(i.ArrayIcon) refers to bsp_tft_lcd.o(i.LCD_DrawIcon32) for LCD_DrawIcon32
    main_menu.o(i.ArrayIcon) refers to bsp_tft_lcd.o(.data) for g_LcdWidth
    main_menu.o(i.ArrayIcon) refers to main_menu.o(.constdata) for s_UI480
    main_menu.o(i.ArrayIcon) refers to main_menu.o(.data) for s_ColorIndex
    main_menu.o(i.DIS_BK_BPM) refers to bsp_tft_lcd.o(i.LCD_DrawBMP) for LCD_DrawBMP
    main_menu.o(i.DIS_BK_BPM) refers to main_menu.o(.constdata) for s_UI800
    main_menu.o(i.DIS_BK_BPM) refers to bsp_tft_lcd.o(.data) for g_LcdWidth
    main_menu.o(i.DispBackground) refers to bsp_tft_lcd.o(i.LCD_Fill_Rect) for LCD_Fill_Rect
    main_menu.o(i.DispBackground) refers to bsp_tft_lcd.o(i.LCD_DrawBMP) for LCD_DrawBMP
    main_menu.o(i.DispBackground) refers to bsp_tft_lcd.o(.data) for g_LcdWidth
    main_menu.o(i.DispBackground) refers to main_menu.o(.constdata) for s_UI480
    main_menu.o(i.DispBackground) refers to main_menu.o(.data) for s_ColorIndex
    main_menu.o(i.DispBottomBar) refers to bsp_tft_lcd.o(i.LCD_Fill_Rect) for LCD_Fill_Rect
    main_menu.o(i.DispBottomBar) refers to bsp_tft_lcd.o(i.LCD_DispStr) for LCD_DispStr
    main_menu.o(i.DispBottomBar) refers to bsp_tft_lcd.o(.data) for g_LcdHeight
    main_menu.o(i.DispTopBar) refers to bsp_tft_lcd.o(i.LCD_Fill_Rect) for LCD_Fill_Rect
    main_menu.o(i.DispTopBar) refers to bsp_tft_lcd.o(i.LCD_DispStr) for LCD_DispStr
    main_menu.o(i.DispTopBar) refers to bsp_tft_lcd.o(.data) for g_LcdWidth
    main_menu.o(i.MainMenu) refers to main_menu.o(i.DispTopBar) for DispTopBar
    main_menu.o(i.MainMenu) refers to main_menu.o(i.DispBottomBar) for DispBottomBar
    main_menu.o(i.MainMenu) refers to main_menu.o(i.DispBackground) for DispBackground
    main_menu.o(i.MainMenu) refers to main_menu.o(i.ArrayIcon) for ArrayIcon
    main_menu.o(i.MainMenu) refers to bsp_touch.o(i.TOUCH_GetKey) for TOUCH_GetKey
    main_menu.o(i.MainMenu) refers to bsp_touch.o(i.TOUCH_InRect) for TOUCH_InRect
    main_menu.o(i.MainMenu) refers to bsp_tft_lcd.o(i.LCD_DrawIcon32) for LCD_DrawIcon32
    main_menu.o(i.MainMenu) refers to bsp_tft_lcd.o(.data) for g_LcdWidth
    main_menu.o(i.MainMenu) refers to main_menu.o(.constdata) for s_UI480
    main_menu.o(i.MainMenu) refers to main_menu.o(.data) for s_ColorIndex
    main_menu.o(.data) refers to measureture.o(.constdata) for acMeasureture
    main_menu.o(.data) refers to qc.o(.constdata) for acQC
    main_menu.o(.data) refers to preferences.o(.constdata) for acPreferences
    main_menu.o(.data) refers to record.o(.constdata) for acRecord
    main_menu.o(.data) refers to print.o(.constdata) for acPrint
    main_menu.o(.data) refers to maintaining.o(.constdata) for acMaintaining
    param.o(i.LoadParam) refers to bsp_eeprom_24xx.o(i.ee_ReadBytes) for ee_ReadBytes
    param.o(i.LoadParam) refers to param.o(i.SaveParam) for SaveParam
    param.o(i.LoadParam) refers to param.o(.bss) for g_tParam
    param.o(i.SaveParam) refers to bsp_eeprom_24xx.o(i.ee_WriteBytes) for ee_WriteBytes
    param.o(i.SaveParam) refers to param.o(.bss) for g_tParam
    measurement.o(i.AirFirst) refers to motor.o(i.Valve) for Valve
    measurement.o(i.AirFirst) refers to motor.o(i.Motorun) for Motorun
    measurement.o(i.AirFirst) refers to bsp_timer.o(i.bsp_DelayMS) for bsp_DelayMS
    measurement.o(i.MainTask) refers to main_menu.o(i.DispTopBar) for DispTopBar
    measurement.o(i.MainTask) refers to main_menu.o(i.DispBottomBar) for DispBottomBar
    measurement.o(i.MainTask) refers to main_menu.o(i.DispBackground) for DispBackground
[...]
    TOUCH_ReadAdcX                           0x08008399   Thumb Code    22  bsp_touch.o(i.TOUCH_ReadAdcX)
    TOUCH_ReadAdcY                           0x080083b5   Thumb Code    22  bsp_touch.o(i.TOUCH_ReadAdcY)
    TOUCH_Scan                               0x08008455   Thumb Code   336  bsp_touch.o(i.TOUCH_Scan)
    TSC2046_InitHard                         0x08008715   Thumb Code    96  bsp_tsc2046.o(i.TSC2046_InitHard)
    TSC2046_PenInt                           0x0800877d   Thumb Code    20  bsp_tsc2046.o(i.TSC2046_PenInt)
    TSC2046_ReadAdc                          0x08008795   Thumb Code    56  bsp_tsc2046.o(i.TSC2046_ReadAdc)
    Test                                     0x080087fd   Thumb Code  1758  motor.o(i.Test)
    USART_GetFlagStatus                      0x08008f01   Thumb Code    26  stm32f4xx_usart.o(i.USART_GetFlagStatus)
    USART_SendData                           0x08008f1b   Thumb Code     8  stm32f4xx_usart.o(i.USART_SendData)
    UsageFault_Handler                       0x08008f23   Thumb Code     4  stm32f4xx_it.o(i.UsageFault_Handler)
    Valve                                    0x08008f29   Thumb Code   458  motor.o(i.Valve)
    Valve_GPIO_Config                        0x08009105   Thumb Code   272  motor.o(i.Valve_GPIO_Config)
    WM_Activate                              0x08009225   Thumb Code    12  wm.o(i.WM_Activate)
    WM_Deactivate                            0x08009235   Thumb Code    14  wm.o(i.WM_Deactivate)
    WM_DefaultProc                           0x08009249   Thumb Code    70  wm.o(i.WM_DefaultProc)
    WM_GetDesktopWindowEx                    0x08009291   Thumb Code    16  wm_getdesktopwindowex.o(i.WM_GetDesktopWindowEx)
    WM_GetFirstChild                         0x080092a5   Thumb Code    14  wm_getfirstchild.o(i.WM_GetFirstChild)
    WM_GetParent                             0x080092b3   Thumb Code    14  wm_getparent.o(i.WM_GetParent)
    WM_HandlePID                             0x080092c1   Thumb Code   838  wm_touch.o(i.WM_HandlePID)
    WM_InvalidateRect                        0x08009625   Thumb Code   118  wm.o(i.WM_InvalidateRect)
    WM_InvalidateWindow                      0x0800969b   Thumb Code     6  wm.o(i.WM_InvalidateWindow)
    WM_InvalidateWindowAndDescsEx            0x080096a1   Thumb Code    94  wm.o(i.WM_InvalidateWindowAndDescsEx)
    WM_IsWindow                              0x080096ff   Thumb Code     4  wm_iswindow.o(i.WM_IsWindow)
    WM_PID__SetPrevState                     0x08009705   Thumb Code    24  wm_pid__getprevstate.o(i.WM_PID__SetPrevState)
    WM_ReleaseCapture                        0x08009721   Thumb Code     4  wm_setcapture.o(i.WM_ReleaseCapture)
    WM_Screen2hWin                           0x08009725   Thumb Code    10  wm_screen2win.o(i.WM_Screen2hWin)
    WM_SendToParent                          0x0800972f   Thumb Code    30  wm_sendtoparent.o(i.WM_SendToParent)
    WM__AddCriticalHandle                    0x0800974d   Thumb Code    10  wm_criticalhandle.o(i.WM__AddCriticalHandle)
    WM__Client2Screen                        0x0800975d   Thumb Code    16  wm.o(i.WM__Client2Screen)
    WM__ClipAtParentBorders                  0x0800976d   Thumb Code    78  wm.o(i.WM__ClipAtParentBorders)
    WM__GetClientRectEx                      0x080097bb   Thumb Code    32  wm_getclientrect.o(i.WM__GetClientRectEx)
    WM__GetClientRectWin                     0x080097db   Thumb Code    24  wm.o(i.WM__GetClientRectWin)
    WM__Invalidate1Abs                       0x080097f3   Thumb Code     6  wm.o(i.WM__Invalidate1Abs)
    WM__InvalidateDrawAndDescs               0x080097f9   Thumb Code    70  wm.o(i.WM__InvalidateDrawAndDescs)
    WM__InvalidateRect                       0x0800983f   Thumb Code   118  wm.o(i.WM__InvalidateRect)
    WM__InvalidateRectEx                     0x080098b5   Thumb Code     6  wm.o(i.WM__InvalidateRectEx)
    WM__IsAncestor                           0x080098bd   Thumb Code    34  wm__isancestor.o(i.WM__IsAncestor)
    WM__IsEnabled                            0x080098df   Thumb Code    22  wm__isenabled.o(i.WM__IsEnabled)
    WM__IsInModalArea                        0x080098f5   Thumb Code    64  wm_touch.o(i.WM__IsInModalArea)
    WM__IsInWindow                           0x0800993d   Thumb Code    48  wm_screen2win.o(i.WM__IsInWindow)
    WM__IsWindow                             0x0800996d   Thumb Code    30  wm.o(i.WM__IsWindow)
    WM__RectIsNZ                             0x08009991   Thumb Code    32  wm.o(i.WM__RectIsNZ)
    WM__RemoveCriticalHandle                 0x080099dd   Thumb Code    38  wm_criticalhandle.o(i.WM__RemoveCriticalHandle)
    WM__SendMessage                          0x08009a09   Thumb Code    54  wm__sendmessage.o(i.WM__SendMessage)
    WM__SendMessageIfEnabled                 0x08009a45   Thumb Code    28  wm__sendmessageifenabled.o(i.WM__SendMessageIfEnabled)
    WM__SendPIDMessage                       0x08009a61   Thumb Code    62  wm_touch.o(i.WM__SendPIDMessage)
    WM__SendTouchMessage                     0x08009a9f   Thumb Code    54  wm_touch.o(i.WM__SendTouchMessage)
    __0printf$8                              0x0800a711   Thumb Code    22  printf8.o(i.__0printf$8)
    __1printf$8                              0x0800a711   Thumb Code     0  printf8.o(i.__0printf$8)
    __2printf                                0x0800a711   Thumb Code     0  printf8.o(i.__0printf$8)
    __hardfp_sqrt                            0x0800a731   Thumb Code   122  sqrt.o(i.__hardfp_sqrt)
    __scatterload_copy                       0x0800a7ab   Thumb Code    14  handlers.o(i.__scatterload_copy)
    __scatterload_null                       0x0800a7b9   Thumb Code     2  handlers.o(i.__scatterload_null)
    __scatterload_zeroinit                   0x0800a7bb   Thumb Code    14  handlers.o(i.__scatterload_zeroinit)
    __set_errno                              0x0800a7d5   Thumb Code     6  errno.o(i.__set_errno)
    bsp_ConfigGpioOut                        0x0800aca1   Thumb Code    54  bsp_tim_pwm.o(i.bsp_ConfigGpioOut)
    bsp_ConfigTimGpio                        0x0800acd9   Thumb Code   150  bsp_tim_pwm.o(i.bsp_ConfigTimGpio)
    bsp_DelayMS                              0x0800ad85   Thumb Code    58  bsp_timer.o(i.bsp_DelayMS)
    bsp_GetAFofTIM                           0x0800adc9   Thumb Code   144  bsp_tim_pwm.o(i.bsp_GetAFofTIM)
    bsp_GetPinSource                         0x0800ae85   Thumb Code   146  bsp_tim_pwm.o(i.bsp_GetPinSource)
    bsp_GetRCCofGPIO                         0x0800af19   Thumb Code    94  bsp_tim_pwm.o(i.bsp_GetRCCofGPIO)
    bsp_GetRCCofTIM                          0x0800af9d   Thumb Code   150  bsp_tim_pwm.o(i.bsp_GetRCCofTIM)
    bsp_Idle                                 0x0800b069   Thumb Code     8  bsp.o(i.bsp_Idle)
    bsp_Init                                 0x0800b071   Thumb Code    88  bsp.o(i.bsp_Init)
    bsp_InitExtSRAM                          0x0800b0c9   Thumb Code   616  bsp_fsmc_sram.o(i.bsp_InitExtSRAM)
    bsp_InitHardTimer                        0x0800b341   Thumb Code    92  bsp_timer.o(i.bsp_InitHardTimer)
    bsp_InitI2C                              0x0800b3a9   Thumb Code    50  bsp_i2c_gpio.o(i.bsp_InitI2C)
    bsp_InitNorFlash                         0x0800b3e1   Thumb Code   644  bsp_nor_flash.o(i.bsp_InitNorFlash)
    bsp_InitRA8875Flash                      0x0800b675   Thumb Code    24  bsp_ra8875_flash.o(i.bsp_InitRA8875Flash)
    bsp_InitSPIBus                           0x0800b68d   Thumb Code    84  bsp_spi_bus.o(i.bsp_InitSPIBus)
    bsp_InitTimer                            0x0800b6e5   Thumb Code   140  bsp_timer.o(i.bsp_InitTimer)
    bsp_RunPer10ms                           0x0800b781   Thumb Code    28  bsp.o(i.bsp_RunPer10ms)
    bsp_RunPer1ms                            0x0800b7a5   Thumb Code    12  bsp.o(i.bsp_RunPer1ms)
    bsp_RunPer1s                             0x0800b7b1   Thumb Code     2  bsp.o(i.bsp_RunPer1s)
    bsp_SPI_Init                             0x0800b7b5   Thumb Code    16  bsp_spi_bus.o(i.bsp_SPI_Init)
    bsp_SetTIMOutPWM                         0x0800b7c9   Thumb Code   396  bsp_tim_pwm.o(i.bsp_SetTIMOutPWM)
    bsp_SpiBusBusy                           0x0800b989   Thumb Code     6  bsp_spi_bus.o(i.bsp_SpiBusBusy)
    bsp_SpiBusEnter                          0x0800b995   Thumb Code     8  bsp_spi_bus.o(i.bsp_SpiBusEnter)
    bsp_SpiBusExit                           0x0800b9a1   Thumb Code     8  bsp_spi_bus.o(i.bsp_SpiBusExit)
    bsp_spiRead0                             0x0800b9ad   Thumb Code    50  bsp_spi_bus.o(i.bsp_spiRead0)
    bsp_spiRead1                             0x0800b9e5   Thumb Code    50  bsp_spi_bus.o(i.bsp_spiRead1)
    bsp_spiWrite0                            0x0800ba1d   Thumb Code    48  bsp_spi_bus.o(i.bsp_spiWrite0)
    bsp_spiWrite1                            0x0800ba51   Thumb Code    48  bsp_spi_bus.o(i.bsp_spiWrite1)
    ee_ReadBytes                             0x0800ba85   Thumb Code   126  bsp_eeprom_24xx.o(i.ee_ReadBytes)
    ee_WriteBytes                            0x0800bb03   Thumb Code   142  bsp_eeprom_24xx.o(i.ee_WriteBytes)
    fputc                                    0x0800bb91   Thumb Code    32  bsp_printf.o(i.fputc)
    i2c_Ack                                  0x0800bbb5   Thumb Code    44  bsp_i2c_gpio.o(i.i2c_Ack)
    i2c_CheckDevice                          0x0800bbe5   Thumb Code    52  bsp_i2c_gpio.o(i.i2c_CheckDevice)
    i2c_NAck                                 0x0800bc2d   Thumb Code    36  bsp_i2c_gpio.o(i.i2c_NAck)
    i2c_ReadByte                             0x0800bc55   Thumb Code    62  bsp_i2c_gpio.o(i.i2c_ReadByte)
    i2c_SendByte                             0x0800bc99   Thumb Code    76  bsp_i2c_gpio.o(i.i2c_SendByte)
    i2c_Start                                0x0800bce9   Thumb Code    42  bsp_i2c_gpio.o(i.i2c_Start)
    i2c_Stop                                 0x0800bd19   Thumb Code    32  bsp_i2c_gpio.o(i.i2c_Stop)
    i2c_WaitAck                              0x0800bd3d   Thumb Code    56  bsp_i2c_gpio.o(i.i2c_WaitAck)
    main                                     0x0800bd79   Thumb Code   134  main.o(i.main)
    onesided                                 0x0800be05   Thumb Code    86  motor.o(i.onesided)
    powerMag                                 0x0800be61   Thumb Code   212  motor.o(i.powerMag)
    w25_CtrlByMCU                            0x0800bfb9   Thumb Code     8  bsp_ra8875_flash.o(i.w25_CtrlByMCU)
    w25_CtrlByRA8875                         0x0800bfc5   Thumb Code     8  bsp_ra8875_flash.o(i.w25_CtrlByRA8875)
    w25_ReadID                               0x0800bfd1   Thumb Code    56  bsp_ra8875_flash.o(i.w25_ReadID)
    w25_ReadInfo                             0x0800c009   Thumb Code   112  bsp_ra8875_flash.o(i.w25_ReadInfo)
    w25_SetCS                                0x0800c089   Thumb Code    42  bsp_ra8875_flash.o(i.w25_SetCS)
    weedavg                                  0x0800c0b9   Thumb Code   112  motor.o(i.weedavg)
    Speedup                                  0x0800c1a0   Data         800  motor.o(.constdata)
    Speedup_moto                             0x0800c4c0   Data         648  stm32f4xx_it.o(.constdata)
    moto_ac                                  0x0800c748   Data         588  stm32f4xx_it.o(.constdata)
    g_Ascii12                                0x0800c994   Data        1524  asc12.o(.constdata)
    g_Ascii16                                0x0800cf88   Data        4096  asc16.o(.constdata)
    g_Hz12                                   0x0800df88   Data        1172  hz12.o(.constdata)
    g_Hz16                                   0x0800e41c   Data        1532  hz16.o(.constdata)
    g_Hz24                                   0x0800ea18   Data         298  hz24.o(.constdata)
    g_Hz48                                   0x0800eb42   Data        1162  hz48.o(.constdata)
    g_Hz96                                   0x0800efcc   Data        4618  hz96.o(.constdata)
    acMaintaining                            0x080101d6   Data       65591  maintaining.o(.constdata)
    acMeasureture                            0x0802020d   Data       65591  measureture.o(.constdata)
    acPreferences                            0x08030244   Data       65591  preferences.o(.constdata)
    acPrint                                  0x0804027b   Data       65591  print.o(.constdata)
    acQC                                     0x080502b2   Data       65591  qc.o(.constdata)
    acRecord                                 0x080602e9   Data       65591  record.o(.constdata)
    GUI_Font6x8                              0x08070a20   Data          36  f6x8.o(.constdata)
    Region$$Table$$Base                      0x08070a44   Number         0  anon$$obj.o(Region$$Table)
    Region$$Table$$Limit                     0x08070a64   Number         0  anon$$obj.o(Region$$Table)
    A1                                       0x20000000   Data           2  main.o(.data)
    A2                                       0x20000002   Data           2  main.o(.data)
    A3                                       0x20000004   Data           2  main.o(.data)
    A4                                       0x20000006   Data           2  main.o(.data)
    tempA                                    0x20000008   Data           4  main.o(.data)
    tempB                                    0x2000000c   Data           4  main.o(.data)
    tempC                                    0x20000010   Data           4  main.o(.data)
    tempD                                    0x20000014   Data           4  main.o(.data)
    ucStatus                                 0x20000018   Data           2  main.o(.data)
    TableFFT                                 0x200000e8   Data        4080  motor.o(.data)
    temp1                                    0x200010d8   Data           2  motor.o(.data)
    temp2                                    0x200010da   Data           2  motor.o(.data)
    reTest                                   0x200010dc   Data           1  motor.o(.data)
    m                                        0x200010de   Data           2  motor.o(.data)
    ADCIndex                                 0x200010e0   Data           1  motor.o(.data)
    Intensity                                0x200010e4   Data           4  motor.o(.data)
    Intensitys1                              0x200010e8   Data           4  motor.o(.data)
    Intensitys2                              0x200010ec   Data           4  motor.o(.data)
    Step_LM                                  0x200010f0   Data           4  motor.o(.data)
    m_bChopper                               0x200010f4   Data           1  motor.o(.data)
    temp                                     0x200010f8   Data           8  motor.o(.data)
    Go                                       0x20001100   Data           1  motor.o(.data)
    STATUS                                   0x20001101   Data           1  motor.o(.data)
    Pressure0                                0x20001102   Data           2  motor.o(.data)
    Pressure1                                0x20001104   Data           2  motor.o(.data)
    Pressure2                                0x20001106   Data           2  motor.o(.data)
    RxLeftIdx                                0x20001108   Data           4  motor.o(.data)
    RxRightIdx                               0x2000110c   Data           4  motor.o(.data)
    flagPress                                0x20001110   Data           1  motor.o(.data)
    PulseNum                                 0x20001112   Data           2  motor.o(.data)
    PulseCount                               0x20001114   Data           2  motor.o(.data)
    StartSpeed                               0x20001116   Data           1  motor.o(.data)
    TargeSpeed                               0x20001117   Data           1  motor.o(.data)
    StepTimes_1                              0x20001118   Data           1  motor.o(.data)
    StepCount_1                              0x2000111a   Data           2  motor.o(.data)
    EndSpeed                                 0x2000111c   Data           1  motor.o(.data)
    StepTimes_2                              0x2000111d   Data           1  motor.o(.data)
    StepCount_2                              0x2000111e   Data           2  motor.o(.data)
    AddedNum                                 0x20001120   Data           2  motor.o(.data)
    flag_moto                                0x20001122   Data           1  motor.o(.data)
    cw_status                                0x20001123   Data           1  motor.o(.data)
    m_bMeasureBreak                          0x20001124   Data           1  motor.o(.data)
    Intensity1                               0x20001128   Data           4  motor.o(.data)
    Intensity2                               0x2000112c   Data           4  motor.o(.data)
    prnerr                                   0x20001130   Data           1  motor.o(.data)
    TripSwitchStatus                         0x20001131   Data           1  motor.o(.data)
    Trip2                                    0x20001132   Data           1  motor.o(.data)
    n                                        0x20001134   Data           2  motor.o(.data)
    LastCh                                   0x20001138   Data           4  stm32f4xx_it.o(.data)
    f                                        0x2000113c   Data           1  stm32f4xx_it.o(.data)
    StopCondition                            0x20001148   Data           4  bsp_sdio_sd.o(.data)
    TransferError                            0x2000114c   Data           1  bsp_sdio_sd.o(.data)
    TransferEnd                              0x20001150   Data           4  bsp_sdio_sd.o(.data)
    DMAEndOfTransfer                         0x20001154   Data           4  bsp_sdio_sd.o(.data)
    g_iRunTime                               0x20001160   Data           4  bsp_timer.o(.data)
    g_ChipID                                 0x20001178   Data           2  bsp_tft_lcd.o(.data)
    g_LcdHeight                              0x2000117a   Data           2  bsp_tft_lcd.o(.data)
    g_LcdWidth                               0x2000117c   Data           2  bsp_tft_lcd.o(.data)
    s_ucBright                               0x2000117e   Data           1  bsp_tft_lcd.o(.data)
    g_LcdDirection                           0x2000117f   Data           1  bsp_tft_lcd.o(.data)
    font_width                               0x20001180   Data           1  bsp_tft_lcd.o(.data)
    font_height                              0x20001181   Data           1  bsp_tft_lcd.o(.data)
    width                                    0x20001182   Data           1  bsp_tft_lcd.o(.data)
    font_bytes                               0x20001184   Data           2  bsp_tft_lcd.o(.data)
    g_RA8875_IF                              0x2000118e   Data           1  bsp_ra8875_port.o(.data)
    s_GT811_CfgParams                        0x20001190   Data         106  bsp_gt811.o(.data)
    g_spi_busy                               0x20001200   Data           1  bsp_spi_bus.o(.data)
    SystemCoreClock                          0x20001204   Data           4  system_stm32f4xx.o(.data)
    s_ucRA8875BusyNow                        0x20001208   Data           1  guidrv_template.o(.data)
    g_ucGPIX                                 0x20001218   Data           1  lcd_ra8875.o(.data)
    GUI_DecChar                              0x20001224   Data           1  gui_core.o(.data)
    GUI_pfGetpPalConvTable                   0x20001228   Data           4  gui_core.o(.data)
    GUI__pFontDefault                        0x2000122c   Data           4  gui_core.o(.data)
    GUI_pContext                             0x20001230   Data           4  gui_core.o(.data)
    GUI_pUC_API                              0x20001234   Data           4  gui_core.o(.data)
    GUI__apDevice                            0x20001248   Data           8  gui_core.o(.data)
    WM_pfHandlePID                           0x20001250   Data           4  gui_core.o(.data)
    GUI_pLCD_APIList                         0x20001254   Data           4  gui_core.o(.data)
    GUI_OrgX                                 0x20001258   Data           2  gui_core.o(.data)
    GUI_OrgY                                 0x2000125a   Data           2  gui_core.o(.data)
    LCD__pSetColorAPI                        0x20001294   Data           4  lcd.o(.data)
    LCD__aConvTable                          0x2000129c   Data           4  lcd_color.o(.data)
    WM__PaintCallbackCnt                     0x200012a8   Data           1  wm.o(.data)
    WM__NumWindows                           0x200012aa   Data           2  wm.o(.data)
    WM__NumInvalidWindows                    0x200012ac   Data           2  wm.o(.data)
    WM__TouchedLayer                         0x200012b0   Data           4  wm.o(.data)
    WM__FirstWin                             0x200012b4   Data           4  wm.o(.data)
    WM__pFirstCriticalHandle                 0x200012b8   Data           4  wm.o(.data)
    WM__CreateFlags                          0x200012bc   Data           4  wm.o(.data)
    WM_pfPollPID                             0x200012c0   Data           4  wm.o(.data)
    WM_MULTIBUF__pAPI                        0x200012c4   Data           4  wm.o(.data)
    WM__TransWindowCnt                       0x200012c8   Data           4  wm.o(.data)
    WM__hATransWindow                        0x200012cc   Data           4  wm.o(.data)
    WM__ahDesktopWin                         0x200012e0   Data           8  wm.o(.data)
    WM__aBkColor                             0x200012e8   Data           8  wm.o(.data)
    WM__ahCapture                            0x200012f0   Data           8  wm.o(.data)
    WM__ahWinFocus                           0x200012f8   Data           8  wm.o(.data)
    WM__CaptureReleaseAuto                   0x20001300   Data           1  wm.o(.data)
    __stdout                                 0x2000132c   Data           4  stdout.o(.data)
    g_tParam                                 0x20001334   Data          76  param.o(.bss)
    lBUFIN                                   0x20001380   Data        1024  motor.o(.bss)
    lBUFOUT                                  0x20001780   Data        1024  motor.o(.bss)
    lBUFMAG                                  0x20001b80   Data        1536  motor.o(.bss)
    ADCResult                                0x20002180   Data          72  motor.o(.bss)
    ADCConv                                  0x200021c8   Data          50  motor.o(.bss)
    uhADCConvertedValue                      0x200021fa   Data          10  motor.o(.bss)
    C12                                      0x20002204   Data         240  motor.o(.bss)
    C13                                      0x200022f4   Data         240  motor.o(.bss)
    m_lCf                                    0x200023e8   Data          72  motor.o(.bss)
    AK_Left_Data                             0x20002430   Data       14400  motor.o(.bss)
    AK_Right_Data                            0x20005c70   Data       14400  motor.o(.bss)
    g_tTP                                    0x200094e0   Data          58  bsp_touch.o(.bss)
    g_tTPSL                                  0x2000951a   Data          10  bsp_touch.o(.bss)
    g_tW25                                   0x2000954c   Data          12  bsp_ra8875_flash.o(.bss)
    g_GT811                                  0x20009558   Data          34  bsp_gt811.o(.bss)
    GUI_ALLOC__Context                       0x2000957c   Data         188  gui_alloc.o(.bss)
    WM__aCHWinModal                          0x20009744   Data          16  wm_touch.o(.bss)
    WM__aCHWinLast                           0x20009754   Data          16  wm_touch.o(.bss)
    WM__aCHWinMouseOver                      0x20009764   Data          16  wm_touch.o(.bss)
    __initial_sp                             0x20009bb8   Data           0  startup_stm32f427x.o(STACK)



==============================================================================

Memory Map of the image

  Image Entry point : 0x080001ad

  Load Region LR_IROM1 (Base: 0x08000000, Size: 0x00071d98, Max: 0x00100000, ABSOLUTE, COMPRESSED[0x00071778])

    Execution Region ER_IROM1 (Base: 0x08000000, Size: 0x00070a64, Max: 0x00100000, ABSOLUTE)

    Base Addr    Size         Type   Attr      Idx    E Section Name        Object

    0x08000000   0x000001ac   Data   RO         2713    RESET               startup_stm32f427x.o
    0x080001ac   0x00000000   Code   RO         7629  * .ARM.Collect$$$$00000000  mc_w.l(entry.o)
    0x080001ac   0x00000004   Code   RO         7933    .ARM.Collect$$$$00000001  mc_w.l(entry2.o)
    0x080001b0   0x00000004   Code   RO         7936    .ARM.Collect$$$$00000004  mc_w.l(entry5.o)
    0x080001b4   0x00000000   Code   RO         7938    .ARM.Collect$$$$00000008  mc_w.l(entry7b.o)
    0x080001b4   0x00000000   Code   RO         7940    .ARM.Collect$$$$0000000A  mc_w.l(entry8b.o)
    0x080001b4   0x00000008   Code   RO         7941    .ARM.Collect$$$$0000000B  mc_w.l(entry9a.o)
    0x080001bc   0x00000000   Code   RO         7943    .ARM.Collect$$$$0000000D  mc_w.l(entry10a.o)
    0x080001bc   0x00000000   Code   RO         7945    .ARM.Collect$$$$0000000F  mc_w.l(entry11a.o)
    0x080001bc   0x00000004   Code   RO         7934    .ARM.Collect$$$$00002712  mc_w.l(entry2.o)
    0x080001c0   0x00000024   Code   RO         2714    .text               startup_stm32f427x.o
    0x080001e4   0x000005de   Code   RO         6336    .text               cr4_fft_256_stm32.o
    0x080007c2   0x00000040   Code   RO         7634    .text               mc_w.l(memmovea.o)
    0x08000802   0x00000024   Code   RO         7636    .text               mc_w.l(memseta.o)
    0x08000826   0x0000000e   Code   RO         7638    .text               mc_w.l(strlen.o)
    0x08000834   0x0000001a   Code   RO         7640    .text               mc_w.l(memcmp.o)
    0x0800084e   0x00000012   Code   RO         7642    .text               mc_w.l(strcpy.o)
    0x08000860   0x0000014e   Code   RO         7909    .text               mf_w.l(dadd.o)
    0x080009ae   0x000000e4   Code   RO         7911    .text               mf_w.l(dmul.o)
    0x08000a92   0x000000de   Code   RO         7913    .text               mf_w.l(ddiv.o)
    0x08000b70   0x00000022   Code   RO         7915    .text               mf_w.l(dflti.o)
    0x08000b92   0x0000001a   Code   RO         7917    .text               mf_w.l(dfltui.o)
    0x08000bac   0x00000018   Code   RO         7919    .text               mf_w.l(dfltul.o)
    0x08000bc4   0x0000003e   Code   RO         7921    .text               mf_w.l(dfixi.o)
    0x08000c02   0x00000032   Code   RO         7923    .text               mf_w.l(dfixui.o)
    0x08000c34   0x00000026   Code   RO         7925    .text               mf_w.l(f2d.o)
    0x08000c5a   0x00000002   PAD
    0x08000c5c   0x00000030   Code   RO         7927    .text               mf_w.l(cdcmple.o)
    0x08000c8c   0x00000030   Code   RO         7929    .text               mf_w.l(cdrcmple.o)
    0x08000cbc   0x00000038   Code   RO         7931    .text               mf_w.l(d2f.o)
    0x08000cf4   0x00000062   Code   RO         7950    .text               mc_w.l(uldiv.o)
    0x08000d56   0x0000001e   Code   RO         7952    .text               mc_w.l(llshl.o)
    0x08000d74   0x00000020   Code   RO         7954    .text               mc_w.l(llushr.o)
    0x08000d94   0x00000024   Code   RO         7956    .text               mc_w.l(llsshr.o)
    0x08000db8   0x00000000   Code   RO         7965    .text               mc_w.l(iusefp.o)
    0x08000db8   0x0000006e   Code   RO         7966    .text               mf_w.l(fepilogue.o)
    0x08000e26   0x000000ba   Code   RO         7968    .text               mf_w.l(depilogue.o)
    0x08000ee0   0x000000a2   Code   RO         7970    .text               mf_w.l(dsqrt.o)
    0x08000f82   0x00000002   PAD
    0x08000f84   0x00000024   Code   RO         7974    .text               mc_w.l(init.o)
    0x08000fa8   0x0000005e   Code   RO         7984    .text               mc_w.l(__dclz77c.o)
    0x08001006   0x00000002   PAD
    0x08001008   0x00000060   Code   RO          639    i.ADC_1             motor.o
    0x08001068   0x00000016   Code   RO         4966    i.ADC_Cmd           stm32f4xx_adc.o
    0x0800107e   0x00000002   PAD
    0x08001080   0x00000030   Code   RO         4967    i.ADC_CommonInit    stm32f4xx_adc.o
    0x080010b0   0x00000130   Code   RO          640    i.ADC_Config        motor.o
    0x080011e0   0x00000016   Code   RO         4972    i.ADC_DeInit        stm32f4xx_adc.o
    0x080011f6   0x00000008   Code   RO         4978    i.ADC_GetConversionValue  stm32f4xx_adc.o
    0x080011fe   0x00000012   Code   RO         4979    i.ADC_GetFlagStatus  stm32f4xx_adc.o
    0x08001210   0x00000020   Code   RO         4985    i.ADC_ITConfig      stm32f4xx_adc.o
    0x08001230   0x00000054   Code   RO         4986    i.ADC_Init          stm32f4xx_adc.o
    0x08001284   0x000000b8   Code   RO         4991    i.ADC_RegularChannelConfig  stm32f4xx_adc.o
    0x0800133c   0x0000000a   Code   RO         4993    i.ADC_SoftwareStartConv  stm32f4xx_adc.o
    0x08001346   0x00000002   PAD
    0x08001348   0x000001e0   Code   RO          642    i.AK5385_Config     motor.o
    0x08001528   0x000001bc   Code   RO          643    i.AK_Conv           motor.o
    0x080016e4   0x00000140   Code   RO          446    i.ArrayIcon         main_menu.o
    0x08001824   0x0000000e   Code   RO         5751    i.BTE_SetOperateCode  lcd_ra8875.o
    0x08001832   0x00000068   Code   RO         5752    i.BTE_SetTarBlock   lcd_ra8875.o
    0x0800189a   0x00000002   PAD
    0x0800189c   0x0000001c   Code   RO         5753    i.BTE_Start         lcd_ra8875.o
    0x080018b8   0x0000001c   Code   RO         5754    i.BTE_Wait          lcd_ra8875.o
    0x080018d4   0x00000004   Code   RO          842    i.BusFault_Handler  stm32f4xx_it.o
    0x080018d8   0x00000016   Code   RO         1684    i.CalTwoPoint       bsp_touch.o
    0x080018ee   0x00000002   PAD
    0x080018f0   0x000001e4   Code   RO          644    i.Cartridge         motor.o
    0x08001ad4   0x00000028   Code   RO          645    i.ChopperCheck      motor.o
    0x08001afc   0x000000cc   Code   RO          646    i.ChopperCheck1     motor.o
    0x08001bc8   0x00000008   Code   RO         1005    i.DMA2_Stream3_IRQHandler  bsp_sdio_sd.o
    0x08001bd0   0x00000034   Code   RO         4016    i.DMA_ClearFlag     stm32f4xx_dma.o
    0x08001c04   0x00000002   Code   RO          843    i.DebugMon_Handler  stm32f4xx_it.o
    0x08001c06   0x00000002   PAD
    0x08001c08   0x00000134   Code   RO          448    i.DispBackground    main_menu.o
    0x08001d3c   0x00000084   Code   RO          449    i.DispBottomBar     main_menu.o
    0x08001dc0   0x00000068   Code   RO          450    i.DispTopBar        main_menu.o
    0x08001e28   0x0000006c   Code   RO          844    i.EXTI15_10_IRQHandler  stm32f4xx_it.o
    0x08001e94   0x0000000c   Code   RO         3435    i.EXTI_ClearITPendingBit  stm32f4xx_exti.o
    0x08001ea0   0x00000054   Code   RO          647    i.EXTI_Config       motor.o
    0x08001ef4   0x00000018   Code   RO         3439    i.EXTI_GetITStatus  stm32f4xx_exti.o
    0x08001f0c   0x00000094   Code   RO         3440    i.EXTI_Init         stm32f4xx_exti.o
    0x08001fa0   0x00000034   Code   RO         5214    i.FMC_NORSRAMCmd    stm32f4xx_fmc.o
    0x08001fd4   0x00000128   Code   RO         5216    i.FMC_NORSRAMInit   stm32f4xx_fmc.o
    0x080020fc   0x00000090   Code   RO         3149    i.GPIO_Init         stm32f4xx_gpio.o
    0x0800218c   0x00000046   Code   RO         3150    i.GPIO_PinAFConfig  stm32f4xx_gpio.o
    0x080021d2   0x00000012   Code   RO         3153    i.GPIO_ReadInputDataBit  stm32f4xx_gpio.o
    0x080021e4   0x00000004   Code   RO         3156    i.GPIO_ResetBits    stm32f4xx_gpio.o
    0x080021e8   0x00000004   Code   RO         3157    i.GPIO_SetBits      stm32f4xx_gpio.o
    0x080021ec   0x0000000a   Code   RO         3161    i.GPIO_WriteBit     stm32f4xx_gpio.o
    0x080021f6   0x00000002   PAD
    0x080021f8   0x0000004c   Code   RO         2053    i.GT811_InitHard    bsp_gt811.o
    0x08002244   0x00000064   Code   RO         2054    i.GT811_ReadReg     bsp_gt811.o
    0x080022a8   0x0000001e   Code   RO         2055    i.GT811_ReadVersion  bsp_gt811.o
    0x080022c6   0x00000002   PAD
    0x080022c8   0x00000200   Code   RO         2056    i.GT811_Scan        bsp_gt811.o
    0x080024c8   0x00000010   Code   RO         2057    i.GT811_Timer10ms   bsp_gt811.o
    0x080024d8   0x0000004a   Code   RO         2058    i.GT811_WriteReg    bsp_gt811.o
    0x08002522   0x00000002   PAD
    0x08002524   0x00000134   Code   RO         6934    i.GUIMONO_DispChar  STemWin522_CM4_Keil.lib(gui_charm.o)
    0x08002658   0x00000018   Code   RO         6935    i.GUIMONO_GetCharDistX  STemWin522_CM4_Keil.lib(gui_charm.o)
    0x08002670   0x00000006   Code   RO         6936    i.GUIMONO_GetFontInfo  STemWin522_CM4_Keil.lib(gui_charm.o)
    0x08002676   0x00000038   Code   RO         6937    i.GUIMONO_IsInFont  STemWin522_CM4_Keil.lib(gui_charm.o)
    0x080026ae   0x0000000a   Code   RO         6354    i.GUI_ALLOC_AllocNoInit  STemWin522_CM4_Keil.lib(gui_alloc.o)
    0x080026b8   0x00000038   Code   RO         6356    i.GUI_ALLOC_Free    STemWin522_CM4_Keil.lib(gui_alloc.o)
    0x080026f0   0x00000018   Code   RO         6357    i.GUI_ALLOC_FreeFixedBlock  STemWin522_CM4_Keil.lib(gui_alloc.o)
    0x08002708   0x00000040   Code   RO         6361    i.GUI_ALLOC_GetMaxSize  STemWin522_CM4_Keil.lib(gui_alloc.o)
    0x08002748   0x0000001c   Code   RO         6368    i.GUI_ALLOC_LockH   STemWin522_CM4_Keil.lib(gui_alloc.o)
    0x08002764   0x00000030   Code   RO         6373    i.GUI_ALLOC_UnlockH  STemWin522_CM4_Keil.lib(gui_alloc.o)
    0x08002794   0x00000018   Code   RO         6374    i.GUI_ALLOC_h2p     STemWin522_CM4_Keil.lib(gui_alloc.o)
    0x080027ac   0x00000070   Code   RO         7176    i.GUI_CURSOR_SetPositionEx  STemWin522_CM4_Keil.lib(gui_curs1.o)
    0x0800281c   0x00000004   Code   RO         6465    i.GUI_DEVICE_Delete  STemWin522_CM4_Keil.lib(gui_device.o)
    0x08002820   0x00000080   Code   RO         6466    i.GUI_DEVICE_Link   STemWin522_CM4_Keil.lib(gui_device.o)
    0x080028a0   0x00000004   Code   RO         6468    i.GUI_DEVICE_Unlink  STemWin522_CM4_Keil.lib(gui_device.o)
    0x080028a4   0x00000024   Code   RO         6471    i.GUI_DEVICE__GetpDriver  STemWin522_CM4_Keil.lib(gui_device.o)
    0x080028c8   0x00000016   Code   RO         7595    i.GUI_GetBitmapPixelIndex  STemWin522_CM4_Keil.lib(gui_getbitmappixelindex.o)
    0x080028de   0x0000008a   Code   RO         7596    i.GUI_GetBitmapPixelIndexEx  STemWin522_CM4_Keil.lib(gui_getbitmappixelindex.o)
    0x08002968   0x00000014   Code   RO         6991    i.GUI_GetCursorLayer  STemWin522_CM4_Keil.lib(gui_selectlayer.o)
    0x0800297c   0x00000016   Code   RO         6992    i.GUI_GetLayerPosEx  STemWin522_CM4_Keil.lib(gui_selectlayer.o)
    0x08002992   0x00000002   PAD
    0x08002994   0x00000040   Code   RO         7047    i.GUI_MEMDEV_Delete  STemWin522_CM4_Keil.lib(guidev.o)
    0x080029d4   0x00000054   Code   RO         7050    i.GUI_MEMDEV_Select  STemWin522_CM4_Keil.lib(guidev.o)
    0x08002a28   0x00000058   Code   RO         6942    i.GUI_MergeRect     STemWin522_CM4_Keil.lib(gui_mergerect.o)
    0x08002a80   0x0000001e   Code   RO         6944    i.GUI_MoveRect      STemWin522_CM4_Keil.lib(gui_moverect.o)
    0x08002a9e   0x00000002   PAD
    0x08002aa0   0x0000004c   Code   RO         6967    i.GUI_PID_GetState  STemWin522_CM4_Keil.lib(gui_pid.o)
    0x08002aec   0x00000018   Code   RO         6968    i.GUI_PID_IsEmpty   STemWin522_CM4_Keil.lib(gui_pid.o)
    0x08002b04   0x0000001c   Code   RO         6970    i.GUI_PID_StoreState  STemWin522_CM4_Keil.lib(gui_pid.o)
    0x08002b20   0x0000000a   Code   RO         7481    i.GUI_SPRITE_SetPosition  STemWin522_CM4_Keil.lib(gui_sprite.o)
    0x08002b2a   0x00000012   Code   RO         7213    i.GUI_SelectLCD     STemWin522_CM4_Keil.lib(gui_selectlcd.o)
    0x08002b3c   0x00000004   Code   RO         6995    i.GUI_SetLayerPosEx  STemWin522_CM4_Keil.lib(gui_selectlayer.o)
    0x08002b40   0x00000010   Code   RO         7014    i.GUI_SignalEvent   STemWin522_CM4_Keil.lib(gui_waitevent.o)
    0x08002b50   0x0000015c   Code   RO         6485    i.GUI_TOUCH_Exec    STemWin522_CM4_Keil.lib(gui_touch_driveranalog.o)
    0x08002cac   0x00000024   Code   RO         6509    i.GUI_TOUCH_StoreState  STemWin522_CM4_Keil.lib(gui_touch_storestate.o)
    0x08002cd0   0x00000028   Code   RO         6707    i.GUI_TOUCH_StoreStateEx  STemWin522_CM4_Keil.lib(gui_touch.o)
    0x08002cf8   0x00000030   Code   RO         6712    i.GUI_TOUCH_StoreUnstable  STemWin522_CM4_Keil.lib(gui_touch_storeunstable.o)
    0x08002d28   0x00000002   Code   RO         6115    i.GUI_TOUCH_X_ActivateX  gui_x_touch_analog.o
    0x08002d2a   0x00000002   Code   RO         6116    i.GUI_TOUCH_X_ActivateY  gui_x_touch_analog.o
    0x08002d2c   0x00000010   Code   RO         6117    i.GUI_TOUCH_X_MeasureX  gui_x_touch_analog.o
    0x08002d3c   0x0000000c   Code   RO         6118    i.GUI_TOUCH_X_MeasureY  gui_x_touch_analog.o
    0x08002d48   0x00000024   Code   RO         6790    i.GUI_USAGE_DecUseCnt  STemWin522_CM4_Keil.lib(guidev_usage.o)
    0x08002d6c   0x00000002   Code   RO         6191    i.GUI_X_ExecIdle    gui_x.o
    0x08002d6e   0x00000128   Code   RO         6919    i.GUI__CompactPixelIndices  STemWin522_CM4_Keil.lib(gui__compactpixelindices.o)
    0x08002e96   0x0000003a   Code   RO         6923    i.GUI__IntersectRect  STemWin522_CM4_Keil.lib(gui__intersectrect.o)
    0x08002ed0   0x00000052   Code   RO         6925    i.GUI__IntersectRects  STemWin522_CM4_Keil.lib(gui__intersectrects.o)
    0x08002f22   0x00000002   PAD
    0x08002f24   0x00000010   Code   RO         6441    i.GUI__RegisterExit  STemWin522_CM4_Keil.lib(gui_core.o)
    0x08002f34   0x0000004c   Code   RO         6678    i.GUI__memset       STemWin522_CM4_Keil.lib(gui__memset.o)
    0x08002f80   0x00000058   Code   RO          845    i.HardFault_Handler  stm32f4xx_it.o
    0x08002fd8   0x00000018   Code   RO         3658    i.I2S_Cmd           stm32f4xx_spi.o
    0x08002ff0   0x00000168   Code   RO         3660    i.I2S_Init          stm32f4xx_spi.o
    0x08003158   0x0000005c   Code   RO         2281    i.ILI9488_ClrScr    lcd_ili9488.o
    0x080031b4   0x00000042   Code   RO         2284    i.ILI9488_DrawBMP   lcd_ili9488.o
    0x080031f6   0x000000ae   Code   RO         2285    i.ILI9488_DrawCircle  lcd_ili9488.o
    0x080032a4   0x000000e0   Code   RO         2289    i.ILI9488_DrawLine  lcd_ili9488.o
    0x08003384   0x00000072   Code   RO         2290    i.ILI9488_DrawRect  lcd_ili9488.o
    0x080033f6   0x00000002   PAD
    0x080033f8   0x00000040   Code   RO         2291    i.ILI9488_FillRect  lcd_ili9488.o
    0x08003438   0x00000044   Code   RO         2292    i.ILI9488_GetPixel  lcd_ili9488.o
    0x0800347c   0x00000070   Code   RO         2293    i.ILI9488_InitHard  lcd_ili9488.o
    0x080034ec   0x00000024   Code   RO         2294    i.ILI9488_PutPixel  lcd_ili9488.o
    0x08003510   0x0000001c   Code   RO         2295    i.ILI9488_QuitWinMode  lcd_ili9488.o
    0x0800352c   0x0000004c   Code   RO         2296    i.ILI9488_ReadID    lcd_ili9488.o
    0x08003578   0x00000044   Code   RO         2297    i.ILI9488_SetCursor  lcd_ili9488.o
    0x080035bc   0x00000080   Code   RO         2298    i.ILI9488_SetDirection  lcd_ili9488.o
    0x0800363c   0x00000060   Code   RO         2299    i.ILI9488_SetDispWin  lcd_ili9488.o
    0x0800369c   0x00000008   Code   RO         2300    i.ILI9488_WriteCmd  lcd_ili9488.o
    0x080036a4   0x0000000c   Code   RO         2301    i.ILI9488_WriteParam  lcd_ili9488.o
    0x080036b0   0x000002d8   Code   RO         5600    i.Init_5420_4001    lcd_spfd5420.o
    0x08003988   0x000001e2   Code   RO         5601    i.Init_61509        lcd_spfd5420.o
    0x08003b6a   0x00000002   PAD
    0x08003b6c   0x000001b0   Code   RO         2302    i.Init_9488         lcd_ili9488.o
    0x08003d1c   0x00000010   Code   RO          648    i.IsTripSwitchClosed  motor.o
    0x08003d2c   0x00000030   Code   RO         1409    i.LCD_Blend565      bsp_tft_lcd.o
    0x08003d5c   0x00000034   Code   RO         1412    i.LCD_ClrScr        bsp_tft_lcd.o
    0x08003d90   0x0000001c   Code   RO         6729    i.LCD_Color2Index   STemWin522_CM4_Keil.lib(lcd.o)
    0x08003dac   0x00000178   Code   RO         1413    i.LCD_CtrlLinesConfig  bsp_tft_lcd.o
    0x08003f24   0x00000250   Code   RO         1417    i.LCD_DispStr       bsp_tft_lcd.o
    0x08004174   0x00000058   Code   RO         1419    i.LCD_DrawBMP       bsp_tft_lcd.o
    0x080041cc   0x00000208   Code   RO         6730    i.LCD_DrawBitmap    STemWin522_CM4_Keil.lib(lcd.o)
    0x080043d4   0x000001fe   Code   RO         1421    i.LCD_DrawButton    bsp_tft_lcd.o
    0x080045d2   0x00000002   PAD
    0x080045d4   0x00000050   Code   RO         1423    i.LCD_DrawCircle    bsp_tft_lcd.o
    0x08004624   0x000001cc   Code   RO         1428    i.LCD_DrawIcon32    bsp_tft_lcd.o
    0x080047f0   0x00000058   Code   RO         1434    i.LCD_DrawRect      bsp_tft_lcd.o
    0x08004848   0x00000076   Code   RO         1436    i.LCD_FSMCConfig    bsp_tft_lcd.o
    0x080048be   0x00000002   PAD
    0x080048c0   0x00000058   Code   RO         6734    i.LCD_FillRect      STemWin522_CM4_Keil.lib(lcd.o)
    0x08004918   0x0000006c   Code   RO         1437    i.LCD_Fill_Rect     bsp_tft_lcd.o
    0x08004984   0x0000000c   Code   RO         1442    i.LCD_GetHeight     bsp_tft_lcd.o
    0x08004990   0x00000044   Code   RO         1443    i.LCD_GetPixel      bsp_tft_lcd.o
    0x080049d4   0x0000002c   Code   RO         6592    i.LCD_GetPosEx      STemWin522_CM4_Keil.lib(lcd_set.o)
    0x08004a00   0x0000000c   Code   RO         1445    i.LCD_GetWidth      bsp_tft_lcd.o
    0x08004a0c   0x00000006   Code   RO         6539    i.LCD_GetXSizeEx    STemWin522_CM4_Keil.lib(lcd_getex.o)
    0x08004a12   0x00000006   Code   RO         6544    i.LCD_GetYSizeEx    STemWin522_CM4_Keil.lib(lcd_getex.o)
    0x08004a18   0x00000004   Code   RO         6768    i.LCD_GetpPalConvTableBM  STemWin522_CM4_Keil.lib(lcd_color.o)
    0x08004a1c   0x00000048   Code   RO         6769    i.LCD_GetpPalConvTableUncached  STemWin522_CM4_Keil.lib(lcd_color.o)
    0x08004a64   0x00000074   Code   RO         1446    i.LCD_InitHard      bsp_tft_lcd.o
    0x08004ad8   0x00000044   Code   RO         1447    i.LCD_PutPixel      bsp_tft_lcd.o
    0x08004b1c   0x00000044   Code   RO         7582    i.LCD_SelectLCD     STemWin522_CM4_Keil.lib(lcd_selectlcd.o)
    0x08004b60   0x00000028   Code   RO         1448    i.LCD_SetBackLight  bsp_tft_lcd.o
    0x08004b88   0x00000018   Code   RO         6737    i.LCD_SetBkColorIndex  STemWin522_CM4_Keil.lib(lcd.o)
    0x08004ba0   0x0000001c   Code   RO         6738    i.LCD_SetClipRectMax  STemWin522_CM4_Keil.lib(lcd.o)
    0x08004bbc   0x00000018   Code   RO         6740    i.LCD_SetColorIndex  STemWin522_CM4_Keil.lib(lcd.o)
    0x08004bd4   0x00000028   Code   RO         1449    i.LCD_SetDirection  bsp_tft_lcd.o
    0x08004bfc   0x0000000c   Code   RO         6741    i.LCD_SetDrawMode   STemWin522_CM4_Keil.lib(lcd.o)
    0x08004c08   0x0000002c   Code   RO         6607    i.LCD_SetPosEx      STemWin522_CM4_Keil.lib(lcd_set.o)
    0x08004c34   0x0000002c   Code   RO         1450    i.LCD_SetPwmBackLight  bsp_tft_lcd.o
    0x08004c60   0x00000024   Code   RO         7343    i.LCD_UpdateColorIndices  STemWin522_CM4_Keil.lib(lcd_updatecolorindices.o)
    0x08004c84   0x0000008c   Code   RO          649    i.LeakageCheck      motor.o
    0x08004d10   0x0000016c   Code   RO          650    i.LightModulation   motor.o
    0x08004e7c   0x0000006c   Code   RO          651    i.LightModulation_Config  motor.o
    0x08004ee8   0x000000f0   Code   RO          506    i.LoadParam         param.o
    0x08004fd8   0x000002f8   Code   RO          451    i.MainMenu          main_menu.o
    0x080052d0   0x00000274   Code   RO          539    i.MainTask          measurement.o
    0x08005544   0x00000004   Code   RO          846    i.MemManage_Handler  stm32f4xx_it.o
    0x08005548   0x000000d8   Code   RO          652    i.Motor_Config      motor.o
    0x08005620   0x0000017c   Code   RO          653    i.Motor_Init        motor.o
    0x0800579c   0x0000017c   Code   RO          654    i.Motorun           motor.o
    0x08005918   0x00000002   Code   RO          847    i.NMI_Handler       stm32f4xx_it.o
    0x0800591a   0x0000009e   Code   RO         2527    i.NVIC_Configuration  bsp.o
    0x080059b8   0x00000078   Code   RO         3104    i.NVIC_Init         misc.o
    0x08005a30   0x00000014   Code   RO         3105    i.NVIC_PriorityGroupConfig  misc.o
    0x08005a44   0x00000080   Code   RO          656    i.PerkCheck         motor.o
    0x08005ac4   0x00000178   Code   RO          657    i.PowerCheck        motor.o
    0x08005c3c   0x00000044   Code   RO         5755    i.RA8875_ClrScr     lcd_ra8875.o
    0x08005c80   0x00000070   Code   RO         1944    i.RA8875_ConfigGPIO  bsp_ra8875_port.o
    0x08005cf0   0x00000012   Code   RO         1945    i.RA8875_Delaly1ms  bsp_ra8875_port.o
    0x08005d02   0x0000000e   Code   RO         1946    i.RA8875_Delaly1us  bsp_ra8875_port.o
    0x08005d10   0x00000054   Code   RO         5762    i.RA8875_DrawBMP    lcd_ra8875.o
    0x08005d64   0x0000007c   Code   RO         5763    i.RA8875_DrawCircle  lcd_ra8875.o
    0x08005de0   0x000000a8   Code   RO         5767    i.RA8875_DrawRect   lcd_ra8875.o
    0x08005e88   0x000000b0   Code   RO         5770    i.RA8875_FillRect   lcd_ra8875.o
    0x08005f38   0x0000003c   Code   RO         5771    i.RA8875_GetPixel   lcd_ra8875.o
    0x08005f74   0x00000064   Code   RO         1948    i.RA8875_HighSpeedSPI  bsp_ra8875_port.o
    0x08005fd8   0x000001ec   Code   RO         5772    i.RA8875_InitHard   lcd_ra8875.o
    0x080061c4   0x00000088   Code   RO         1949    i.RA8875_InitSPI    bsp_ra8875_port.o
    0x0800624c   0x00000014   Code   RO         5773    i.RA8875_IsBusy     lcd_ra8875.o
    0x08006260   0x00000064   Code   RO         1950    i.RA8875_LowSpeedSPI  bsp_ra8875_port.o
    0x080062c4   0x000000c8   Code   RO         5776    i.RA8875_PutPixel   lcd_ra8875.o
    0x0800638c   0x0000001c   Code   RO         5778    i.RA8875_QuitWinMode  lcd_ra8875.o
    0x080063a8   0x0000006c   Code   RO         1952    i.RA8875_ReadData   bsp_ra8875_port.o
    0x08006414   0x00000054   Code   RO         1953    i.RA8875_ReadData16  bsp_ra8875_port.o
    0x08006468   0x00000024   Code   RO         5780    i.RA8875_ReadReg    lcd_ra8875.o
    0x0800648c   0x00000020   Code   RO         5781    i.RA8875_ReadReg_Int  lcd_ra8875.o
    0x080064ac   0x00000048   Code   RO         1954    i.RA8875_ReadStatus  bsp_ra8875_port.o
    0x080064f4   0x00000030   Code   RO         5783    i.RA8875_SetBackLight  lcd_ra8875.o
    0x08006524   0x00000058   Code   RO         5784    i.RA8875_SetCursor  lcd_ra8875.o
    0x0800657c   0x0000009c   Code   RO         5785    i.RA8875_SetDirection  lcd_ra8875.o
    0x08006618   0x00000088   Code   RO         5786    i.RA8875_SetDispWin  lcd_ra8875.o
    0x080066a0   0x00000022   Code   RO         5788    i.RA8875_SetFrontColor  lcd_ra8875.o
    0x080066c2   0x00000002   PAD
    0x080066c4   0x0000003c   Code   RO         5789    i.RA8875_SetReadCursor  lcd_ra8875.o
    0x08006700   0x0000001c   Code   RO         5794    i.RA8875_TouchInit  lcd_ra8875.o
    0x0800671c   0x00000084   Code   RO         5795    i.RA8875_TouchReadX  lcd_ra8875.o
    0x080067a0   0x0000000c   Code   RO         5796    i.RA8875_TouchReadY  lcd_ra8875.o
    0x080067ac   0x00000012   Code   RO         5797    i.RA8875_WaitBusy   lcd_ra8875.o
    0x080067be   0x00000002   PAD
    0x080067c0   0x00000074   Code   RO         1955    i.RA8875_WriteCmd   bsp_ra8875_port.o
    0x08006834   0x00000068   Code   RO         1956    i.RA8875_WriteData  bsp_ra8875_port.o
    0x0800689c   0x0000005c   Code   RO         1957    i.RA8875_WriteData16  bsp_ra8875_port.o
    0x080068f8   0x00000024   Code   RO         5798    i.RA8875_WriteReg   lcd_ra8875.o
    0x0800691c   0x00000020   Code   RO         2720    i.RCC_AHB1PeriphClockCmd  stm32f4xx_rcc.o
    0x0800693c   0x00000020   Code   RO         2726    i.RCC_AHB3PeriphClockCmd  stm32f4xx_rcc.o
    0x0800695c   0x00000020   Code   RO         2729    i.RCC_APB1PeriphClockCmd  stm32f4xx_rcc.o
    0x0800697c   0x00000020   Code   RO         2731    i.RCC_APB1PeriphResetCmd  stm32f4xx_rcc.o
    0x0800699c   0x00000020   Code   RO         2732    i.RCC_APB2PeriphClockCmd  stm32f4xx_rcc.o
    0x080069bc   0x00000020   Code   RO         2734    i.RCC_APB2PeriphResetCmd  stm32f4xx_rcc.o
    0x080069dc   0x00000040   Code   RO         2742    i.RCC_GetFlagStatus  stm32f4xx_rcc.o
    0x08006a1c   0x0000000c   Code   RO         2748    i.RCC_I2SCLKConfig  stm32f4xx_rcc.o
    0x08006a28   0x0000000c   Code   RO         2759    i.RCC_PLLI2SCmd     stm32f4xx_rcc.o
    0x08006a34   0x0000000c   Code   RO         3824    i.SDIO_ClearITPendingBit  stm32f4xx_sdio.o
    0x08006a40   0x00000018   Code   RO         3836    i.SDIO_GetITStatus  stm32f4xx_sdio.o
    0x08006a58   0x00000008   Code   RO         1009    i.SDIO_IRQHandler   bsp_sdio_sd.o
    0x08006a60   0x00000020   Code   RO         3839    i.SDIO_ITConfig     stm32f4xx_sdio.o
    0x08006a80   0x00000028   Code   RO         1028    i.SD_ProcessDMAIRQ  bsp_sdio_sd.o
    0x08006aa8   0x000000ac   Code   RO         1029    i.SD_ProcessIRQSrc  bsp_sdio_sd.o
    0x08006b54   0x0000001a   Code   RO         5602    i.SPFD5420_BGR2RGB  lcd_spfd5420.o
    0x08006b6e   0x00000002   PAD
    0x08006b70   0x0000003c   Code   RO         5603    i.SPFD5420_ClrScr   lcd_spfd5420.o
    0x08006bac   0x00000012   Code   RO         5604    i.SPFD5420_Delaly10ms  lcd_spfd5420.o
    0x08006bbe   0x00000042   Code   RO         5607    i.SPFD5420_DrawBMP  lcd_spfd5420.o
    0x08006c00   0x000000ae   Code   RO         5608    i.SPFD5420_DrawCircle  lcd_spfd5420.o
    0x08006cae   0x00000002   PAD
    0x08006cb0   0x0000004c   Code   RO         5610    i.SPFD5420_DrawHLine  lcd_spfd5420.o
    0x08006cfc   0x000000e0   Code   RO         5612    i.SPFD5420_DrawLine  lcd_spfd5420.o
    0x08006ddc   0x00000072   Code   RO         5613    i.SPFD5420_DrawRect  lcd_spfd5420.o
    0x08006e4e   0x00000002   PAD
    0x08006e50   0x00000038   Code   RO         5615    i.SPFD5420_GetPixel  lcd_spfd5420.o
    0x08006e88   0x000000d8   Code   RO         5616    i.SPFD5420_InitHard  lcd_spfd5420.o
    0x08006f60   0x00000024   Code   RO         5617    i.SPFD5420_PutPixel  lcd_spfd5420.o
    0x08006f84   0x0000001c   Code   RO         5618    i.SPFD5420_QuitWinMode  lcd_spfd5420.o
    0x08006fa0   0x0000000a   Code   RO         5619    i.SPFD5420_ReadID   lcd_spfd5420.o
    0x08006faa   0x00000002   PAD
    0x08006fac   0x00000018   Code   RO         5620    i.SPFD5420_ReadReg  lcd_spfd5420.o
    0x08006fc4   0x00000022   Code   RO         5621    i.SPFD5420_SetCursor  lcd_spfd5420.o
    0x08006fe6   0x00000056   Code   RO         5622    i.SPFD5420_SetDispWin  lcd_spfd5420.o
    0x0800703c   0x00000018   Code   RO         5623    i.SPFD5420_WriteReg  lcd_spfd5420.o
    0x08007054   0x000000d4   Code   RO          848    i.SPI2_IRQHandler   stm32f4xx_it.o
    0x08007128   0x00000018   Code   RO         3664    i.SPI_Cmd           stm32f4xx_spi.o
    0x08007140   0x00000014   Code   RO         3669    i.SPI_I2S_ClearITPendingBit  stm32f4xx_spi.o
    0x08007154   0x000000b0   Code   RO         3671    i.SPI_I2S_DeInit    stm32f4xx_spi.o
    0x08007204   0x00000012   Code   RO         3672    i.SPI_I2S_GetFlagStatus  stm32f4xx_spi.o
    0x08007216   0x00000034   Code   RO         3673    i.SPI_I2S_GetITStatus  stm32f4xx_spi.o
    0x0800724a   0x00000020   Code   RO         3674    i.SPI_I2S_ITConfig  stm32f4xx_spi.o
    0x0800726a   0x00000006   Code   RO         3675    i.SPI_I2S_ReceiveData  stm32f4xx_spi.o
    0x08007270   0x00000004   Code   RO         3676    i.SPI_I2S_SendData  stm32f4xx_spi.o
    0x08007274   0x0000003c   Code   RO         3677    i.SPI_Init          stm32f4xx_spi.o
    0x080072b0   0x00000038   Code   RO         1958    i.SPI_ShiftByte     bsp_ra8875_port.o
    0x080072e8   0x00000040   Code   RO         3051    i.SYSCFG_EXTILineConfig  stm32f4xx_syscfg.o
    0x08007328   0x00000014   Code   RO          507    i.SaveParam         param.o
    0x0800733c   0x00000120   Code   RO         5378    i.SetSysClock       system_stm32f4xx.o
    0x0800745c   0x00000034   Code   RO          659    i.Speaker_Config    motor.o
    0x08007490   0x00000008   Code   RO         1263    i.SysTick_Handler   bsp_timer.o
    0x08007498   0x0000009c   Code   RO         1264    i.SysTick_ISR       bsp_timer.o
    0x08007534   0x00000020   Code   RO            3    i.SystemCheck       main.o
    0x08007554   0x00000068   Code   RO         5380    i.SystemInit        system_stm32f4xx.o
    0x080075bc   0x00000064   Code   RO          849    i.TIM1_UP_TIM10_IRQHandler  stm32f4xx_it.o
    0x08007620   0x000001c8   Code   RO          850    i.TIM2_IRQHandler   stm32f4xx_it.o
    0x080077e8   0x000000a0   Code   RO         1265    i.TIM5_IRQHandler   bsp_timer.o
    0x08007888   0x00000018   Code   RO         4402    i.TIM_ARRPreloadConfig  stm32f4xx_tim.o
    0x080078a0   0x00000006   Code   RO         4408    i.TIM_ClearFlag     stm32f4xx_tim.o
    0x080078a6   0x00000006   Code   RO         4409    i.TIM_ClearITPendingBit  stm32f4xx_tim.o
    0x080078ac   0x00000018   Code   RO         4414    i.TIM_Cmd           stm32f4xx_tim.o
    0x080078c4   0x0000001e   Code   RO         4416    i.TIM_CtrlPWMOutputs  stm32f4xx_tim.o
    0x080078e2   0x00000012   Code   RO         4434    i.TIM_GetFlagStatus  stm32f4xx_tim.o
    0x080078f4   0x00000022   Code   RO         4435    i.TIM_GetITStatus   stm32f4xx_tim.o
    0x08007916   0x00000012   Code   RO         4439    i.TIM_ITConfig      stm32f4xx_tim.o
    0x08007928   0x0000007c   Code   RO         4443    i.TIM_OC1Init       stm32f4xx_tim.o
    0x080079a4   0x00000012   Code   RO         4446    i.TIM_OC1PreloadConfig  stm32f4xx_tim.o
    0x080079b6   0x00000002   PAD
    0x080079b8   0x000000a4   Code   RO         4448    i.TIM_OC2Init       stm32f4xx_tim.o
    0x08007a5c   0x0000001a   Code   RO         4451    i.TIM_OC2PreloadConfig  stm32f4xx_tim.o
    0x08007a76   0x00000002   PAD
    0x08007a78   0x000000a0   Code   RO         4453    i.TIM_OC3Init       stm32f4xx_tim.o
    0x08007b18   0x00000012   Code   RO         4456    i.TIM_OC3PreloadConfig  stm32f4xx_tim.o
    0x08007b2a   0x00000002   PAD
    0x08007b2c   0x00000078   Code   RO         4458    i.TIM_OC4Init       stm32f4xx_tim.o
    0x08007ba4   0x0000001a   Code   RO         4460    i.TIM_OC4PreloadConfig  stm32f4xx_tim.o
    0x08007bbe   0x00000002   PAD
    0x08007bc0   0x00000084   Code   RO         4486    i.TIM_TimeBaseInit  stm32f4xx_tim.o
    0x08007c44   0x0000000e   Code   RO         1685    i.TOUCH_Abs         bsp_touch.o
    0x08007c52   0x00000002   PAD
    0x08007c54   0x00000140   Code   RO         1686    i.TOUCH_Calibration  bsp_touch.o
    0x08007d94   0x00000020   Code   RO         1687    i.TOUCH_CelarFIFO   bsp_touch.o
    0x08007db4   0x0000006e   Code   RO         1688    i.TOUCH_DataFilter  bsp_touch.o
    0x08007e22   0x00000002   PAD
    0x08007e24   0x00000124   Code   RO         1689    i.TOUCH_DispPoint   bsp_touch.o
    0x08007f48   0x00000060   Code   RO         1690    i.TOUCH_GetKey      bsp_touch.o
    0x08007fa8   0x00000024   Code   RO         1693    i.TOUCH_InRect      bsp_touch.o
    0x08007fcc   0x00000070   Code   RO         1694    i.TOUCH_InitHard    bsp_touch.o
    0x0800803c   0x000000bc   Code   RO         1695    i.TOUCH_LoadParam   bsp_touch.o
    0x080080f8   0x00000048   Code   RO         1696    i.TOUCH_MoveValid   bsp_touch.o
    0x08008140   0x0000002c   Code   RO         1697    i.TOUCH_PressValid  bsp_touch.o
    0x0800816c   0x0000022c   Code   RO         1698    i.TOUCH_PutKey      bsp_touch.o
    0x08008398   0x0000001c   Code   RO         1699    i.TOUCH_ReadAdcX    bsp_touch.o
    0x080083b4   0x0000001c   Code   RO         1700    i.TOUCH_ReadAdcY    bsp_touch.o
    0x080083d0   0x00000084   Code   RO         1701    i.TOUCH_SaveParam   bsp_touch.o
    0x08008454   0x00000174   Code   RO         1702    i.TOUCH_Scan        bsp_touch.o
    0x080085c8   0x00000060   Code   RO         1703    i.TOUCH_TransX      bsp_touch.o
    0x08008628   0x00000064   Code   RO         1704    i.TOUCH_TransY      bsp_touch.o
    0x0800868c   0x00000034   Code   RO         1705    i.TOUCH_WaitRelease  bsp_touch.o
    0x080086c0   0x00000054   Code   RO         2423    i.TSC2046_CfgSpiHard  bsp_tsc2046.o
    0x08008714   0x00000068   Code   RO         2424    i.TSC2046_InitHard  bsp_tsc2046.o
    0x0800877c   0x00000018   Code   RO         2425    i.TSC2046_PenInt    bsp_tsc2046.o
    0x08008794   0x00000038   Code   RO         2426    i.TSC2046_ReadAdc   bsp_tsc2046.o
    0x080087cc   0x00000030   Code   RO         2427    i.TSC2046_SetCS     bsp_tsc2046.o
    0x080087fc   0x00000704   Code   RO          661    i.Test              motor.o
    0x08008f00   0x0000001a   Code   RO         3253    i.USART_GetFlagStatus  stm32f4xx_usart.o
    0x08008f1a   0x00000008   Code   RO         3267    i.USART_SendData    stm32f4xx_usart.o
    0x08008f22   0x00000004   Code   RO          851    i.UsageFault_Handler  stm32f4xx_it.o
    0x08008f26   0x00000002   PAD
    0x08008f28   0x000001dc   Code   RO          662    i.Valve             motor.o
    0x08009104   0x00000120   Code   RO          663    i.Valve_GPIO_Config  motor.o
    0x08009224   0x00000010   Code   RO         6804    i.WM_Activate       STemWin522_CM4_Keil.lib(wm.o)
    0x08009234   0x00000014   Code   RO         6807    i.WM_Deactivate     STemWin522_CM4_Keil.lib(wm.o)
    0x08009248   0x00000046   Code   RO         6808    i.WM_DefaultProc    STemWin522_CM4_Keil.lib(wm.o)
    0x0800928e   0x00000002   PAD
    0x08009290   0x00000014   Code   RO         7588    i.WM_GetDesktopWindowEx  STemWin522_CM4_Keil.lib(wm_getdesktopwindowex.o)
    0x080092a4   0x0000000e   Code   RO         7108    i.WM_GetFirstChild  STemWin522_CM4_Keil.lib(wm_getfirstchild.o)
    0x080092b2   0x0000000e   Code   RO         7425    i.WM_GetParent      STemWin522_CM4_Keil.lib(wm_getparent.o)
    0x080092c0   0x00000364   Code   RO         7128    i.WM_HandlePID      STemWin522_CM4_Keil.lib(wm_touch.o)
    0x08009624   0x00000076   Code   RO         6813    i.WM_InvalidateRect  STemWin522_CM4_Keil.lib(wm.o)
    0x0800969a   0x00000006   Code   RO         6814    i.WM_InvalidateWindow  STemWin522_CM4_Keil.lib(wm.o)
    0x080096a0   0x0000005e   Code   RO         6815    i.WM_InvalidateWindowAndDescsEx  STemWin522_CM4_Keil.lib(wm.o)
    0x080096fe   0x00000004   Code   RO         7431    i.WM_IsWindow       STemWin522_CM4_Keil.lib(wm_iswindow.o)
    0x08009702   0x00000002   PAD
    0x08009704   0x0000001c   Code   RO         7436    i.WM_PID__SetPrevState  STemWin522_CM4_Keil.lib(wm_pid__getprevstate.o)
    0x08009720   0x00000004   Code   RO         7450    i.WM_ReleaseCapture  STemWin522_CM4_Keil.lib(wm_setcapture.o)
    0x08009724   0x0000000a   Code   RO         7440    i.WM_Screen2hWin    STemWin522_CM4_Keil.lib(wm_screen2win.o)
    0x0800972e   0x0000001e   Code   RO         7114    i.WM_SendToParent   STemWin522_CM4_Keil.lib(wm_sendtoparent.o)
    0x0800974c   0x00000010   Code   RO         7098    i.WM__AddCriticalHandle  STemWin522_CM4_Keil.lib(wm_criticalhandle.o)
    0x0800975c   0x00000010   Code   RO         6820    i.WM__Client2Screen  STemWin522_CM4_Keil.lib(wm.o)
    0x0800976c   0x0000004e   Code   RO         6821    i.WM__ClipAtParentBorders  STemWin522_CM4_Keil.lib(wm.o)
    0x080097ba   0x00000020   Code   RO         7104    i.WM__GetClientRectEx  STemWin522_CM4_Keil.lib(wm_getclientrect.o)
    0x080097da   0x00000018   Code   RO         6824    i.WM__GetClientRectWin  STemWin522_CM4_Keil.lib(wm.o)
    0x080097f2   0x00000006   Code   RO         6829    i.WM__Invalidate1Abs  STemWin522_CM4_Keil.lib(wm.o)
    0x080097f8   0x00000046   Code   RO         6830    i.WM__InvalidateDrawAndDescs  STemWin522_CM4_Keil.lib(wm.o)
    0x0800983e   0x00000076   Code   RO         6832    i.WM__InvalidateRect  STemWin522_CM4_Keil.lib(wm.o)
    0x080098b4   0x00000006   Code   RO         6833    i.WM__InvalidateRectEx  STemWin522_CM4_Keil.lib(wm.o)
    0x080098ba   0x00000002   PAD
    0x080098bc   0x00000022   Code   RO         7415    i.WM__IsAncestor    STemWin522_CM4_Keil.lib(wm__isancestor.o)
    0x080098de   0x00000016   Code   RO         7419    i.WM__IsEnabled     STemWin522_CM4_Keil.lib(wm__isenabled.o)
    0x080098f4   0x00000048   Code   RO         7129    i.WM__IsInModalArea  STemWin522_CM4_Keil.lib(wm_touch.o)
    0x0800993c   0x00000030   Code   RO         7442    i.WM__IsInWindow    STemWin522_CM4_Keil.lib(wm_screen2win.o)
    0x0800996c   0x00000024   Code   RO         6834    i.WM__IsWindow      STemWin522_CM4_Keil.lib(wm.o)
    0x08009990   0x00000020   Code   RO         6838    i.WM__RectIsNZ      STemWin522_CM4_Keil.lib(wm.o)
    0x080099b0   0x0000002c   Code   RO         7452    i.WM__ReleaseCapture  STemWin522_CM4_Keil.lib(wm_setcapture.o)
    0x080099dc   0x0000002c   Code   RO         7099    i.WM__RemoveCriticalHandle  STemWin522_CM4_Keil.lib(wm_criticalhandle.o)
    0x08009a08   0x0000003c   Code   RO         7093    i.WM__SendMessage   STemWin522_CM4_Keil.lib(wm__sendmessage.o)
    0x08009a44   0x0000001c   Code   RO         7421    i.WM__SendMessageIfEnabled  STemWin522_CM4_Keil.lib(wm__sendmessageifenabled.o)
    0x08009a60   0x0000003e   Code   RO         7130    i.WM__SendPIDMessage  STemWin522_CM4_Keil.lib(wm_touch.o)
    0x08009a9e   0x00000036   Code   RO         7131    i.WM__SendTouchMessage  STemWin522_CM4_Keil.lib(wm_touch.o)
    0x08009ad4   0x00000078   Code   RO         6376    i._AddFreeMemory    STemWin522_CM4_Keil.lib(gui_alloc.o)
    0x08009b4c   0x000000bc   Code   RO         6377    i._Alloc            STemWin522_CM4_Keil.lib(gui_alloc.o)
    0x08009c08   0x00000098   Code   RO         7486    i._CreateBuffer     STemWin522_CM4_Keil.lib(gui_sprite.o)
    0x08009ca0   0x00000014   Code   RO         6971    i._DecPointer       STemWin522_CM4_Keil.lib(gui_pid.o)
    0x08009cb4   0x00000020   Code   RO         6844    i._DesktopHandle2Index  STemWin522_CM4_Keil.lib(wm.o)
    0x08009cd4   0x00000094   Code   RO         6378    i._EnlargeBlocks    STemWin522_CM4_Keil.lib(gui_alloc.o)
    0x08009d68   0x00000074   Code   RO         7492    i._FlushBuffer      STemWin522_CM4_Keil.lib(gui_sprite.o)
    0x08009ddc   0x0000006c   Code   RO         7493    i._GetBkPixel       STemWin522_CM4_Keil.lib(gui_sprite.o)
    0x08009e48   0x0000001e   Code   RO         6550    i._GetDevProp       STemWin522_CM4_Keil.lib(lcd_getex.o)
    0x08009e66   0x00000002   PAD
    0x08009e68   0x0000001c   Code   RO         6379    i._GetMinIndex      STemWin522_CM4_Keil.lib(gui_alloc.o)
    0x08009e84   0x00000014   Code   RO         6972    i._IncPointer       STemWin522_CM4_Keil.lib(gui_pid.o)
    0x08009e98   0x000000a4   Code   RO         6380    i._InitOnce         STemWin522_CM4_Keil.lib(gui_alloc.o)
    0x08009f3c   0x00000080   Code   RO         6851    i._Invalidate1Abs   STemWin522_CM4_Keil.lib(wm.o)
    0x08009fbc   0x00000034   Code   RO         6381    i._OnExit           STemWin522_CM4_Keil.lib(gui_alloc.o)
    0x08009ff0   0x00000040   Code   RO         6382    i._PopFreeBlock     STemWin522_CM4_Keil.lib(gui_alloc.o)
    0x0800a030   0x00000024   Code   RO         6383    i._PushFreeBlock    STemWin522_CM4_Keil.lib(gui_alloc.o)
    0x0800a054   0x0000001c   Code   RO         7503    i._ReleaseBuffer    STemWin522_CM4_Keil.lib(gui_sprite.o)
    0x0800a070   0x00000034   Code   RO         6384    i._RemoveFreeBlock  STemWin522_CM4_Keil.lib(gui_alloc.o)
    0x0800a0a4   0x000000a0   Code   RO         6385    i._RemoveHoles      STemWin522_CM4_Keil.lib(gui_alloc.o)
    0x0800a144   0x0000005a   Code   RO         7443    i._Screen2hWin      STemWin522_CM4_Keil.lib(wm_screen2win.o)
    0x0800a19e   0x00000002   PAD
    0x0800a1a0   0x00000024   Code   RO         7444    i._Screen2hWinStop  STemWin522_CM4_Keil.lib(wm_screen2win.o)
    0x0800a1c4   0x00000020   Code   RO         6743    i._SetBkColor       STemWin522_CM4_Keil.lib(lcd.o)
    0x0800a1e4   0x00000020   Code   RO         6744    i._SetColor         STemWin522_CM4_Keil.lib(lcd.o)
    0x0800a204   0x0000002c   Code   RO         6745    i._SetDrawMode      STemWin522_CM4_Keil.lib(lcd.o)
    0x0800a230   0x00000034   Code   RO         6493    i._SetMinMax        STemWin522_CM4_Keil.lib(gui_touch_driveranalog.o)
    0x0800a264   0x000002ac   Code   RO         7508    i._SetPosition      STemWin522_CM4_Keil.lib(gui_sprite.o)
    0x0800a510   0x0000004a   Code   RO         7509    i._SetSpriteBkPixel  STemWin522_CM4_Keil.lib(gui_sprite.o)
    0x0800a55a   0x00000002   PAD
    0x0800a55c   0x00000058   Code   RO         6973    i._StoreState       STemWin522_CM4_Keil.lib(gui_pid.o)
    0x0800a5b4   0x00000030   Code   RO         6494    i._StoreUnstable    STemWin522_CM4_Keil.lib(gui_touch_driveranalog.o)
    0x0800a5e4   0x000000ea   Code   RO         6386    i._TestRAM          STemWin522_CM4_Keil.lib(gui_alloc.o)
    0x0800a6ce   0x00000002   PAD
    0x0800a6d0   0x00000030   Code   RO         6472    i._UnlinkDevice     STemWin522_CM4_Keil.lib(gui_device.o)
    0x0800a700   0x0000000e   Code   RO         6387    i._WriteTagData     STemWin522_CM4_Keil.lib(gui_alloc.o)
    0x0800a70e   0x00000002   PAD
    0x0800a710   0x00000020   Code   RO         7855    i.__0printf$8       mc_w.l(printf8.o)
    0x0800a730   0x0000007a   Code   RO         7617    i.__hardfp_sqrt     m_wm.l(sqrt.o)
    0x0800a7aa   0x0000000e   Code   RO         7978    i.__scatterload_copy  mc_w.l(handlers.o)
    0x0800a7b8   0x00000002   Code   RO         7979    i.__scatterload_null  mc_w.l(handlers.o)
    0x0800a7ba   0x0000000e   Code   RO         7980    i.__scatterload_zeroinit  mc_w.l(handlers.o)
    0x0800a7c8   0x00000006   Code   RO         1266    i.__set_PRIMASK     bsp_timer.o
    0x0800a7ce   0x00000006   Code   RO         1706    i.__set_PRIMASK     bsp_touch.o
    0x0800a7d4   0x0000000c   Code   RO         7960    i.__set_errno       mc_w.l(errno.o)
    0x0800a7e0   0x00000410   Code   RO         7862    i._printf_core      mc_w.l(printf8.o)
    0x0800abf0   0x00000024   Code   RO         7863    i._printf_post_padding  mc_w.l(printf8.o)
    0x0800ac14   0x0000002e   Code   RO         7864    i._printf_pre_padding  mc_w.l(printf8.o)
    0x0800ac42   0x00000002   PAD
    0x0800ac44   0x0000005c   Code   RO         1833    i.bsp_CfgSPIForW25  bsp_ra8875_flash.o
    0x0800aca0   0x00000036   Code   RO         2465    i.bsp_ConfigGpioOut  bsp_tim_pwm.o
    0x0800acd6   0x00000002   PAD
    0x0800acd8   0x000000ac   Code   RO         2466    i.bsp_ConfigTimGpio  bsp_tim_pwm.o
    0x0800ad84   0x00000044   Code   RO         1268    i.bsp_DelayMS       bsp_timer.o
    0x0800adc8   0x000000bc   Code   RO         2467    i.bsp_GetAFofTIM    bsp_tim_pwm.o
    0x0800ae84   0x00000092   Code   RO         2468    i.bsp_GetPinSource  bsp_tim_pwm.o
    0x0800af16   0x00000002   PAD
    0x0800af18   0x00000084   Code   RO         2469    i.bsp_GetRCCofGPIO  bsp_tim_pwm.o
    0x0800af9c   0x000000cc   Code   RO         2470    i.bsp_GetRCCofTIM   bsp_tim_pwm.o
    0x0800b068   0x00000008   Code   RO         2528    i.bsp_Idle          bsp.o
    0x0800b070   0x00000058   Code   RO         2529    i.bsp_Init          bsp.o
    0x0800b0c8   0x00000278   Code   RO          947    i.bsp_InitExtSRAM   bsp_fsmc_sram.o
    0x0800b340   0x00000068   Code   RO         1271    i.bsp_InitHardTimer  bsp_timer.o
    0x0800b3a8   0x00000038   Code   RO         2577    i.bsp_InitI2C       bsp_i2c_gpio.o
    0x0800b3e0   0x00000294   Code   RO         2121    i.bsp_InitNorFlash  bsp_nor_flash.o
    0x0800b674   0x00000018   Code   RO         1834    i.bsp_InitRA8875Flash  bsp_ra8875_flash.o
    0x0800b68c   0x00000058   Code   RO         2204    i.bsp_InitSPIBus    bsp_spi_bus.o
    0x0800b6e4   0x0000009c   Code   RO         1272    i.bsp_InitTimer     bsp_timer.o
    0x0800b780   0x00000024   Code   RO         2530    i.bsp_RunPer10ms    bsp.o
    0x0800b7a4   0x0000000c   Code   RO         2531    i.bsp_RunPer1ms     bsp.o
    0x0800b7b0   0x00000002   Code   RO         2532    i.bsp_RunPer1s      bsp.o
    0x0800b7b2   0x00000002   PAD
    0x0800b7b4   0x00000014   Code   RO         2205    i.bsp_SPI_Init      bsp_spi_bus.o
    0x0800b7c8   0x000001a4   Code   RO         2471    i.bsp_SetTIMOutPWM  bsp_tim_pwm.o
    0x0800b96c   0x0000001c   Code   RO         1273    i.bsp_SoftTimerDec  bsp_timer.o
    0x0800b988   0x0000000c   Code   RO         2206    i.bsp_SpiBusBusy    bsp_spi_bus.o
    0x0800b994   0x0000000c   Code   RO         2207    i.bsp_SpiBusEnter   bsp_spi_bus.o
    0x0800b9a0   0x0000000c   Code   RO         2208    i.bsp_SpiBusExit    bsp_spi_bus.o
    0x0800b9ac   0x00000038   Code   RO         2210    i.bsp_spiRead0      bsp_spi_bus.o
    0x0800b9e4   0x00000038   Code   RO         2211    i.bsp_spiRead1      bsp_spi_bus.o
    0x0800ba1c   0x00000034   Code   RO         2212    i.bsp_spiWrite0     bsp_spi_bus.o
    0x0800ba50   0x00000034   Code   RO         2213    i.bsp_spiWrite1     bsp_spi_bus.o
    0x0800ba84   0x0000007e   Code   RO         1378    i.ee_ReadBytes      bsp_eeprom_24xx.o
    0x0800bb02   0x0000008e   Code   RO         1379    i.ee_WriteBytes     bsp_eeprom_24xx.o
    0x0800bb90   0x00000024   Code   RO          974    i.fputc             bsp_printf.o
    0x0800bbb4   0x00000030   Code   RO         2578    i.i2c_Ack           bsp_i2c_gpio.o
    0x0800bbe4   0x00000038   Code   RO         2579    i.i2c_CheckDevice   bsp_i2c_gpio.o
    0x0800bc1c   0x0000000e   Code   RO         2580    i.i2c_Delay         bsp_i2c_gpio.o
    0x0800bc2a   0x00000002   PAD
    0x0800bc2c   0x00000028   Code   RO         2581    i.i2c_NAck          bsp_i2c_gpio.o
    0x0800bc54   0x00000044   Code   RO         2582    i.i2c_ReadByte      bsp_i2c_gpio.o
    0x0800bc98   0x00000050   Code   RO         2583    i.i2c_SendByte      bsp_i2c_gpio.o
    0x0800bce8   0x00000030   Code   RO         2584    i.i2c_Start         bsp_i2c_gpio.o
    0x0800bd18   0x00000024   Code   RO         2585    i.i2c_Stop          bsp_i2c_gpio.o
    0x0800bd3c   0x0000003c   Code   RO         2586    i.i2c_WaitAck       bsp_i2c_gpio.o
    0x0800bd78   0x0000008c   Code   RO            4    i.main              main.o
    0x0800be04   0x0000005c   Code   RO          664    i.onesided          motor.o
    0x0800be60   0x000000f0   Code   RO          665    i.powerMag          motor.o
    0x0800bf50   0x00000068   Code   RO         1835    i.w25_ConfigGPIO    bsp_ra8875_flash.o
    0x0800bfb8   0x0000000c   Code   RO         1836    i.w25_CtrlByMCU     bsp_ra8875_flash.o
    0x0800bfc4   0x0000000c   Code   RO         1837    i.w25_CtrlByRA8875  bsp_ra8875_flash.o
    0x0800bfd0   0x00000038   Code   RO         1841    i.w25_ReadID        bsp_ra8875_flash.o
    0x0800c008   0x00000080   Code   RO         1842    i.w25_ReadInfo      bsp_ra8875_flash.o
    0x0800c088   0x00000030   Code   RO         1844    i.w25_SetCS         bsp_ra8875_flash.o
    0x0800c0b8   0x00000070   Code   RO          667    i.weedavg           motor.o
    0x0800c128   0x00000078   Data   RO          452    .constdata          main_menu.o
    0x0800c1a0   0x00000320   Data   RO          669    .constdata          motor.o
    0x0800c4c0   0x000004d4   Data   RO          852    .constdata          stm32f4xx_it.o
    0x0800c994   0x000005f4   Data   RO         6055    .constdata          asc12.o
    0x0800cf88   0x00001000   Data   RO         6062    .constdata          asc16.o
    0x0800df88   0x00000494   Data   RO         6069    .constdata          hz12.o
    0x0800e41c   0x000005fc   Data   RO         6076    .constdata          hz16.o
    0x0800ea18   0x0000012a   Data   RO         6083    .constdata          hz24.o
    0x0800eb42   0x0000048a   Data   RO         6090    .constdata          hz48.o
    0x0800efcc   0x0000120a   Data   RO         6097    .constdata          hz96.o
    0x080101d6   0x00010037   Data   RO         6294    .constdata          maintaining.o
    0x0802020d   0x00010037   Data   RO         6301    .constdata          measureture.o
    0x08030244   0x00010037   Data   RO         6308    .constdata          preferences.o
    0x0804027b   0x00010037   Data   RO         6315    .constdata          print.o
    0x080502b2   0x00010037   Data   RO         6322    .constdata          qc.o
    0x080602e9   0x00010037   Data   RO         6329    .constdata          record.o
    0x08070320   0x0000000c   Data   RO         6747    .constdata          STemWin522_CM4_Keil.lib(lcd.o)
    0x0807032c   0x00000518   Data   RO         6783    .constdata          STemWin522_CM4_Keil.lib(f6x8.o)
    0x08070844   0x000001c0   Data   RO         6784    .constdata          STemWin522_CM4_Keil.lib(f6x8.o)
    0x08070a04   0x00000008   Data   RO         6785    .constdata          STemWin522_CM4_Keil.lib(f6x8.o)
    0x08070a0c   0x00000014   Data   RO         6786    .constdata          STemWin522_CM4_Keil.lib(f6x8.o)
    0x08070a20   0x00000024   Data   RO         6787    .constdata          STemWin522_CM4_Keil.lib(f6x8.o)
    0x08070a44   0x00000020   Data   RO         7976    Region$$Table       anon$$obj.o


    Execution Region RW_IRAM1 (Base: 0x20000000, Size: 0x00009bb8, Max: 0x00030000, ABSOLUTE, COMPRESSED[0x00000d14])

    Base Addr    Size         Type   Attr      Idx    E Section Name        Object

    0x20000000   0x0000001a   Data   RW            5    .data               main.o
    0x2000001a   0x00000002   PAD
    0x2000001c   0x000000cc   Data   RW          453    .data               main_menu.o
    0x200000e8   0x0000104e   Data   RW          670    .data               motor.o
    0x20001136   0x00000002   PAD
    0x20001138   0x00000006   Data   RW          853    .data               stm32f4xx_it.o
    0x2000113e   0x00000002   PAD
    0x20001140   0x00000018   Data   RW         1042    .data               bsp_sdio_sd.o
    0x20001158   0x00000020   Data   RW         1280    .data               bsp_timer.o
    0x20001178   0x0000000e   Data   RW         1451    .data               bsp_tft_lcd.o
    0x20001186   0x00000008   Data   RW         1708    .data               bsp_touch.o
    0x2000118e   0x00000002   Data   RW         1959    .data               bsp_ra8875_port.o
    0x20001190   0x00000070   Data   RW         2060    .data               bsp_gt811.o
    0x20001200   0x00000001   Data   RW         2214    .data               bsp_spi_bus.o
    0x20001201   0x00000001   Data   RW         2303    .data               lcd_ili9488.o
    0x20001202   0x00000002   PAD
    0x20001204   0x00000004   Data   RW         5382    .data               system_stm32f4xx.o
    0x20001208   0x00000001   Data   RW         5443    .data               guidrv_template.o
    0x20001209   0x00000001   Data   RW         5624    .data               lcd_spfd5420.o
    0x2000120a   0x0000000f   Data   RW         5799    .data               lcd_ra8875.o
    0x20001219   0x00000003   PAD
    0x2000121c   0x00000008   Data   RW         6389    .data               STemWin522_CM4_Keil.lib(gui_alloc.o)
    0x20001224   0x0000002c   Data   RW         6446    .data               STemWin522_CM4_Keil.lib(gui_core.o)
    0x20001250   0x00000004   Data   RW         6448    .data               STemWin522_CM4_Keil.lib(gui_core.o)
    0x20001254   0x00000004   Data   RW         6450    .data               STemWin522_CM4_Keil.lib(gui_core.o)
    0x20001258   0x00000002   Data   RW         6451    .data               STemWin522_CM4_Keil.lib(gui_core.o)
    0x2000125a   0x00000002   Data   RW         6452    .data               STemWin522_CM4_Keil.lib(gui_core.o)
    0x2000125c   0x00000030   Data   RW         6496    .data               STemWin522_CM4_Keil.lib(gui_touch_driveranalog.o)
    0x2000128c   0x00000008   Data   RW         6713    .data               STemWin522_CM4_Keil.lib(gui_touch_storeunstable.o)
    0x20001294   0x00000004   Data   RW         6748    .data               STemWin522_CM4_Keil.lib(lcd.o)
    0x20001298   0x00000010   Data   RW         6774    .data               STemWin522_CM4_Keil.lib(lcd_color.o)
    0x200012a8   0x00000058   Data   RW         6860    .data               STemWin522_CM4_Keil.lib(wm.o)
    0x20001300   0x00000001   Data   RW         6861    .data               STemWin522_CM4_Keil.lib(wm.o)
    0x20001301   0x00000003   PAD
    0x20001304   0x00000008   Data   RW         6975    .data               STemWin522_CM4_Keil.lib(gui_pid.o)
    0x2000130c   0x00000008   Data   RW         6998    .data               STemWin522_CM4_Keil.lib(gui_selectlayer.o)
    0x20001314   0x0000000c   Data   RW         7017    .data               STemWin522_CM4_Keil.lib(gui_waitevent.o)
    0x20001320   0x00000004   Data   RW         7094    .data               STemWin522_CM4_Keil.lib(wm__sendmessage.o)
    0x20001324   0x00000008   Data   RW         7136    .data               STemWin522_CM4_Keil.lib(wm_touch.o)
    0x2000132c   0x00000004   Data   RW         7947    .data               mc_w.l(stdout.o)
    0x20001330   0x00000004   Data   RW         7961    .data               mc_w.l(errno.o)
    0x20001334   0x0000004c   Zero   RW          508    .bss                param.o
    0x20001380   0x00008130   Zero   RW          668    .bss                motor.o
    0x200094b0   0x00000030   Zero   RW         1278    .bss                bsp_timer.o
    0x200094e0   0x0000006c   Zero   RW         1707    .bss                bsp_touch.o
    0x2000954c   0x0000000c   Zero   RW         1849    .bss                bsp_ra8875_flash.o
    0x20009558   0x00000022   Zero   RW         2059    .bss                bsp_gt811.o
    0x2000957a   0x00000002   PAD
    0x2000957c   0x000000c8   Zero   RW         6388    .bss                STemWin522_CM4_Keil.lib(gui_alloc.o)
    0x20009644   0x00000078   Zero   RW         6444    .bss                STemWin522_CM4_Keil.lib(gui_core.o)
    0x200096bc   0x00000010   Zero   RW         6495    .bss                STemWin522_CM4_Keil.lib(gui_touch_driveranalog.o)
    0x200096cc   0x0000000c   Zero   RW         6510    .bss                STemWin522_CM4_Keil.lib(gui_touch_storestate.o)
    0x200096d8   0x0000000c   Zero   RW         6708    .bss                STemWin522_CM4_Keil.lib(gui_touch.o)
    0x200096e4   0x00000048   Zero   RW         6974    .bss                STemWin522_CM4_Keil.lib(gui_pid.o)
    0x2000972c   0x00000048   Zero   RW         7135    .bss                STemWin522_CM4_Keil.lib(wm_touch.o)
    0x20009774   0x00000028   Zero   RW         7183    .bss                STemWin522_CM4_Keil.lib(gui_curs1.o)
    0x2000979c   0x00000018   Zero   RW         7437    .bss                STemWin522_CM4_Keil.lib(wm_pid__getprevstate.o)
    0x200097b4   0x00000004   PAD
    0x200097b8   0x00000400   Zero   RW         2711    STACK               startup_stm32f427x.o


==============================================================================

Image component sizes


      Code (inc. data)   RO Data    RW Data    ZI Data      Debug   Object Name

         0          0       1524          0          0        408   asc12.o
         0          0       4096          0          0        408   asc16.o
       304          8          0          0          0       3151   bsp.o
       268          0          0          0          0       2127   bsp_eeprom_24xx.o
       632         16          0          0          0        934   bsp_fsmc_sram.o
       808         84          0        112         34       5228   bsp_gt811.o
       506         42          0          0          0       5724   bsp_i2c_gpio.o
       660         16          0          0          0        959   bsp_nor_flash.o
        36          4          0          0          0        604   bsp_printf.o
       476         44          0          0         12       5290   bsp_ra8875_flash.o
      1112        124          0          2          0       8236   bsp_ra8875_port.o
       228         18          0         24          0      11988   bsp_sdio_sd.o
       360         42          0          1          0       5199   bsp_spi_bus.o
      2920        146          0         14          0      17721   bsp_tft_lcd.o
      1316        182          0          0          0       5952   bsp_tim_pwm.o
       686         82          0         32         48      33588   bsp_timer.o
      2708        150          0          8        108      16237   bsp_touch.o
       316         24          0          0          0       2954   bsp_tsc2046.o
      1502       1008          0          0          0        320   cr4_fft_256_stm32.o
         2          0          0          0          0        457   gui_x.o
        32         10          0          0          0       2066   gui_x_touch_analog.o
         0          0          0          1          0      47621   guidrv_template.o
         0          0       1172          0          0        397   hz12.o
         0          0       1532          0          0        397   hz16.o
         0          0        298          0          0        397   hz24.o
         0          0       1162          0          0        397   hz48.o
         0          0       4618          0          0        397   hz96.o
      1798         80          0          1          0      12490   lcd_ili9488.o
      2410        182          0         15          0      18541   lcd_ra8875.o
      2482         68          0          1          0      13874   lcd_spfd5420.o
       172         18          0         26          0     339650   main.o
      1624        204        120        204          0       4585   main_menu.o
         0          0      65591          0          0        428   maintaining.o
       628         24          0          0          0       4233   measurement.o
         0          0      65591          0          0        428   measureture.o
       140         24          0          0          0       1731   misc.o
      7300        656        800       4174      33072      20032   motor.o
       260         10          0          0         76       2279   param.o
         0          0      65591          0          0        428   preferences.o
         0          0      65591          0          0        402   print.o
         0          0      65591          0          0        391   qc.o
         0          0      65591          0          0        407   record.o
        36          8        428          0       1024        928   startup_stm32f427x.o
       428         24          0          0          0       7218   stm32f4xx_adc.o
        52         14          0          0          0       1932   stm32f4xx_dma.o
       184         16          0          0          0       2332   stm32f4xx_exti.o
       348          6          0          0          0       2255   stm32f4xx_fmc.o
       250          0          0          0          0       4503   stm32f4xx_gpio.o
       980        156       1236          6          0       6375   stm32f4xx_it.o
       280         52          0          0          0       5749   stm32f4xx_rcc.o
        68         16          0          0          0       1852   stm32f4xx_sdio.o
       776         34          0          0          0       8317   stm32f4xx_spi.o
        64          4          0          0          0        704   stm32f4xx_syscfg.o
       948         66          0          0          0      12294   stm32f4xx_tim.o
        34          0          0          0          0       2031   stm32f4xx_usart.o
       392         32          0          4          0       1941   system_stm32f4xx.o

    ----------------------------------------------------------------------
     36584       3694     410564       4636      34376     657487   Object Totals
         0          0         32          0          0          0   (incl. Generated)
        58          0          0         11          2          0   (incl. Padding)

    ----------------------------------------------------------------------

      Code (inc. data)   RO Data    RW Data    ZI Data      Debug   Library Member Name

         0          0       1816          0          0          0   f6x8.o
       296          0          0          0          0        124   gui__compactpixelindices.o
        58          0          0          0          0        116   gui__intersectrect.o
        82          0          0          0          0        128   gui__intersectrects.o
        76          0          0          0          0        124   gui__memset.o
      1514         86          0          8        200       2384   gui_alloc.o
       394         12          0          0          0        492   gui_charm.o
        16          6          0         56        120        116   gui_core.o
       112          6          0          0         40        140   gui_curs1.o
       220         14          0          0          0        592   gui_device.o
       160          0          0          0          0        248   gui_getbitmappixelindex.o
        88          0          0          0          0        124   gui_mergerect.o
        30          0          0          0          0        116   gui_moverect.o
       256         36          0          8         72        732   gui_pid.o
        46          4          0          8          0        360   gui_selectlayer.o
        18          0          0          0          0        128   gui_selectlcd.o
      1172          4          0          0          0        936   gui_sprite.o
        40          4          0          0         12        132   gui_touch.o
       448         26          0         48         16        380   gui_touch_driveranalog.o
        36          6          0          0         12        116   gui_touch_storestate.o
        48          6          0          8          0        136   gui_touch_storeunstable.o
        16          4          0         12          0        116   gui_waitevent.o
       148         12          0          0          0        260   guidev.o
        36          0          0          0          0        128   guidev_usage.o
       832         62         12          4          0       1244   lcd.o
        76          4          0         16          0        248   lcd_color.o
        42          0          0          0          0        360   lcd_getex.o
        68         10          0          0          0        128   lcd_selectlcd.o
        88          0          0          0          0        264   lcd_set.o
        36          4          0          0          0        128   lcd_updatecolorindices.o
       870         26          0         89          0       2092   wm.o
        34          0          0          0          0        128   wm__isancestor.o
        22          0          0          0          0        124   wm__isenabled.o
        60          6          0          4          0        136   wm__sendmessage.o
        28          0          0          0          0        140   wm__sendmessageifenabled.o
        60         12          0          0          0        232   wm_criticalhandle.o
        32          0          0          0          0        128   wm_getclientrect.o
        20          4          0          0          0        116   wm_getdesktopwindowex.o
        14          0          0          0          0        124   wm_getfirstchild.o
        14          0          0          0          0        124   wm_getparent.o
         4          0          0          0          0        116   wm_iswindow.o
        28          4          0          0         24        116   wm_pid__getprevstate.o
       184          6          0          0          0        504   wm_screen2win.o
        30          0          0          0          0        140   wm_sendtoparent.o
        48          8          0          0          0        244   wm_setcapture.o
      1056         38          0          8         72        532   wm_touch.o
       122          0          0          0          0        148   sqrt.o
        94          0          0          0          0          0   __dclz77c.o
         0          0          0          0          0          0   entry.o
         0          0          0          0          0          0   entry10a.o
         0          0          0          0          0          0   entry11a.o
         8          4          0          0          0          0   entry2.o
         4          0          0          0          0          0   entry5.o
         0          0          0          0          0          0   entry7b.o
         0          0          0          0          0          0   entry8b.o
         8          4          0          0          0          0   entry9a.o
        12          6          0          4          0         68   errno.o
        30          0          0          0          0          0   handlers.o
        36          8          0          0          0         68   init.o
         0          0          0          0          0          0   iusefp.o
        30          0          0          0          0         68   llshl.o
        36          0          0          0          0         68   llsshr.o
        32          0          0          0          0         68   llushr.o
        26          0          0          0          0         80   memcmp.o
        64          0          0          0          0         76   memmovea.o
        36          0          0          0          0        108   memseta.o
      1154         54          0          0          0        352   printf8.o
         0          0          0          4          0          0   stdout.o
        18          0          0          0          0         68   strcpy.o
        14          0          0          0          0         68   strlen.o
        98          0          0          0          0         92   uldiv.o
        48          0          0          0          0         68   cdcmple.o
        48          0          0          0          0         68   cdrcmple.o
        56          0          0          0          0         88   d2f.o
       334          0          0          0          0        148   dadd.o
       222          0          0          0          0        100   ddiv.o
       186          0          0          0          0        176   depilogue.o
        62          0          0          0          0         80   dfixi.o
        50          0          0          0          0         76   dfixui.o
        34          0          0          0          0         76   dflti.o
        26          0          0          0          0         76   dfltui.o
        24          0          0          0          0         76   dfltul.o
       228          0          0          0          0         96   dmul.o
       162          0          0          0          0        100   dsqrt.o
        38          0          0          0          0         68   f2d.o
       110          0          0          0          0        168   fepilogue.o

    ----------------------------------------------------------------------
     12436        486       1828        280        572      18292   Library Totals
        30          0          0          3          4          0   (incl. Padding)

    ----------------------------------------------------------------------

      Code (inc. data)   RO Data    RW Data    ZI Data      Debug   Library Name

      8956        410       1828        269        568      15496   STemWin522_CM4_Keil.lib
       122          0          0          0          0        148   m_wm.l
      1700         76          0          8          0       1184   mc_w.l
      1628          0          0          0          0       1464   mf_w.l

    ----------------------------------------------------------------------
     12436        486       1828        280        572      18292   Library Totals

    ----------------------------------------------------------------------

==============================================================================


      Code (inc. data)   RO Data    RW Data    ZI Data      Debug   

     49020       4180     412392       4916      34948     633059   Grand Totals
     49020       4180     412392       3348      34948     633059   ELF Image Totals (compressed)
     49020       4180     412392       3348          0          0   ROM Totals

==============================================================================

    Total RO  Size (Code + RO Data)               461412 ( 450.60kB)
    Total RW  Size (RW Data + ZI Data)             39864 (  38.93kB)
    Total ROM Size (Code + RO Data + RW Data)     464760 ( 453.87kB)

==============================================================================

