Component: ARM Compiler 5.05 update 1 (build 106) Tool: armlink [4d0efa]

==============================================================================

Section Cross References

    main.o(i.SystemCheck) refers to motor.o(i.Valve_GPIO_Config) for Valve_GPIO_Config
    main.o(i.SystemCheck) refers to motor.o(i.ADC_1) for ADC_1
    main.o(i.SystemCheck) refers to dfltui.o(.text) for __aeabi_ui2d
    main.o(i.SystemCheck) refers to dmul.o(.text) for __aeabi_dmul
    main.o(i.SystemCheck) refers to ddiv.o(.text) for __aeabi_ddiv
    main.o(i.SystemCheck) refers to dadd.o(.text) for __aeabi_dsub
    main.o(i.SystemCheck) refers to log10.o(i.__hardfp_log10) for __hardfp_log10
    main.o(i.SystemCheck) refers to log.o(i.__hardfp_log) for __hardfp_log
    main.o(i.SystemCheck) refers to dfixui.o(.text) for __aeabi_d2uiz
    main.o(i.SystemCheck) refers to main.o(.data) for tempA
    main.o(i.SystemCheck) refers to bsp_timer.o(i.bsp_DelayMS) for bsp_DelayMS
    main.o(i.main) refers to bsp.o(i.bsp_Init) for bsp_Init
    main.o(i.main) refers to param.o(i.LoadParam) for LoadParam
    main.o(i.main) refers to bsp_tft_lcd.o(i.LCD_InitHard) for LCD_InitHard
    main.o(i.main) refers to bsp_touch.o(i.TOUCH_InitHard) for TOUCH_InitHard
    main.o(i.main) refers to stm32f4xx_rcc.o(i.RCC_AHB1PeriphClockCmd) for RCC_AHB1PeriphClockCmd
    main.o(i.main) refers to main_menu.o(i.MainMenu) for MainMenu
    main.o(i.main) refers to measurement.o(i.MainTask) for MainTask
    main.o(i.main) refers to main.o(.data) for ucStatus
    main_menu.o(i.ArrayIcon) refers to bsp_tft_lcd.o(i.LCD_DrawIcon32) for LCD_DrawIcon32
    main_menu.o(i.ArrayIcon) refers to bsp_tft_lcd.o(.data) for g_LcdWidth
    main_menu.o(i.ArrayIcon) refers to main_menu.o(.constdata) for s_UI480
    main_menu.o(i.ArrayIcon) refers to main_menu.o(.data) for s_ColorIndex
    main_menu.o(i.DIS_BK_BPM) refers to bsp_tft_lcd.o(i.LCD_DrawBMP) for LCD_DrawBMP
    main_menu.o(i.DIS_BK_BPM) refers to main_menu.o(.constdata) for s_UI800
    main_menu.o(i.DIS_BK_BPM) refers to bsp_tft_lcd.o(.data) for g_LcdWidth
    main_menu.o(i.DispBackground) refers to bsp_tft_lcd.o(i.LCD_Fill_Rect) for LCD_Fill_Rect
    main_menu.o(i.DispBackground) refers to bsp_tft_lcd.o(i.LCD_DrawBMP) for LCD_DrawBMP
    main_menu.o(i.DispBackground) refers to bsp_tft_lcd.o(.data) for g_LcdWidth
    main_menu.o(i.DispBackground) refers to main_menu.o(.constdata) for s_UI480
    main_menu.o(i.DispBackground) refers to main_menu.o(.data) for s_ColorIndex
    main_menu.o(i.DispBottomBar) refers to bsp_tft_lcd.o(i.LCD_Fill_Rect) for LCD_Fill_Rect
    main_menu.o(i.DispBottomBar) refers to bsp_tft_lcd.o(i.LCD_DispStr) for LCD_DispStr
    main_menu.o(i.DispBottomBar) refers to bsp_tft_lcd.o(.data) for g_LcdHeight
    main_menu.o(i.DispTopBar) refers to bsp_tft_lcd.o(i.LCD_Fill_Rect) for LCD_Fill_Rect
    main_menu.o(i.DispTopBar) refers to bsp_tft_lcd.o(i.LCD_DispStr) for LCD_DispStr
    main_menu.o(i.DispTopBar) refers to bsp_tft_lcd.o(.data) for g_LcdWidth
    main_menu.o(i.MainMenu) refers to main_menu.o(i.DispTopBar) for DispTopBar
    main_menu.o(i.MainMenu) refers to main_menu.o(i.DispBottomBar) for DispBottomBar
    main_menu.o(i.MainMenu) refers to main_menu.o(i.DispBackground) for DispBackground
    main_menu.o(i.MainMenu) refers to bsp.o(i.bsp_Idle) for bsp_Idle
    main_menu.o(i.MainMenu) refers to main_menu.o(i.ArrayIcon) for ArrayIcon
    main_menu.o(i.MainMenu) refers to bsp_touch.o(i.TOUCH_GetKey) for TOUCH_GetKey
    main_menu.o(i.MainMenu) refers to bsp_touch.o(i.TOUCH_InRect) for TOUCH_InRect
    main_menu.o(i.MainMenu) refers to bsp_tft_lcd.o(i.LCD_DrawIcon32) for LCD_DrawIcon32
    main_menu.o(i.MainMenu) refers to bsp_tft_lcd.o(.data) for g_LcdWidth
    main_menu.o(i.MainMenu) refers to main_menu.o(.constdata) for s_UI480
    main_menu.o(i.MainMenu) refers to main_menu.o(.data) for s_ColorIndex
    main_menu.o(.data) refers to measureture.o(.constdata) for acMeasureture
    main_menu.o(.data) refers to qc.o(.constdata) for acQC
    main_menu.o(.data) refers to preferences.o(.constdata) for acPreferences
    main_menu.o(.data) refers to record.o(.constdata) for acRecord
    main_menu.o(.data) refers to print.o(.constdata) for acPrint
    main_menu.o(.data) refers to maintaining.o(.constdata) for acMaintaining
    param.o(i.LoadParam) refers to bsp_eeprom_24xx.o(i.ee_ReadBytes) for ee_ReadBytes
    param.o(i.LoadParam) refers to param.o(i.SaveParam) for SaveParam
    param.o(i.LoadParam) refers to param.o(.bss) for g_tParam
    param.o(i.SaveParam) refers to bsp_eeprom_24xx.o(i.ee_WriteBytes) for ee_WriteBytes
    param.o(i.SaveParam) refers to param.o(.bss) for g_tParam
    measurement.o(i.Air) refers to motor.o(i.Valve) for Valve
    measurement.o(i.Air) refers to motor.o(i.Motorun) for Motorun
    measurement.o(i.Air) refers to bsp_timer.o(i.bsp_DelayMS) for bsp_DelayMS
[...]
    PY_mb_yo                                 0x08096a93   Data           7  pysearch.o(.constdata)
    PY_mb_yong                               0x08096a9a   Data          51  pysearch.o(.constdata)
    PY_mb_you                                0x08096acd   Data          85  pysearch.o(.constdata)
    PY_mb_yu                                 0x08096b22   Data         191  pysearch.o(.constdata)
    PY_mb_yuan                               0x08096be1   Data          71  pysearch.o(.constdata)
    PY_mb_yue                                0x08096c28   Data          37  pysearch.o(.constdata)
    PY_mb_yun                                0x08096c4d   Data          51  pysearch.o(.constdata)
    PY_mb_za                                 0x08096c80   Data          17  pysearch.o(.constdata)
    PY_mb_zai                                0x08096c91   Data          21  pysearch.o(.constdata)
    PY_mb_zan                                0x08096ca6   Data          23  pysearch.o(.constdata)
    PY_mb_zang                               0x08096cbd   Data          15  pysearch.o(.constdata)
    PY_mb_zao                                0x08096ccc   Data          31  pysearch.o(.constdata)
    PY_mb_ze                                 0x08096ceb   Data          31  pysearch.o(.constdata)
    PY_mb_zei                                0x08096d0a   Data           3  pysearch.o(.constdata)
    PY_mb_zen                                0x08096d0d   Data           5  pysearch.o(.constdata)
    PY_mb_zeng                               0x08096d12   Data          19  pysearch.o(.constdata)
    PY_mb_zha                                0x08096d25   Data          57  pysearch.o(.constdata)
    PY_mb_zhai                               0x08096d5e   Data          25  pysearch.o(.constdata)
    PY_mb_zhan                               0x08096d77   Data          43  pysearch.o(.constdata)
    PY_mb_zhang                              0x08096da2   Data          49  pysearch.o(.constdata)
    PY_mb_zhao                               0x08096dd3   Data          39  pysearch.o(.constdata)
    PY_mb_zhe                                0x08096dfa   Data          41  pysearch.o(.constdata)
    PY_mb_zhen                               0x08096e23   Data          65  pysearch.o(.constdata)
    PY_mb_zheng                              0x08096e64   Data          47  pysearch.o(.constdata)
    PY_mb_zhi                                0x08096e93   Data         163  pysearch.o(.constdata)
    PY_mb_zhong                              0x08096f36   Data          35  pysearch.o(.constdata)
    PY_mb_zhou                               0x08096f59   Data          49  pysearch.o(.constdata)
    PY_mb_zhu                                0x08096f8a   Data         101  pysearch.o(.constdata)
    PY_mb_zhua                               0x08096fef   Data           7  pysearch.o(.constdata)
    PY_mb_zhuai                              0x08096ff6   Data           5  pysearch.o(.constdata)
    PY_mb_zhuan                              0x08096ffb   Data          23  pysearch.o(.constdata)
    PY_mb_zhuang                             0x08097012   Data          23  pysearch.o(.constdata)
    PY_mb_zhui                               0x08097029   Data          21  pysearch.o(.constdata)
    PY_mb_zhun                               0x0809703e   Data          11  pysearch.o(.constdata)
    PY_mb_zhuo                               0x08097049   Data          45  pysearch.o(.constdata)
    PY_mb_zi                                 0x08097076   Data          77  pysearch.o(.constdata)
    PY_mb_zong                               0x080970c3   Data          23  pysearch.o(.constdata)
    PY_mb_zou                                0x080970da   Data          19  pysearch.o(.constdata)
    PY_mb_zu                                 0x080970ed   Data          23  pysearch.o(.constdata)
    PY_mb_zuan                               0x08097104   Data          13  pysearch.o(.constdata)
    PY_mb_zui                                0x08097111   Data          17  pysearch.o(.constdata)
    PY_mb_zun                                0x08097122   Data          11  pysearch.o(.constdata)
    PY_mb_zuo                                0x0809712d   Data          39  pysearch.o(.constdata)
    PYRankTwoList_a                          0x08097154   Data          40  pysearch.o(.constdata)
    PYRankTwoList_b                          0x0809717c   Data         128  pysearch.o(.constdata)
    PYRankTwoList_c                          0x080971fc   Data         264  pysearch.o(.constdata)
    PYRankTwoList_d                          0x08097304   Data         160  pysearch.o(.constdata)
    PYRankTwoList_e                          0x080973a4   Data          24  pysearch.o(.constdata)
    PYRankTwoList_f                          0x080973bc   Data          72  pysearch.o(.constdata)
    PYRankTwoList_g                          0x08097404   Data         152  pysearch.o(.constdata)
    PYRankTwoList_h                          0x0809749c   Data         152  pysearch.o(.constdata)
    PYRankTwoList_i                          0x08097534   Data           8  pysearch.o(.constdata)
    PYRankTwoList_j                          0x0809753c   Data         112  pysearch.o(.constdata)
    PYRankTwoList_k                          0x080975ac   Data         144  pysearch.o(.constdata)
    PYRankTwoList_l                          0x0809763c   Data         192  pysearch.o(.constdata)
    PYRankTwoList_m                          0x080976fc   Data         152  pysearch.o(.constdata)
    PYRankTwoList_n                          0x08097794   Data         184  pysearch.o(.constdata)
    PYRankTwoList_o                          0x0809784c   Data          16  pysearch.o(.constdata)
    PYRankTwoList_p                          0x0809785c   Data         136  pysearch.o(.constdata)
    PYRankTwoList_q                          0x080978e4   Data         112  pysearch.o(.constdata)
    PYRankTwoList_r                          0x08097954   Data         112  pysearch.o(.constdata)
    PYRankTwoList_s                          0x080979c4   Data         272  pysearch.o(.constdata)
    PYRankTwoList_t                          0x08097ad4   Data         152  pysearch.o(.constdata)
    PYRankTwoList_u                          0x08097b6c   Data           8  pysearch.o(.constdata)
    PYRankTwoList_v                          0x08097b74   Data           8  pysearch.o(.constdata)
    PYRankTwoList_w                          0x08097b7c   Data          72  pysearch.o(.constdata)
    PYRankTwoList_x                          0x08097bc4   Data         112  pysearch.o(.constdata)
    PYRankTwoList_y                          0x08097c34   Data         120  pysearch.o(.constdata)
    PYRankTwoList_z                          0x08097cac   Data         288  pysearch.o(.constdata)
    PYRankTwoList_end                        0x08097dcc   Data           8  pysearch.o(.constdata)
    acMaintaining                            0x08097dd4   Data       65591  maintaining.o(.constdata)
    acMeasureture                            0x080a7e0b   Data       65591  measureture.o(.constdata)
    acPreferences                            0x080b7e42   Data       65591  preferences.o(.constdata)
    acPrint                                  0x080c7e79   Data       65591  print.o(.constdata)
    acQC                                     0x080d7eb0   Data       65591  qc.o(.constdata)
    acRecord                                 0x080e7ee7   Data       65591  record.o(.constdata)
    GUI_Font6x8                              0x080f8620   Data          36  f6x8.o(.constdata)
    __mathlib_zero                           0x080f8680   Data           8  qnan.o(.constdata)
    Region$$Table$$Base                      0x080f88b0   Number         0  anon$$obj.o(Region$$Table)
    Region$$Table$$Limit                     0x080f88d0   Number         0  anon$$obj.o(Region$$Table)
    A1                                       0x20000000   Data           2  main.o(.data)
    A2                                       0x20000002   Data           2  main.o(.data)
    A3                                       0x20000004   Data           2  main.o(.data)
    A4                                       0x20000006   Data           2  main.o(.data)
    tempA                                    0x20000008   Data           8  main.o(.data)
    tempB                                    0x20000010   Data           8  main.o(.data)
    tempC                                    0x20000018   Data           8  main.o(.data)
    tempD                                    0x20000020   Data           8  main.o(.data)
    ucStatus                                 0x20000028   Data           2  main.o(.data)
    test                                     0x2000002a   Data           1  main.o(.data)
    m                                        0x200000f8   Data           4  measurement.o(.data)
    m_bIgnoreConcentrationLow                0x200000fc   Data           1  measurement.o(.data)
    m_lCfC12                                 0x20000100   Data          48  measurement.o(.data)
    m_lCfC13                                 0x20000130   Data          48  measurement.o(.data)
    C12BABS                                  0x20000160   Data           8  measurement.o(.data)
    C12SABS                                  0x20000168   Data           8  measurement.o(.data)
    m_lC12B                                  0x20000170   Data           8  measurement.o(.data)
    m_lC12S                                  0x20000178   Data           8  measurement.o(.data)
    Percent                                  0x20000180   Data           8  measurement.o(.data)
    Per                                      0x20000188   Data           8  measurement.o(.data)
    xbc12                                    0x20000190   Data           8  measurement.o(.data)
    xbc13                                    0x20000198   Data           8  measurement.o(.data)
    xsc12                                    0x200001a0   Data           8  measurement.o(.data)
    xsc13                                    0x200001a8   Data           8  measurement.o(.data)
    cz1                                      0x200001b0   Data           8  measurement.o(.data)
    cz2                                      0x200001b8   Data           8  measurement.o(.data)
    cbc12                                    0x200001c0   Data           8  measurement.o(.data)
    cbc13                                    0x200001c8   Data           8  measurement.o(.data)
    csc12                                    0x200001d0   Data           8  measurement.o(.data)
    csc13                                    0x200001d8   Data           8  measurement.o(.data)
    ratebase                                 0x200001e0   Data           8  measurement.o(.data)
    ratesample                               0x200001e8   Data           8  measurement.o(.data)
    dob                                      0x200001f0   Data           2  measurement.o(.data)
    dob1                                     0x200001f2   Data           2  measurement.o(.data)
    m_bChanged                               0x200001f4   Data           1  measurement.o(.data)
    checkChannel                             0x200001f5   Data           1  measurement.o(.data)
    m_mesureType                             0x200001f6   Data           1  measurement.o(.data)
    m_bDilution                              0x200001f7   Data           1  measurement.o(.data)
    F_name                                   0x200001f8   Data           1  measurement.o(.data)
    ucTouch                                  0x200001f9   Data           1  measurement.o(.data)
    tpX                                      0x200001fa   Data           2  measurement.o(.data)
    tpY                                      0x200001fc   Data           2  measurement.o(.data)
    fButton                                  0x200001fe   Data           1  measurement.o(.data)
    tFontBtn                                 0x20000200   Data           8  measurement.o(.data)
    tFontBtnCh1                              0x20000208   Data           8  measurement.o(.data)
    name1                                    0x20000210   Data           8  measurement.o(.data)
    name2                                    0x20000218   Data           8  measurement.o(.data)
    TableFFT                                 0x20000220   Data        4080  motor.o(.data)
    temp1                                    0x20001210   Data           2  motor.o(.data)
    temp2                                    0x20001212   Data           2  motor.o(.data)
    reTest                                   0x20001214   Data           1  motor.o(.data)
    ADCIndex                                 0x20001215   Data           1  motor.o(.data)
    Intensity                                0x20001218   Data           4  motor.o(.data)
    Intensitys1                              0x2000121c   Data           4  motor.o(.data)
    Intensitys2                              0x20001220   Data           4  motor.o(.data)
    Step_LM                                  0x20001224   Data           4  motor.o(.data)
    m_bChopper                               0x20001228   Data           1  motor.o(.data)
    temp                                     0x20001230   Data           8  motor.o(.data)
    Go                                       0x20001238   Data           1  motor.o(.data)
    STATUS                                   0x20001239   Data           1  motor.o(.data)
    Pressure0                                0x2000123a   Data           2  motor.o(.data)
    Pressure1                                0x2000123c   Data           2  motor.o(.data)
    Pressure2                                0x2000123e   Data           2  motor.o(.data)
    RxLeftIdx                                0x20001240   Data           4  motor.o(.data)
    RxRightIdx                               0x20001244   Data           4  motor.o(.data)
    flagPress                                0x20001248   Data           1  motor.o(.data)
    PulseNum                                 0x2000124a   Data           2  motor.o(.data)
    PulseCount                               0x2000124c   Data           2  motor.o(.data)
    StartSpeed                               0x2000124e   Data           1  motor.o(.data)
    TargeSpeed                               0x2000124f   Data           1  motor.o(.data)
    StepTimes_1                              0x20001250   Data           1  motor.o(.data)
    StepCount_1                              0x20001252   Data           2  motor.o(.data)
    EndSpeed                                 0x20001254   Data           1  motor.o(.data)
    StepTimes_2                              0x20001255   Data           1  motor.o(.data)
    StepCount_2                              0x20001256   Data           2  motor.o(.data)
    AddedNum                                 0x20001258   Data           2  motor.o(.data)
    flag_moto                                0x2000125a   Data           1  motor.o(.data)
    cw_status                                0x2000125b   Data           1  motor.o(.data)
    m_bMeasureBreak                          0x2000125c   Data           1  motor.o(.data)
    Intensity1                               0x20001260   Data           4  motor.o(.data)
    Intensity2                               0x20001264   Data           4  motor.o(.data)
    prnerr                                   0x20001268   Data           1  motor.o(.data)
    TripSwitchStatus                         0x20001269   Data           1  motor.o(.data)
    Trip2                                    0x2000126a   Data           1  motor.o(.data)
    n                                        0x2000126c   Data           2  motor.o(.data)
    LastCh                                   0x20001270   Data           4  stm32f4xx_it.o(.data)
    s_Textbuf                                0x2000127d   Data           8  typewriting.o(.data)
    dis_keyboard                             0x20001285   Data           1  typewriting.o(.data)
    FontB                                    0x2000128c   Data           8  typewriting.o(.data)
    StopCondition                            0x2000129c   Data           4  bsp_sdio_sd.o(.data)
    TransferError                            0x200012a0   Data           1  bsp_sdio_sd.o(.data)
    TransferEnd                              0x200012a4   Data           4  bsp_sdio_sd.o(.data)
    DMAEndOfTransfer                         0x200012a8   Data           4  bsp_sdio_sd.o(.data)
    g_iRunTime                               0x200012b4   Data           4  bsp_timer.o(.data)
    g_ChipID                                 0x200012cc   Data           2  bsp_tft_lcd.o(.data)
    g_LcdHeight                              0x200012ce   Data           2  bsp_tft_lcd.o(.data)
    g_LcdWidth                               0x200012d0   Data           2  bsp_tft_lcd.o(.data)
    s_ucBright                               0x200012d2   Data           1  bsp_tft_lcd.o(.data)
    g_LcdDirection                           0x200012d3   Data           1  bsp_tft_lcd.o(.data)
    font_width                               0x200012d4   Data           1  bsp_tft_lcd.o(.data)
    font_height                              0x200012d5   Data           1  bsp_tft_lcd.o(.data)
    width                                    0x200012d6   Data           1  bsp_tft_lcd.o(.data)
    font_bytes                               0x200012d8   Data           2  bsp_tft_lcd.o(.data)
    g_RA8875_IF                              0x200012e2   Data           1  bsp_ra8875_port.o(.data)
    s_GT811_CfgParams                        0x200012e4   Data         106  bsp_gt811.o(.data)
    g_spi_busy                               0x20001354   Data           1  bsp_spi_bus.o(.data)
    SystemCoreClock                          0x20001358   Data           4  system_stm32f4xx.o(.data)
    s_ucRA8875BusyNow                        0x2000135c   Data           1  guidrv_template.o(.data)
    g_ucGPIX                                 0x2000136c   Data           1  lcd_ra8875.o(.data)
    PYRankThreeList                          0x20001370   Data         108  pysearch.o(.data)
    GUI_DecChar                              0x200013e4   Data           1  gui_core.o(.data)
    GUI_pfGetpPalConvTable                   0x200013e8   Data           4  gui_core.o(.data)
    GUI__pFontDefault                        0x200013ec   Data           4  gui_core.o(.data)
    GUI_pContext                             0x200013f0   Data           4  gui_core.o(.data)
    GUI_pUC_API                              0x200013f4   Data           4  gui_core.o(.data)
    GUI__apDevice                            0x20001408   Data           8  gui_core.o(.data)
    WM_pfHandlePID                           0x20001410   Data           4  gui_core.o(.data)
    GUI_pLCD_APIList                         0x20001414   Data           4  gui_core.o(.data)
    GUI_OrgX                                 0x20001418   Data           2  gui_core.o(.data)
    GUI_OrgY                                 0x2000141a   Data           2  gui_core.o(.data)
    LCD__pSetColorAPI                        0x20001454   Data           4  lcd.o(.data)
    LCD__aConvTable                          0x2000145c   Data           4  lcd_color.o(.data)
    WM__PaintCallbackCnt                     0x20001468   Data           1  wm.o(.data)
    WM__NumWindows                           0x2000146a   Data           2  wm.o(.data)
    WM__NumInvalidWindows                    0x2000146c   Data           2  wm.o(.data)
    WM__TouchedLayer                         0x20001470   Data           4  wm.o(.data)
    WM__FirstWin                             0x20001474   Data           4  wm.o(.data)
    WM__pFirstCriticalHandle                 0x20001478   Data           4  wm.o(.data)
    WM__CreateFlags                          0x2000147c   Data           4  wm.o(.data)
    WM_pfPollPID                             0x20001480   Data           4  wm.o(.data)
    WM_MULTIBUF__pAPI                        0x20001484   Data           4  wm.o(.data)
    WM__TransWindowCnt                       0x20001488   Data           4  wm.o(.data)
    WM__hATransWindow                        0x2000148c   Data           4  wm.o(.data)
    WM__ahDesktopWin                         0x200014a0   Data           8  wm.o(.data)
    WM__aBkColor                             0x200014a8   Data           8  wm.o(.data)
    WM__ahCapture                            0x200014b0   Data           8  wm.o(.data)
    WM__ahWinFocus                           0x200014b8   Data           8  wm.o(.data)
    WM__CaptureReleaseAuto                   0x200014c0   Data           1  wm.o(.data)
    g_tParam                                 0x200014f0   Data          76  param.o(.bss)
    Intensitys                               0x20001540   Data          72  measurement.o(.bss)
    c12                                      0x20001588   Data         240  measurement.o(.bss)
    c13                                      0x20001678   Data         240  measurement.o(.bss)
    delta1                                   0x20001768   Data         240  measurement.o(.bss)
    Ints5                                    0x20001858   Data         240  measurement.o(.bss)
    Ints6                                    0x20001948   Data         240  measurement.o(.bss)
    tBtn                                     0x20001a38   Data          36  measurement.o(.bss)
    tBtn1                                    0x20001a5c   Data          36  measurement.o(.bss)
    CH1Btn                                   0x20001a80   Data          36  measurement.o(.bss)
    CH2Btn                                   0x20001aa4   Data          36  measurement.o(.bss)
    ch                                       0x20001ac8   Data          10  measurement.o(.bss)
    lBUFIN                                   0x20001ad8   Data        1024  motor.o(.bss)
    lBUFOUT                                  0x20001ed8   Data        1024  motor.o(.bss)
    lBUFMAG                                  0x200022d8   Data        1536  motor.o(.bss)
    ADCResult                                0x200028d8   Data          72  motor.o(.bss)
    ADCConv                                  0x20002920   Data          50  motor.o(.bss)
    C12                                      0x20002954   Data         240  motor.o(.bss)
    C13                                      0x20002a44   Data         240  motor.o(.bss)
    m_lCf                                    0x20002b38   Data          72  motor.o(.bss)
    AK_Left_Data                             0x20002b80   Data       14400  motor.o(.bss)
    AK_Right_Data                            0x200063c0   Data       14400  motor.o(.bss)
    s_tempbuf                                0x20009c00   Data         256  typewriting.o(.bss)
    s_Hzbuf                                  0x20009d00   Data         512  typewriting.o(.bss)
    s_Bufview                                0x20009f00   Data         128  typewriting.o(.bss)
    BtnCount                                 0x20009f80   Data          36  typewriting.o(.bss)
    g_tTP                                    0x20009fd4   Data          58  bsp_touch.o(.bss)
    g_tTPSL                                  0x2000a00e   Data          10  bsp_touch.o(.bss)
    g_tW25                                   0x2000a040   Data          12  bsp_ra8875_flash.o(.bss)
    g_GT811                                  0x2000a04c   Data          34  bsp_gt811.o(.bss)
    uhADCConvertedValue                      0x2000a06e   Data          10  bsp_adc.o(.bss)
    GUI_ALLOC__Context                       0x2000a078   Data         188  gui_alloc.o(.bss)
    WM__aCHWinModal                          0x2000a240   Data          16  wm_touch.o(.bss)
    WM__aCHWinLast                           0x2000a250   Data          16  wm_touch.o(.bss)
    WM__aCHWinMouseOver                      0x2000a260   Data          16  wm_touch.o(.bss)
    __initial_sp                             0x2000a6b0   Data           0  startup_stm32f427x.o(STACK)



==============================================================================

Memory Map of the image

  Image Entry point : 0x080001ad

  Load Region LR_IROM1 (Base: 0x08000000, Size: 0x000f9dc0, Max: 0x00100000, ABSOLUTE, COMPRESSED[0x000f96b4])

    Execution Region ER_IROM1 (Base: 0x08000000, Size: 0x000f88d0, Max: 0x00100000, ABSOLUTE)

    Base Addr    Size         Type   Attr      Idx    E Section Name        Object

    0x08000000   0x000001ac   Data   RO         2788    RESET               startup_stm32f427x.o
    0x080001ac   0x00000000   Code   RO         7808  * .ARM.Collect$$$$00000000  mc_w.l(entry.o)
    0x080001ac   0x00000004   Code   RO         7872    .ARM.Collect$$$$00000001  mc_w.l(entry2.o)
    0x080001b0   0x00000004   Code   RO         7875    .ARM.Collect$$$$00000004  mc_w.l(entry5.o)
    0x080001b4   0x00000000   Code   RO         7877    .ARM.Collect$$$$00000008  mc_w.l(entry7b.o)
    0x080001b4   0x00000000   Code   RO         7879    .ARM.Collect$$$$0000000A  mc_w.l(entry8b.o)
    0x080001b4   0x00000008   Code   RO         7880    .ARM.Collect$$$$0000000B  mc_w.l(entry9a.o)
    0x080001bc   0x00000000   Code   RO         7882    .ARM.Collect$$$$0000000D  mc_w.l(entry10a.o)
    0x080001bc   0x00000000   Code   RO         7884    .ARM.Collect$$$$0000000F  mc_w.l(entry11a.o)
    0x080001bc   0x00000004   Code   RO         7873    .ARM.Collect$$$$00002712  mc_w.l(entry2.o)
    0x080001c0   0x00000024   Code   RO         2789    .text               startup_stm32f427x.o
    0x080001e4   0x00000040   Code   RO         7813    .text               mc_w.l(memmovea.o)
    0x08000224   0x00000024   Code   RO         7815    .text               mc_w.l(memseta.o)
    0x08000248   0x0000000e   Code   RO         7817    .text               mc_w.l(strlen.o)
    0x08000256   0x0000001a   Code   RO         7819    .text               mc_w.l(memcmp.o)
    0x08000270   0x00000012   Code   RO         7821    .text               mc_w.l(strcpy.o)
    0x08000282   0x0000001e   Code   RO         7823    .text               mc_w.l(strncmp.o)
    0x080002a0   0x0000014e   Code   RO         7829    .text               mf_w.l(dadd.o)
    0x080003ee   0x000000e4   Code   RO         7831    .text               mf_w.l(dmul.o)
    0x080004d2   0x000000de   Code   RO         7833    .text               mf_w.l(ddiv.o)
    0x080005b0   0x00000022   Code   RO         7837    .text               mf_w.l(dflti.o)
    0x080005d2   0x0000001a   Code   RO         7839    .text               mf_w.l(dfltui.o)
    0x080005ec   0x00000018   Code   RO         7841    .text               mf_w.l(dfltul.o)
    0x08000604   0x0000003e   Code   RO         7843    .text               mf_w.l(dfixi.o)
    0x08000642   0x00000032   Code   RO         7845    .text               mf_w.l(dfixui.o)
    0x08000674   0x00000026   Code   RO         7847    .text               mf_w.l(f2d.o)
    0x0800069a   0x00000002   PAD
    0x0800069c   0x00000030   Code   RO         7849    .text               mf_w.l(cdcmple.o)
    0x080006cc   0x00000030   Code   RO         7851    .text               mf_w.l(cdrcmple.o)
    0x080006fc   0x00000038   Code   RO         7853    .text               mf_w.l(d2f.o)
    0x08000734   0x0000001e   Code   RO         7886    .text               mc_w.l(llshl.o)
    0x08000752   0x00000020   Code   RO         7888    .text               mc_w.l(llushr.o)
    0x08000772   0x00000024   Code   RO         7890    .text               mc_w.l(llsshr.o)
    0x08000796   0x00000000   Code   RO         7899    .text               mc_w.l(iusefp.o)
    0x08000796   0x0000006e   Code   RO         7900    .text               mf_w.l(fepilogue.o)
    0x08000804   0x000000ba   Code   RO         7902    .text               mf_w.l(depilogue.o)
    0x080008be   0x000000a2   Code   RO         7904    .text               mf_w.l(dsqrt.o)
    0x08000960   0x00000024   Code   RO         7906    .text               mc_w.l(init.o)
    0x08000984   0x0000005e   Code   RO         7916    .text               mc_w.l(__dclz77c.o)
    0x080009e2   0x00000016   Code   RO         5041    i.ADC_Cmd           stm32f4xx_adc.o
    0x080009f8   0x00000030   Code   RO         5042    i.ADC_CommonInit    stm32f4xx_adc.o
    0x08000a28   0x00000016   Code   RO         5045    i.ADC_DMACmd        stm32f4xx_adc.o
    0x08000a3e   0x00000016   Code   RO         5046    i.ADC_DMARequestAfterLastTransferCmd  stm32f4xx_adc.o
    0x08000a54   0x00000054   Code   RO         5061    i.ADC_Init          stm32f4xx_adc.o
    0x08000aa8   0x000000b8   Code   RO         5066    i.ADC_RegularChannelConfig  stm32f4xx_adc.o
    0x08000b60   0x0000000a   Code   RO         5068    i.ADC_SoftwareStartConv  stm32f4xx_adc.o
    0x08000b6a   0x00000002   PAD
    0x08000b6c   0x00000208   Code   RO          685    i.AK5385_Config     motor.o
    0x08000d74   0x00000190   Code   RO          686    i.AK_Conv           motor.o
    0x08000f04   0x0000018a   Code   RO          533    i.Air               measurement.o
    0x0800108e   0x00000112   Code   RO          534    i.AirFirst          measurement.o
    0x080011a0   0x00000140   Code   RO          441    i.ArrayIcon         main_menu.o
    0x080012e0   0x0000000e   Code   RO         5835    i.BTE_SetOperateCode  lcd_ra8875.o
    0x080012ee   0x00000068   Code   RO         5836    i.BTE_SetTarBlock   lcd_ra8875.o
    0x08001356   0x00000002   PAD
    0x08001358   0x0000001c   Code   RO         5837    i.BTE_Start         lcd_ra8875.o
    0x08001374   0x0000001c   Code   RO         5838    i.BTE_Wait          lcd_ra8875.o
    0x08001390   0x00000238   Code   RO          535    i.BaseFirst         measurement.o
    0x080015c8   0x00000004   Code   RO          895    i.BusFault_Handler  stm32f4xx_it.o
    0x080015cc   0x00000016   Code   RO         1761    i.CalTwoPoint       bsp_touch.o
    0x080015e2   0x00000002   PAD
    0x080015e4   0x00001360   Code   RO          536    i.ChannelMeas       measurement.o
    0x08002944   0x00000008   Code   RO         1083    i.DMA2_Stream3_IRQHandler  bsp_sdio_sd.o
    0x0800294c   0x00000034   Code   RO         4091    i.DMA_ClearFlag     stm32f4xx_dma.o
    0x08002980   0x00000016   Code   RO         4093    i.DMA_Cmd           stm32f4xx_dma.o
    0x08002996   0x00000002   PAD
    0x08002998   0x00000058   Code   RO         4105    i.DMA_Init          stm32f4xx_dma.o
    0x080029f0   0x00000002   Code   RO          896    i.DebugMon_Handler  stm32f4xx_it.o
    0x080029f2   0x00000002   PAD
    0x080029f4   0x000001c0   Code   RO          537    i.Dis_Measurement   measurement.o
    0x08002bb4   0x00000134   Code   RO          443    i.DispBackground    main_menu.o
    0x08002ce8   0x00000084   Code   RO          444    i.DispBottomBar     main_menu.o
    0x08002d6c   0x00000068   Code   RO          445    i.DispTopBar        main_menu.o
    0x08002dd4   0x0000006c   Code   RO          897    i.EXTI9_5_IRQHandler  stm32f4xx_it.o
    0x08002e40   0x0000000c   Code   RO         3510    i.EXTI_ClearITPendingBit  stm32f4xx_exti.o
    0x08002e4c   0x00000054   Code   RO          691    i.EXTI_Config       motor.o
    0x08002ea0   0x00000018   Code   RO         3514    i.EXTI_GetITStatus  stm32f4xx_exti.o
    0x08002eb8   0x00000094   Code   RO         3515    i.EXTI_Init         stm32f4xx_exti.o
    0x08002f4c   0x00000034   Code   RO         5289    i.FMC_NORSRAMCmd    stm32f4xx_fmc.o
    0x08002f80   0x00000128   Code   RO         5291    i.FMC_NORSRAMInit   stm32f4xx_fmc.o
    0x080030a8   0x00000090   Code   RO         3224    i.GPIO_Init         stm32f4xx_gpio.o
    0x08003138   0x00000046   Code   RO         3225    i.GPIO_PinAFConfig  stm32f4xx_gpio.o
    0x0800317e   0x00000012   Code   RO         3228    i.GPIO_ReadInputDataBit  stm32f4xx_gpio.o
    0x08003190   0x00000004   Code   RO         3231    i.GPIO_ResetBits    stm32f4xx_gpio.o
    0x08003194   0x00000004   Code   RO         3232    i.GPIO_SetBits      stm32f4xx_gpio.o
    0x08003198   0x0000000a   Code   RO         3236    i.GPIO_WriteBit     stm32f4xx_gpio.o
    0x080031a2   0x00000002   PAD
    0x080031a4   0x0000002c   Code   RO         2130    i.GT811_InitHard    bsp_gt811.o
    0x080031d0   0x00000064   Code   RO         2131    i.GT811_ReadReg     bsp_gt811.o
    0x08003234   0x0000001e   Code   RO         2132    i.GT811_ReadVersion  bsp_gt811.o
    0x08003252   0x00000002   PAD
    0x08003254   0x00000178   Code   RO         2133    i.GT811_Scan        bsp_gt811.o
    0x080033cc   0x00000010   Code   RO         2134    i.GT811_Timer10ms   bsp_gt811.o
    0x080033dc   0x0000004a   Code   RO         2135    i.GT811_WriteReg    bsp_gt811.o
    0x08003426   0x00000002   PAD
    0x08003428   0x00000134   Code   RO         7087    i.GUIMONO_DispChar  STemWin522_CM4_Keil.lib(gui_charm.o)
    0x0800355c   0x00000018   Code   RO         7088    i.GUIMONO_GetCharDistX  STemWin522_CM4_Keil.lib(gui_charm.o)
    0x08003574   0x00000006   Code   RO         7089    i.GUIMONO_GetFontInfo  STemWin522_CM4_Keil.lib(gui_charm.o)
    0x0800357a   0x00000038   Code   RO         7090    i.GUIMONO_IsInFont  STemWin522_CM4_Keil.lib(gui_charm.o)
    0x080035b2   0x0000000a   Code   RO         6507    i.GUI_ALLOC_AllocNoInit  STemWin522_CM4_Keil.lib(gui_alloc.o)
    0x080035bc   0x00000038   Code   RO         6509    i.GUI_ALLOC_Free    STemWin522_CM4_Keil.lib(gui_alloc.o)
    0x080035f4   0x00000018   Code   RO         6510    i.GUI_ALLOC_FreeFixedBlock  STemWin522_CM4_Keil.lib(gui_alloc.o)
    0x0800360c   0x00000040   Code   RO         6514    i.GUI_ALLOC_GetMaxSize  STemWin522_CM4_Keil.lib(gui_alloc.o)
    0x0800364c   0x0000001c   Code   RO         6521    i.GUI_ALLOC_LockH   STemWin522_CM4_Keil.lib(gui_alloc.o)
    0x08003668   0x00000030   Code   RO         6526    i.GUI_ALLOC_UnlockH  STemWin522_CM4_Keil.lib(gui_alloc.o)
    0x08003698   0x00000018   Code   RO         6527    i.GUI_ALLOC_h2p     STemWin522_CM4_Keil.lib(gui_alloc.o)
    0x080036b0   0x00000070   Code   RO         7329    i.GUI_CURSOR_SetPositionEx  STemWin522_CM4_Keil.lib(gui_curs1.o)
    0x08003720   0x00000004   Code   RO         6618    i.GUI_DEVICE_Delete  STemWin522_CM4_Keil.lib(gui_device.o)
    0x08003724   0x00000080   Code   RO         6619    i.GUI_DEVICE_Link   STemWin522_CM4_Keil.lib(gui_device.o)
    0x080037a4   0x00000004   Code   RO         6621    i.GUI_DEVICE_Unlink  STemWin522_CM4_Keil.lib(gui_device.o)
    0x080037a8   0x00000024   Code   RO         6624    i.GUI_DEVICE__GetpDriver  STemWin522_CM4_Keil.lib(gui_device.o)
    0x080037cc   0x00000016   Code   RO         7748    i.GUI_GetBitmapPixelIndex  STemWin522_CM4_Keil.lib(gui_getbitmappixelindex.o)
    0x080037e2   0x0000008a   Code   RO         7749    i.GUI_GetBitmapPixelIndexEx  STemWin522_CM4_Keil.lib(gui_getbitmappixelindex.o)
    0x0800386c   0x00000014   Code   RO         7144    i.GUI_GetCursorLayer  STemWin522_CM4_Keil.lib(gui_selectlayer.o)
    0x08003880   0x00000016   Code   RO         7145    i.GUI_GetLayerPosEx  STemWin522_CM4_Keil.lib(gui_selectlayer.o)
    0x08003896   0x00000002   PAD
    0x08003898   0x00000040   Code   RO         7200    i.GUI_MEMDEV_Delete  STemWin522_CM4_Keil.lib(guidev.o)
    0x080038d8   0x00000054   Code   RO         7203    i.GUI_MEMDEV_Select  STemWin522_CM4_Keil.lib(guidev.o)
    0x0800392c   0x00000058   Code   RO         7095    i.GUI_MergeRect     STemWin522_CM4_Keil.lib(gui_mergerect.o)
    0x08003984   0x0000001e   Code   RO         7097    i.GUI_MoveRect      STemWin522_CM4_Keil.lib(gui_moverect.o)
    0x080039a2   0x00000002   PAD
    0x080039a4   0x0000004c   Code   RO         7120    i.GUI_PID_GetState  STemWin522_CM4_Keil.lib(gui_pid.o)
    0x080039f0   0x00000018   Code   RO         7121    i.GUI_PID_IsEmpty   STemWin522_CM4_Keil.lib(gui_pid.o)
    0x08003a08   0x0000001c   Code   RO         7123    i.GUI_PID_StoreState  STemWin522_CM4_Keil.lib(gui_pid.o)
    0x08003a24   0x0000000a   Code   RO         7634    i.GUI_SPRITE_SetPosition  STemWin522_CM4_Keil.lib(gui_sprite.o)
    0x08003a2e   0x00000012   Code   RO         7366    i.GUI_SelectLCD     STemWin522_CM4_Keil.lib(gui_selectlcd.o)
    0x08003a40   0x00000004   Code   RO         7148    i.GUI_SetLayerPosEx  STemWin522_CM4_Keil.lib(gui_selectlayer.o)
    0x08003a44   0x00000010   Code   RO         7167    i.GUI_SignalEvent   STemWin522_CM4_Keil.lib(gui_waitevent.o)
    0x08003a54   0x0000015c   Code   RO         6638    i.GUI_TOUCH_Exec    STemWin522_CM4_Keil.lib(gui_touch_driveranalog.o)
    0x08003bb0   0x00000024   Code   RO         6662    i.GUI_TOUCH_StoreState  STemWin522_CM4_Keil.lib(gui_touch_storestate.o)
    0x08003bd4   0x00000028   Code   RO         6860    i.GUI_TOUCH_StoreStateEx  STemWin522_CM4_Keil.lib(gui_touch.o)
    0x08003bfc   0x00000030   Code   RO         6865    i.GUI_TOUCH_StoreUnstable  STemWin522_CM4_Keil.lib(gui_touch_storeunstable.o)
    0x08003c2c   0x00000002   Code   RO         6268    i.GUI_TOUCH_X_ActivateX  gui_x_touch_analog.o
    0x08003c2e   0x00000002   Code   RO         6269    i.GUI_TOUCH_X_ActivateY  gui_x_touch_analog.o
    0x08003c30   0x00000010   Code   RO         6270    i.GUI_TOUCH_X_MeasureX  gui_x_touch_analog.o
    0x08003c40   0x0000000c   Code   RO         6271    i.GUI_TOUCH_X_MeasureY  gui_x_touch_analog.o
    0x08003c4c   0x00000024   Code   RO         6943    i.GUI_USAGE_DecUseCnt  STemWin522_CM4_Keil.lib(guidev_usage.o)
    0x08003c70   0x00000002   Code   RO         6344    i.GUI_X_ExecIdle    gui_x.o
    0x08003c72   0x00000128   Code   RO         7072    i.GUI__CompactPixelIndices  STemWin522_CM4_Keil.lib(gui__compactpixelindices.o)
    0x08003d9a   0x0000003a   Code   RO         7076    i.GUI__IntersectRect  STemWin522_CM4_Keil.lib(gui__intersectrect.o)
    0x08003dd4   0x00000052   Code   RO         7078    i.GUI__IntersectRects  STemWin522_CM4_Keil.lib(gui__intersectrects.o)
    0x08003e26   0x00000002   PAD
    0x08003e28   0x00000010   Code   RO         6594    i.GUI__RegisterExit  STemWin522_CM4_Keil.lib(gui_core.o)
    0x08003e38   0x0000004c   Code   RO         6831    i.GUI__memset       STemWin522_CM4_Keil.lib(gui__memset.o)
    0x08003e84   0x00000058   Code   RO          898    i.HardFault_Handler  stm32f4xx_it.o
    0x08003edc   0x00000018   Code   RO         3733    i.I2S_Cmd           stm32f4xx_spi.o
    0x08003ef4   0x00000168   Code   RO         3735    i.I2S_Init          stm32f4xx_spi.o
    0x0800405c   0x0000005c   Code   RO         2646    i.ILI9488_ClrScr    lcd_ili9488.o
    0x080040b8   0x00000042   Code   RO         2649    i.ILI9488_DrawBMP   lcd_ili9488.o
    0x080040fa   0x000000e0   Code   RO         2654    i.ILI9488_DrawLine  lcd_ili9488.o
    0x080041da   0x00000072   Code   RO         2655    i.ILI9488_DrawRect  lcd_ili9488.o
    0x0800424c   0x00000040   Code   RO         2656    i.ILI9488_FillRect  lcd_ili9488.o
    0x0800428c   0x00000044   Code   RO         2657    i.ILI9488_GetPixel  lcd_ili9488.o
    0x080042d0   0x00000070   Code   RO         2658    i.ILI9488_InitHard  lcd_ili9488.o
    0x08004340   0x00000024   Code   RO         2659    i.ILI9488_PutPixel  lcd_ili9488.o
    0x08004364   0x0000001c   Code   RO         2660    i.ILI9488_QuitWinMode  lcd_ili9488.o
    0x08004380   0x0000004c   Code   RO         2661    i.ILI9488_ReadID    lcd_ili9488.o
    0x080043cc   0x00000044   Code   RO         2662    i.ILI9488_SetCursor  lcd_ili9488.o
    0x08004410   0x00000080   Code   RO         2663    i.ILI9488_SetDirection  lcd_ili9488.o
    0x08004490   0x00000060   Code   RO         2664    i.ILI9488_SetDispWin  lcd_ili9488.o
    0x080044f0   0x00000008   Code   RO         2665    i.ILI9488_WriteCmd  lcd_ili9488.o
    0x080044f8   0x0000000c   Code   RO         2666    i.ILI9488_WriteParam  lcd_ili9488.o
    0x08004504   0x000002d8   Code   RO         5684    i.Init_5420_4001    lcd_spfd5420.o
    0x080047dc   0x000001e2   Code   RO         5685    i.Init_61509        lcd_spfd5420.o
    0x080049be   0x00000002   PAD
    0x080049c0   0x000001b0   Code   RO         2667    i.Init_9488         lcd_ili9488.o
    0x08004b70   0x00000010   Code   RO          692    i.IsTripSwitchClosed  motor.o
    0x08004b80   0x00000030   Code   RO         1486    i.LCD_Blend565      bsp_tft_lcd.o
    0x08004bb0   0x00000034   Code   RO         1489    i.LCD_ClrScr        bsp_tft_lcd.o
    0x08004be4   0x0000001c   Code   RO         6882    i.LCD_Color2Index   STemWin522_CM4_Keil.lib(lcd.o)
    0x08004c00   0x00000164   Code   RO         1490    i.LCD_CtrlLinesConfig  bsp_tft_lcd.o
    0x08004d64   0x000002d8   Code   RO         1494    i.LCD_DispStr       bsp_tft_lcd.o
    0x0800503c   0x00000058   Code   RO         1496    i.LCD_DrawBMP       bsp_tft_lcd.o
    0x08005094   0x00000208   Code   RO         6883    i.LCD_DrawBitmap    STemWin522_CM4_Keil.lib(lcd.o)
    0x0800529c   0x000001fe   Code   RO         1498    i.LCD_DrawButton    bsp_tft_lcd.o
    0x0800549a   0x000001cc   Code   RO         1505    i.LCD_DrawIcon32    bsp_tft_lcd.o
    0x08005666   0x00000002   PAD
    0x08005668   0x00000058   Code   RO         1511    i.LCD_DrawRect      bsp_tft_lcd.o
    0x080056c0   0x00000076   Code   RO         1513    i.LCD_FSMCConfig    bsp_tft_lcd.o
    0x08005736   0x00000002   PAD
    0x08005738   0x00000058   Code   RO         6887    i.LCD_FillRect      STemWin522_CM4_Keil.lib(lcd.o)
    0x08005790   0x0000006c   Code   RO         1514    i.LCD_Fill_Rect     bsp_tft_lcd.o
    0x080057fc   0x00000044   Code   RO         1520    i.LCD_GetPixel      bsp_tft_lcd.o
    0x08005840   0x0000002c   Code   RO         6745    i.LCD_GetPosEx      STemWin522_CM4_Keil.lib(lcd_set.o)
    0x0800586c   0x00000006   Code   RO         6692    i.LCD_GetXSizeEx    STemWin522_CM4_Keil.lib(lcd_getex.o)
    0x08005872   0x00000006   Code   RO         6697    i.LCD_GetYSizeEx    STemWin522_CM4_Keil.lib(lcd_getex.o)
    0x08005878   0x00000004   Code   RO         6921    i.LCD_GetpPalConvTableBM  STemWin522_CM4_Keil.lib(lcd_color.o)
    0x0800587c   0x00000048   Code   RO         6922    i.LCD_GetpPalConvTableUncached  STemWin522_CM4_Keil.lib(lcd_color.o)
    0x080058c4   0x00000074   Code   RO         1523    i.LCD_InitHard      bsp_tft_lcd.o
    0x08005938   0x00000044   Code   RO         1524    i.LCD_PutPixel      bsp_tft_lcd.o
    0x0800597c   0x00000044   Code   RO         7735    i.LCD_SelectLCD     STemWin522_CM4_Keil.lib(lcd_selectlcd.o)
    0x080059c0   0x00000028   Code   RO         1525    i.LCD_SetBackLight  bsp_tft_lcd.o
    0x080059e8   0x00000018   Code   RO         6890    i.LCD_SetBkColorIndex  STemWin522_CM4_Keil.lib(lcd.o)
    0x08005a00   0x0000001c   Code   RO         6891    i.LCD_SetClipRectMax  STemWin522_CM4_Keil.lib(lcd.o)
    0x08005a1c   0x00000018   Code   RO         6893    i.LCD_SetColorIndex  STemWin522_CM4_Keil.lib(lcd.o)
    0x08005a34   0x00000028   Code   RO         1526    i.LCD_SetDirection  bsp_tft_lcd.o
    0x08005a5c   0x0000000c   Code   RO         6894    i.LCD_SetDrawMode   STemWin522_CM4_Keil.lib(lcd.o)
    0x08005a68   0x0000002c   Code   RO         6760    i.LCD_SetPosEx      STemWin522_CM4_Keil.lib(lcd_set.o)
    0x08005a94   0x0000002c   Code   RO         1527    i.LCD_SetPwmBackLight  bsp_tft_lcd.o
    0x08005ac0   0x00000024   Code   RO         7496    i.LCD_UpdateColorIndices  STemWin522_CM4_Keil.lib(lcd_updatecolorindices.o)
    0x08005ae4   0x00000068   Code   RO          695    i.LightModulation_Config  motor.o
    0x08005b4c   0x000000f0   Code   RO          501    i.LoadParam         param.o
    0x08005c3c   0x000002fc   Code   RO          446    i.MainMenu          main_menu.o
    0x08005f38   0x000004c0   Code   RO          538    i.MainTask          measurement.o
    0x080063f8   0x00000004   Code   RO          899    i.MemManage_Handler  stm32f4xx_it.o
    0x080063fc   0x000000d8   Code   RO          696    i.Motor_Config      motor.o
    0x080064d4   0x0000017c   Code   RO          698    i.Motorun           motor.o
    0x08006650   0x00000002   Code   RO          900    i.NMI_Handler       stm32f4xx_it.o
    0x08006652   0x0000009e   Code   RO         2462    i.NVIC_Configuration  bsp.o
    0x080066f0   0x00000078   Code   RO         3179    i.NVIC_Init         misc.o
    0x08006768   0x00000014   Code   RO         3180    i.NVIC_PriorityGroupConfig  misc.o
    0x0800677c   0x000000ac   Code   RO         6249    i.PYSearch          pysearch.o
    0x08006828   0x00000044   Code   RO         5839    i.RA8875_ClrScr     lcd_ra8875.o
    0x0800686c   0x00000070   Code   RO         2021    i.RA8875_ConfigGPIO  bsp_ra8875_port.o
    0x080068dc   0x00000012   Code   RO         2022    i.RA8875_Delaly1ms  bsp_ra8875_port.o
    0x080068ee   0x0000000e   Code   RO         2023    i.RA8875_Delaly1us  bsp_ra8875_port.o
    0x080068fc   0x00000054   Code   RO         5846    i.RA8875_DrawBMP    lcd_ra8875.o
    0x08006950   0x000000a8   Code   RO         5851    i.RA8875_DrawRect   lcd_ra8875.o
    0x080069f8   0x000000b0   Code   RO         5854    i.RA8875_FillRect   lcd_ra8875.o
    0x08006aa8   0x0000003c   Code   RO         5855    i.RA8875_GetPixel   lcd_ra8875.o
    0x08006ae4   0x00000064   Code   RO         2025    i.RA8875_HighSpeedSPI  bsp_ra8875_port.o
    0x08006b48   0x000001ec   Code   RO         5856    i.RA8875_InitHard   lcd_ra8875.o
    0x08006d34   0x00000088   Code   RO         2026    i.RA8875_InitSPI    bsp_ra8875_port.o
    0x08006dbc   0x00000014   Code   RO         5857    i.RA8875_IsBusy     lcd_ra8875.o
    0x08006dd0   0x00000064   Code   RO         2027    i.RA8875_LowSpeedSPI  bsp_ra8875_port.o
    0x08006e34   0x000000c8   Code   RO         5860    i.RA8875_PutPixel   lcd_ra8875.o
    0x08006efc   0x0000001c   Code   RO         5862    i.RA8875_QuitWinMode  lcd_ra8875.o
    0x08006f18   0x00000044   Code   RO         2029    i.RA8875_ReadData   bsp_ra8875_port.o
    0x08006f5c   0x00000054   Code   RO         2030    i.RA8875_ReadData16  bsp_ra8875_port.o
    0x08006fb0   0x00000024   Code   RO         5864    i.RA8875_ReadReg    lcd_ra8875.o
    0x08006fd4   0x00000020   Code   RO         5865    i.RA8875_ReadReg_Int  lcd_ra8875.o
    0x08006ff4   0x00000048   Code   RO         2031    i.RA8875_ReadStatus  bsp_ra8875_port.o
    0x0800703c   0x00000030   Code   RO         5867    i.RA8875_SetBackLight  lcd_ra8875.o
    0x0800706c   0x00000058   Code   RO         5868    i.RA8875_SetCursor  lcd_ra8875.o
    0x080070c4   0x0000009c   Code   RO         5869    i.RA8875_SetDirection  lcd_ra8875.o
    0x08007160   0x00000088   Code   RO         5870    i.RA8875_SetDispWin  lcd_ra8875.o
    0x080071e8   0x00000022   Code   RO         5872    i.RA8875_SetFrontColor  lcd_ra8875.o
    0x0800720a   0x00000002   PAD
    0x0800720c   0x0000003c   Code   RO         5873    i.RA8875_SetReadCursor  lcd_ra8875.o
    0x08007248   0x0000001c   Code   RO         5878    i.RA8875_TouchInit  lcd_ra8875.o
    0x08007264   0x00000084   Code   RO         5879    i.RA8875_TouchReadX  lcd_ra8875.o
    0x080072e8   0x0000000c   Code   RO         5880    i.RA8875_TouchReadY  lcd_ra8875.o
    0x080072f4   0x00000012   Code   RO         5881    i.RA8875_WaitBusy   lcd_ra8875.o
    0x08007306   0x00000002   PAD
    0x08007308   0x00000040   Code   RO         2032    i.RA8875_WriteCmd   bsp_ra8875_port.o
    0x08007348   0x00000040   Code   RO         2033    i.RA8875_WriteData  bsp_ra8875_port.o
    0x08007388   0x00000058   Code   RO         2034    i.RA8875_WriteData16  bsp_ra8875_port.o
    0x080073e0   0x00000024   Code   RO         5882    i.RA8875_WriteReg   lcd_ra8875.o
    0x08007404   0x00000020   Code   RO         2795    i.RCC_AHB1PeriphClockCmd  stm32f4xx_rcc.o
    0x08007424   0x00000020   Code   RO         2801    i.RCC_AHB3PeriphClockCmd  stm32f4xx_rcc.o
    0x08007444   0x00000020   Code   RO         2804    i.RCC_APB1PeriphClockCmd  stm32f4xx_rcc.o
    0x08007464   0x00000020   Code   RO         2806    i.RCC_APB1PeriphResetCmd  stm32f4xx_rcc.o
    0x08007484   0x00000020   Code   RO         2807    i.RCC_APB2PeriphClockCmd  stm32f4xx_rcc.o
    0x080074a4   0x00000020   Code   RO         2809    i.RCC_APB2PeriphResetCmd  stm32f4xx_rcc.o
    0x080074c4   0x00000040   Code   RO         2817    i.RCC_GetFlagStatus  stm32f4xx_rcc.o
    0x08007504   0x0000000c   Code   RO         2823    i.RCC_I2SCLKConfig  stm32f4xx_rcc.o
    0x08007510   0x0000000c   Code   RO         2834    i.RCC_PLLI2SCmd     stm32f4xx_rcc.o
    0x0800751c   0x0000000c   Code   RO         3899    i.SDIO_ClearITPendingBit  stm32f4xx_sdio.o
    0x08007528   0x00000018   Code   RO         3911    i.SDIO_GetITStatus  stm32f4xx_sdio.o
    0x08007540   0x00000008   Code   RO         1087    i.SDIO_IRQHandler   bsp_sdio_sd.o
    0x08007548   0x00000020   Code   RO         3914    i.SDIO_ITConfig     stm32f4xx_sdio.o
    0x08007568   0x00000028   Code   RO         1106    i.SD_ProcessDMAIRQ  bsp_sdio_sd.o
    0x08007590   0x000000ac   Code   RO         1107    i.SD_ProcessIRQSrc  bsp_sdio_sd.o
    0x0800763c   0x0000001a   Code   RO         5686    i.SPFD5420_BGR2RGB  lcd_spfd5420.o
    0x08007656   0x00000002   PAD
    0x08007658   0x0000003c   Code   RO         5687    i.SPFD5420_ClrScr   lcd_spfd5420.o
    0x08007694   0x00000012   Code   RO         5688    i.SPFD5420_Delaly10ms  lcd_spfd5420.o
    0x080076a6   0x00000042   Code   RO         5691    i.SPFD5420_DrawBMP  lcd_spfd5420.o
    0x080076e8   0x0000004c   Code   RO         5694    i.SPFD5420_DrawHLine  lcd_spfd5420.o
    0x08007734   0x000000e0   Code   RO         5696    i.SPFD5420_DrawLine  lcd_spfd5420.o
    0x08007814   0x00000072   Code   RO         5697    i.SPFD5420_DrawRect  lcd_spfd5420.o
    0x08007886   0x00000002   PAD
    0x08007888   0x00000038   Code   RO         5699    i.SPFD5420_GetPixel  lcd_spfd5420.o
    0x080078c0   0x000000d8   Code   RO         5700    i.SPFD5420_InitHard  lcd_spfd5420.o
    0x08007998   0x00000024   Code   RO         5701    i.SPFD5420_PutPixel  lcd_spfd5420.o
    0x080079bc   0x0000001c   Code   RO         5702    i.SPFD5420_QuitWinMode  lcd_spfd5420.o
    0x080079d8   0x0000000a   Code   RO         5703    i.SPFD5420_ReadID   lcd_spfd5420.o
    0x080079e2   0x00000002   PAD
    0x080079e4   0x00000018   Code   RO         5704    i.SPFD5420_ReadReg  lcd_spfd5420.o
    0x080079fc   0x00000022   Code   RO         5705    i.SPFD5420_SetCursor  lcd_spfd5420.o
    0x08007a1e   0x00000056   Code   RO         5706    i.SPFD5420_SetDispWin  lcd_spfd5420.o
    0x08007a74   0x00000018   Code   RO         5707    i.SPFD5420_WriteReg  lcd_spfd5420.o
    0x08007a8c   0x000000d4   Code   RO          901    i.SPI2_IRQHandler   stm32f4xx_it.o
    0x08007b60   0x00000018   Code   RO         3739    i.SPI_Cmd           stm32f4xx_spi.o
    0x08007b78   0x00000014   Code   RO         3744    i.SPI_I2S_ClearITPendingBit  stm32f4xx_spi.o
    0x08007b8c   0x000000b0   Code   RO         3746    i.SPI_I2S_DeInit    stm32f4xx_spi.o
    0x08007c3c   0x00000012   Code   RO         3747    i.SPI_I2S_GetFlagStatus  stm32f4xx_spi.o
    0x08007c4e   0x00000034   Code   RO         3748    i.SPI_I2S_GetITStatus  stm32f4xx_spi.o
    0x08007c82   0x00000020   Code   RO         3749    i.SPI_I2S_ITConfig  stm32f4xx_spi.o
    0x08007ca2   0x00000006   Code   RO         3750    i.SPI_I2S_ReceiveData  stm32f4xx_spi.o
    0x08007ca8   0x00000004   Code   RO         3751    i.SPI_I2S_SendData  stm32f4xx_spi.o
    0x08007cac   0x0000003c   Code   RO         3752    i.SPI_Init          stm32f4xx_spi.o
    0x08007ce8   0x00000038   Code   RO         2035    i.SPI_ShiftByte     bsp_ra8875_port.o
    0x08007d20   0x00000040   Code   RO         3126    i.SYSCFG_EXTILineConfig  stm32f4xx_syscfg.o
    0x08007d60   0x00000594   Code   RO          539    i.Sample            measurement.o
    0x080082f4   0x00000238   Code   RO          540    i.SampleFirst       measurement.o
    0x0800852c   0x00000014   Code   RO          502    i.SaveParam         param.o
    0x08008540   0x00000120   Code   RO         5453    i.SetSysClock       system_stm32f4xx.o
    0x08008660   0x0000003c   Code   RO          702    i.Speaker           motor.o
    0x0800869c   0x00000034   Code   RO          703    i.Speaker_Config    motor.o
    0x080086d0   0x00000008   Code   RO         1341    i.SysTick_Handler   bsp_timer.o
    0x080086d8   0x0000009c   Code   RO         1342    i.SysTick_ISR       bsp_timer.o
    0x08008774   0x00000068   Code   RO         5455    i.SystemInit        system_stm32f4xx.o
    0x080087dc   0x000001c8   Code   RO          902    i.TIM2_IRQHandler   stm32f4xx_it.o
    0x080089a4   0x000000a0   Code   RO         1343    i.TIM3_IRQHandler   bsp_timer.o
    0x08008a44   0x00000060   Code   RO          903    i.TIM5_IRQHandler   stm32f4xx_it.o
    0x08008aa4   0x00000018   Code   RO         4477    i.TIM_ARRPreloadConfig  stm32f4xx_tim.o
    0x08008abc   0x00000006   Code   RO         4483    i.TIM_ClearFlag     stm32f4xx_tim.o
    0x08008ac2   0x00000006   Code   RO         4484    i.TIM_ClearITPendingBit  stm32f4xx_tim.o
    0x08008ac8   0x00000018   Code   RO         4489    i.TIM_Cmd           stm32f4xx_tim.o
    0x08008ae0   0x0000001e   Code   RO         4491    i.TIM_CtrlPWMOutputs  stm32f4xx_tim.o
    0x08008afe   0x00000012   Code   RO         4509    i.TIM_GetFlagStatus  stm32f4xx_tim.o
    0x08008b10   0x00000022   Code   RO         4510    i.TIM_GetITStatus   stm32f4xx_tim.o
    0x08008b32   0x00000012   Code   RO         4514    i.TIM_ITConfig      stm32f4xx_tim.o
    0x08008b44   0x0000007c   Code   RO         4518    i.TIM_OC1Init       stm32f4xx_tim.o
    0x08008bc0   0x00000012   Code   RO         4521    i.TIM_OC1PreloadConfig  stm32f4xx_tim.o
    0x08008bd2   0x00000002   PAD
    0x08008bd4   0x000000a4   Code   RO         4523    i.TIM_OC2Init       stm32f4xx_tim.o
    0x08008c78   0x0000001a   Code   RO         4526    i.TIM_OC2PreloadConfig  stm32f4xx_tim.o
    0x08008c92   0x00000002   PAD
    0x08008c94   0x000000a0   Code   RO         4528    i.TIM_OC3Init       stm32f4xx_tim.o
    0x08008d34   0x00000012   Code   RO         4531    i.TIM_OC3PreloadConfig  stm32f4xx_tim.o
    0x08008d46   0x00000002   PAD
    0x08008d48   0x00000078   Code   RO         4533    i.TIM_OC4Init       stm32f4xx_tim.o
    0x08008dc0   0x0000001a   Code   RO         4535    i.TIM_OC4PreloadConfig  stm32f4xx_tim.o
    0x08008dda   0x00000002   PAD
    0x08008ddc   0x00000084   Code   RO         4561    i.TIM_TimeBaseInit  stm32f4xx_tim.o
    0x08008e60   0x0000000e   Code   RO         1762    i.TOUCH_Abs         bsp_touch.o
    0x08008e6e   0x0000006e   Code   RO         1765    i.TOUCH_DataFilter  bsp_touch.o
    0x08008edc   0x00000060   Code   RO         1767    i.TOUCH_GetKey      bsp_touch.o
    0x08008f3c   0x00000024   Code   RO         1770    i.TOUCH_InRect      bsp_touch.o
    0x08008f60   0x00000070   Code   RO         1771    i.TOUCH_InitHard    bsp_touch.o
    0x08008fd0   0x000000bc   Code   RO         1772    i.TOUCH_LoadParam   bsp_touch.o
    0x0800908c   0x00000048   Code   RO         1773    i.TOUCH_MoveValid   bsp_touch.o
    0x080090d4   0x0000002c   Code   RO         1774    i.TOUCH_PressValid  bsp_touch.o
    0x08009100   0x0000022c   Code   RO         1775    i.TOUCH_PutKey      bsp_touch.o
    0x0800932c   0x00000174   Code   RO         1779    i.TOUCH_Scan        bsp_touch.o
    0x080094a0   0x00000060   Code   RO         1780    i.TOUCH_TransX      bsp_touch.o
    0x08009500   0x00000064   Code   RO         1781    i.TOUCH_TransY      bsp_touch.o
    0x08009564   0x00000054   Code   RO         2358    i.TSC2046_CfgSpiHard  bsp_tsc2046.o
    0x080095b8   0x00000068   Code   RO         2359    i.TSC2046_InitHard  bsp_tsc2046.o
    0x08009620   0x00000018   Code   RO         2360    i.TSC2046_PenInt    bsp_tsc2046.o
    0x08009638   0x00000038   Code   RO         2361    i.TSC2046_ReadAdc   bsp_tsc2046.o
    0x08009670   0x00000030   Code   RO         2362    i.TSC2046_SetCS     bsp_tsc2046.o
    0x080096a0   0x00000004   Code   RO          904    i.UsageFault_Handler  stm32f4xx_it.o
    0x080096a4   0x000001dc   Code   RO          706    i.Valve             motor.o
    0x08009880   0x00000010   Code   RO         6957    i.WM_Activate       STemWin522_CM4_Keil.lib(wm.o)
    0x08009890   0x00000014   Code   RO         6960    i.WM_Deactivate     STemWin522_CM4_Keil.lib(wm.o)
    0x080098a4   0x00000046   Code   RO         6961    i.WM_DefaultProc    STemWin522_CM4_Keil.lib(wm.o)
    0x080098ea   0x00000002   PAD
    0x080098ec   0x00000014   Code   RO         7741    i.WM_GetDesktopWindowEx  STemWin522_CM4_Keil.lib(wm_getdesktopwindowex.o)
    0x08009900   0x0000000e   Code   RO         7261    i.WM_GetFirstChild  STemWin522_CM4_Keil.lib(wm_getfirstchild.o)
    0x0800990e   0x0000000e   Code   RO         7578    i.WM_GetParent      STemWin522_CM4_Keil.lib(wm_getparent.o)
    0x0800991c   0x00000364   Code   RO         7281    i.WM_HandlePID      STemWin522_CM4_Keil.lib(wm_touch.o)
    0x08009c80   0x00000076   Code   RO         6966    i.WM_InvalidateRect  STemWin522_CM4_Keil.lib(wm.o)
    0x08009cf6   0x00000006   Code   RO         6967    i.WM_InvalidateWindow  STemWin522_CM4_Keil.lib(wm.o)
    0x08009cfc   0x0000005e   Code   RO         6968    i.WM_InvalidateWindowAndDescsEx  STemWin522_CM4_Keil.lib(wm.o)
    0x08009d5a   0x00000004   Code   RO         7584    i.WM_IsWindow       STemWin522_CM4_Keil.lib(wm_iswindow.o)
    0x08009d5e   0x00000002   PAD
    0x08009d60   0x0000001c   Code   RO         7589    i.WM_PID__SetPrevState  STemWin522_CM4_Keil.lib(wm_pid__getprevstate.o)
    0x08009d7c   0x00000004   Code   RO         7603    i.WM_ReleaseCapture  STemWin522_CM4_Keil.lib(wm_setcapture.o)
    0x08009d80   0x0000000a   Code   RO         7593    i.WM_Screen2hWin    STemWin522_CM4_Keil.lib(wm_screen2win.o)
    0x08009d8a   0x0000001e   Code   RO         7267    i.WM_SendToParent   STemWin522_CM4_Keil.lib(wm_sendtoparent.o)
    0x08009da8   0x00000010   Code   RO         7251    i.WM__AddCriticalHandle  STemWin522_CM4_Keil.lib(wm_criticalhandle.o)
    0x08009db8   0x00000010   Code   RO         6973    i.WM__Client2Screen  STemWin522_CM4_Keil.lib(wm.o)
    0x08009dc8   0x0000004e   Code   RO         6974    i.WM__ClipAtParentBorders  STemWin522_CM4_Keil.lib(wm.o)
    0x08009e16   0x00000020   Code   RO         7257    i.WM__GetClientRectEx  STemWin522_CM4_Keil.lib(wm_getclientrect.o)
    0x08009e36   0x00000018   Code   RO         6977    i.WM__GetClientRectWin  STemWin522_CM4_Keil.lib(wm.o)
    0x08009e4e   0x00000006   Code   RO         6982    i.WM__Invalidate1Abs  STemWin522_CM4_Keil.lib(wm.o)
    0x08009e54   0x00000046   Code   RO         6983    i.WM__InvalidateDrawAndDescs  STemWin522_CM4_Keil.lib(wm.o)
    0x08009e9a   0x00000076   Code   RO         6985    i.WM__InvalidateRect  STemWin522_CM4_Keil.lib(wm.o)
    0x08009f10   0x00000006   Code   RO         6986    i.WM__InvalidateRectEx  STemWin522_CM4_Keil.lib(wm.o)
    0x08009f16   0x00000002   PAD
    0x08009f18   0x00000022   Code   RO         7568    i.WM__IsAncestor    STemWin522_CM4_Keil.lib(wm__isancestor.o)
    0x08009f3a   0x00000016   Code   RO         7572    i.WM__IsEnabled     STemWin522_CM4_Keil.lib(wm__isenabled.o)
    0x08009f50   0x00000048   Code   RO         7282    i.WM__IsInModalArea  STemWin522_CM4_Keil.lib(wm_touch.o)
    0x08009f98   0x00000030   Code   RO         7595    i.WM__IsInWindow    STemWin522_CM4_Keil.lib(wm_screen2win.o)
    0x08009fc8   0x00000024   Code   RO         6987    i.WM__IsWindow      STemWin522_CM4_Keil.lib(wm.o)
    0x08009fec   0x00000020   Code   RO         6991    i.WM__RectIsNZ      STemWin522_CM4_Keil.lib(wm.o)
    0x0800a00c   0x0000002c   Code   RO         7605    i.WM__ReleaseCapture  STemWin522_CM4_Keil.lib(wm_setcapture.o)
    0x0800a038   0x0000002c   Code   RO         7252    i.WM__RemoveCriticalHandle  STemWin522_CM4_Keil.lib(wm_criticalhandle.o)
    0x0800a064   0x0000003c   Code   RO         7246    i.WM__SendMessage   STemWin522_CM4_Keil.lib(wm__sendmessage.o)
    0x0800a0a0   0x0000001c   Code   RO         7574    i.WM__SendMessageIfEnabled  STemWin522_CM4_Keil.lib(wm__sendmessageifenabled.o)
    0x0800a0bc   0x0000003e   Code   RO         7283    i.WM__SendPIDMessage  STemWin522_CM4_Keil.lib(wm_touch.o)
    0x0800a0fa   0x00000036   Code   RO         7284    i.WM__SendTouchMessage  STemWin522_CM4_Keil.lib(wm_touch.o)
    0x0800a130   0x00000078   Code   RO         6529    i._AddFreeMemory    STemWin522_CM4_Keil.lib(gui_alloc.o)
    0x0800a1a8   0x000000bc   Code   RO         6530    i._Alloc            STemWin522_CM4_Keil.lib(gui_alloc.o)
    0x0800a264   0x00000098   Code   RO         7639    i._CreateBuffer     STemWin522_CM4_Keil.lib(gui_sprite.o)
    0x0800a2fc   0x00000014   Code   RO         7124    i._DecPointer       STemWin522_CM4_Keil.lib(gui_pid.o)
    0x0800a310   0x00000020   Code   RO         6997    i._DesktopHandle2Index  STemWin522_CM4_Keil.lib(wm.o)
    0x0800a330   0x00000094   Code   RO         6531    i._EnlargeBlocks    STemWin522_CM4_Keil.lib(gui_alloc.o)
    0x0800a3c4   0x00000074   Code   RO         7645    i._FlushBuffer      STemWin522_CM4_Keil.lib(gui_sprite.o)
    0x0800a438   0x0000006c   Code   RO         7646    i._GetBkPixel       STemWin522_CM4_Keil.lib(gui_sprite.o)
    0x0800a4a4   0x0000001e   Code   RO         6703    i._GetDevProp       STemWin522_CM4_Keil.lib(lcd_getex.o)
    0x0800a4c2   0x00000002   PAD
    0x0800a4c4   0x0000001c   Code   RO         6532    i._GetMinIndex      STemWin522_CM4_Keil.lib(gui_alloc.o)
    0x0800a4e0   0x00000014   Code   RO         7125    i._IncPointer       STemWin522_CM4_Keil.lib(gui_pid.o)
    0x0800a4f4   0x000000a4   Code   RO         6533    i._InitOnce         STemWin522_CM4_Keil.lib(gui_alloc.o)
    0x0800a598   0x00000080   Code   RO         7004    i._Invalidate1Abs   STemWin522_CM4_Keil.lib(wm.o)
    0x0800a618   0x00000034   Code   RO         6534    i._OnExit           STemWin522_CM4_Keil.lib(gui_alloc.o)
    0x0800a64c   0x00000040   Code   RO         6535    i._PopFreeBlock     STemWin522_CM4_Keil.lib(gui_alloc.o)
    0x0800a68c   0x00000024   Code   RO         6536    i._PushFreeBlock    STemWin522_CM4_Keil.lib(gui_alloc.o)
    0x0800a6b0   0x0000001c   Code   RO         7656    i._ReleaseBuffer    STemWin522_CM4_Keil.lib(gui_sprite.o)
    0x0800a6cc   0x00000034   Code   RO         6537    i._RemoveFreeBlock  STemWin522_CM4_Keil.lib(gui_alloc.o)
    0x0800a700   0x000000a0   Code   RO         6538    i._RemoveHoles      STemWin522_CM4_Keil.lib(gui_alloc.o)
    0x0800a7a0   0x0000005a   Code   RO         7596    i._Screen2hWin      STemWin522_CM4_Keil.lib(wm_screen2win.o)
    0x0800a7fa   0x00000002   PAD
    0x0800a7fc   0x00000024   Code   RO         7597    i._Screen2hWinStop  STemWin522_CM4_Keil.lib(wm_screen2win.o)
    0x0800a820   0x00000020   Code   RO         6896    i._SetBkColor       STemWin522_CM4_Keil.lib(lcd.o)
    0x0800a840   0x00000020   Code   RO         6897    i._SetColor         STemWin522_CM4_Keil.lib(lcd.o)
    0x0800a860   0x0000002c   Code   RO         6898    i._SetDrawMode      STemWin522_CM4_Keil.lib(lcd.o)
    0x0800a88c   0x00000034   Code   RO         6646    i._SetMinMax        STemWin522_CM4_Keil.lib(gui_touch_driveranalog.o)
    0x0800a8c0   0x000002ac   Code   RO         7661    i._SetPosition      STemWin522_CM4_Keil.lib(gui_sprite.o)
    0x0800ab6c   0x0000004a   Code   RO         7662    i._SetSpriteBkPixel  STemWin522_CM4_Keil.lib(gui_sprite.o)
    0x0800abb6   0x00000002   PAD
    0x0800abb8   0x00000058   Code   RO         7126    i._StoreState       STemWin522_CM4_Keil.lib(gui_pid.o)
    0x0800ac10   0x00000030   Code   RO         6647    i._StoreUnstable    STemWin522_CM4_Keil.lib(gui_touch_driveranalog.o)
    0x0800ac40   0x000000ea   Code   RO         6539    i._TestRAM          STemWin522_CM4_Keil.lib(gui_alloc.o)
    0x0800ad2a   0x00000002   PAD
    0x0800ad2c   0x00000030   Code   RO         6625    i._UnlinkDevice     STemWin522_CM4_Keil.lib(gui_device.o)
    0x0800ad5c   0x0000000e   Code   RO         6540    i._WriteTagData     STemWin522_CM4_Keil.lib(gui_alloc.o)
    0x0800ad6a   0x00000006   PAD
    0x0800ad70   0x000003c4   Code   RO         7770    i.__hardfp_log      m_wm.l(log.o)
    0x0800b134   0x00000004   PAD
    0x0800b138   0x00000130   Code   RO         7784    i.__hardfp_log10    m_wm.l(log10.o)
    0x0800b268   0x0000007a   Code   RO         7796    i.__hardfp_sqrt     m_wm.l(sqrt.o)
    0x0800b2e2   0x000000f8   Code   RO         7869    i.__kernel_poly     m_wm.l(poly.o)
    0x0800b3da   0x00000006   PAD
    0x0800b3e0   0x00000030   Code   RO         7855    i.__mathlib_dbl_divzero  m_wm.l(dunder.o)
    0x0800b410   0x00000014   Code   RO         7856    i.__mathlib_dbl_infnan  m_wm.l(dunder.o)
    0x0800b424   0x00000004   PAD
    0x0800b428   0x00000020   Code   RO         7858    i.__mathlib_dbl_invalid  m_wm.l(dunder.o)
    0x0800b448   0x0000000e   Code   RO         7910    i.__scatterload_copy  mc_w.l(handlers.o)
    0x0800b456   0x00000002   Code   RO         7911    i.__scatterload_null  mc_w.l(handlers.o)
    0x0800b458   0x0000000e   Code   RO         7912    i.__scatterload_zeroinit  mc_w.l(handlers.o)
    0x0800b466   0x00000006   Code   RO         1344    i.__set_PRIMASK     bsp_timer.o
    0x0800b46c   0x0000000c   Code   RO         7894    i.__set_errno       mc_w.l(errno.o)
    0x0800b478   0x0000005c   Code   RO         1910    i.bsp_CfgSPIForW25  bsp_ra8875_flash.o
    0x0800b4d4   0x00000036   Code   RO         2400    i.bsp_ConfigGpioOut  bsp_tim_pwm.o
    0x0800b50a   0x00000002   PAD
    0x0800b50c   0x000000ac   Code   RO         2401    i.bsp_ConfigTimGpio  bsp_tim_pwm.o
    0x0800b5b8   0x00000044   Code   RO         1346    i.bsp_DelayMS       bsp_timer.o
    0x0800b5fc   0x000000bc   Code   RO         2402    i.bsp_GetAFofTIM    bsp_tim_pwm.o
    0x0800b6b8   0x00000092   Code   RO         2403    i.bsp_GetPinSource  bsp_tim_pwm.o
    0x0800b74a   0x00000002   PAD
    0x0800b74c   0x00000084   Code   RO         2404    i.bsp_GetRCCofGPIO  bsp_tim_pwm.o
    0x0800b7d0   0x000000cc   Code   RO         2405    i.bsp_GetRCCofTIM   bsp_tim_pwm.o
    0x0800b89c   0x0000000c   Code   RO         2463    i.bsp_Idle          bsp.o
    0x0800b8a8   0x00000050   Code   RO         2464    i.bsp_Init          bsp.o
    0x0800b8f8   0x00000198   Code   RO         2623    i.bsp_InitADC       bsp_adc.o
    0x0800ba90   0x00000068   Code   RO         1349    i.bsp_InitHardTimer  bsp_timer.o
    0x0800baf8   0x00000038   Code   RO         2512    i.bsp_InitI2C       bsp_i2c_gpio.o
    0x0800bb30   0x00000018   Code   RO         1911    i.bsp_InitRA8875Flash  bsp_ra8875_flash.o
    0x0800bb48   0x00000058   Code   RO         2281    i.bsp_InitSPIBus    bsp_spi_bus.o
    0x0800bba0   0x0000009c   Code   RO         1350    i.bsp_InitTimer     bsp_timer.o
    0x0800bc3c   0x0000007c   Code   RO          541    i.bsp_KeyScan       measurement.o
    0x0800bcb8   0x00000024   Code   RO         2465    i.bsp_RunPer10ms    bsp.o
    0x0800bcdc   0x0000000c   Code   RO         2466    i.bsp_RunPer1ms     bsp.o
    0x0800bce8   0x00000002   Code   RO         2467    i.bsp_RunPer1s      bsp.o
    0x0800bcea   0x00000002   PAD
    0x0800bcec   0x00000014   Code   RO         2282    i.bsp_SPI_Init      bsp_spi_bus.o
    0x0800bd00   0x000001a4   Code   RO         2406    i.bsp_SetTIMOutPWM  bsp_tim_pwm.o
    0x0800bea4   0x0000001c   Code   RO         1351    i.bsp_SoftTimerDec  bsp_timer.o
    0x0800bec0   0x0000000c   Code   RO         2283    i.bsp_SpiBusBusy    bsp_spi_bus.o
    0x0800becc   0x0000000c   Code   RO         2284    i.bsp_SpiBusEnter   bsp_spi_bus.o
    0x0800bed8   0x0000000c   Code   RO         2285    i.bsp_SpiBusExit    bsp_spi_bus.o
    0x0800bee4   0x00000038   Code   RO         2287    i.bsp_spiRead0      bsp_spi_bus.o
    0x0800bf1c   0x00000038   Code   RO         2288    i.bsp_spiRead1      bsp_spi_bus.o
    0x0800bf54   0x00000034   Code   RO         2289    i.bsp_spiWrite0     bsp_spi_bus.o
    0x0800bf88   0x00000034   Code   RO         2290    i.bsp_spiWrite1     bsp_spi_bus.o
    0x0800bfbc   0x0000007e   Code   RO         1455    i.ee_ReadBytes      bsp_eeprom_24xx.o
    0x0800c03a   0x0000008e   Code   RO         1456    i.ee_WriteBytes     bsp_eeprom_24xx.o
    0x0800c0c8   0x00000030   Code   RO         2513    i.i2c_Ack           bsp_i2c_gpio.o
    0x0800c0f8   0x00000038   Code   RO         2514    i.i2c_CheckDevice   bsp_i2c_gpio.o
    0x0800c130   0x0000000e   Code   RO         2515    i.i2c_Delay         bsp_i2c_gpio.o
    0x0800c13e   0x00000002   PAD
    0x0800c140   0x00000028   Code   RO         2516    i.i2c_NAck          bsp_i2c_gpio.o
    0x0800c168   0x00000044   Code   RO         2517    i.i2c_ReadByte      bsp_i2c_gpio.o
    0x0800c1ac   0x00000050   Code   RO         2518    i.i2c_SendByte      bsp_i2c_gpio.o
    0x0800c1fc   0x00000030   Code   RO         2519    i.i2c_Start         bsp_i2c_gpio.o
    0x0800c22c   0x00000024   Code   RO         2520    i.i2c_Stop          bsp_i2c_gpio.o
    0x0800c250   0x0000003c   Code   RO         2521    i.i2c_WaitAck       bsp_i2c_gpio.o
    0x0800c28c   0x000000d8   Code   RO          980    i.keyboard          typewriting.o
    0x0800c364   0x00000010   Code   RO         7772    i.log               m_wm.l(log.o)
    0x0800c374   0x00000084   Code   RO            4    i.main              main.o
    0x0800c3f8   0x00000c8c   Code   RO          981    i.typewriting       typewriting.o
    0x0800d084   0x00000068   Code   RO         1912    i.w25_ConfigGPIO    bsp_ra8875_flash.o
    0x0800d0ec   0x0000000c   Code   RO         1913    i.w25_CtrlByMCU     bsp_ra8875_flash.o
    0x0800d0f8   0x0000000c   Code   RO         1914    i.w25_CtrlByRA8875  bsp_ra8875_flash.o
    0x0800d104   0x00000038   Code   RO         1918    i.w25_ReadID        bsp_ra8875_flash.o
    0x0800d13c   0x00000080   Code   RO         1919    i.w25_ReadInfo      bsp_ra8875_flash.o
    0x0800d1bc   0x00000030   Code   RO         1921    i.w25_SetCS         bsp_ra8875_flash.o
    0x0800d1ec   0x00000078   Data   RO          447    .constdata          main_menu.o
    0x0800d264   0x00000320   Data   RO          713    .constdata          motor.o
    0x0800d584   0x000004d4   Data   RO          905    .constdata          stm32f4xx_it.o
    0x0800da58   0x0000055c   Data   RO          983    .constdata          typewriting.o
    0x0800dfb4   0x000005f4   Data   RO         6139    .constdata          asc12.o
    0x0800e5a8   0x00000e00   Data   RO         6146    .constdata          asc16.o
    0x0800f3a8   0x00000494   Data   RO         6153    .constdata          hz12.o
    0x0800f83c   0x000005fc   Data   RO         6160    .constdata          hz16.o
    0x0800fe38   0x000006ce   Data   RO         6174    .constdata          hz48.o
    0x08010506   0x0000120a   Data   RO         6181    .constdata          hz96.o
    0x08011710   0x00003600   Data   RO         6221    .constdata          asc48.o
    0x08014d10   0x00001200   Data   RO         6228    .constdata          asc24.o
    0x08015f10   0x0007a462   Data   RO         6235    .constdata          hzk24.o
    0x08090372   0x00003436   Data   RO         6242    .constdata          hz64.o
    0x080937a8   0x0000462c   Data   RO         6250    .constdata          pysearch.o
    0x08097dd4   0x00010037   Data   RO         6447    .constdata          maintaining.o
    0x080a7e0b   0x00010037   Data   RO         6454    .constdata          measureture.o
    0x080b7e42   0x00010037   Data   RO         6461    .constdata          preferences.o
    0x080c7e79   0x00010037   Data   RO         6468    .constdata          print.o
    0x080d7eb0   0x00010037   Data   RO         6475    .constdata          qc.o
    0x080e7ee7   0x00010037   Data   RO         6482    .constdata          record.o
    0x080f7f1e   0x00000002   PAD
    0x080f7f20   0x0000000c   Data   RO         6900    .constdata          STemWin522_CM4_Keil.lib(lcd.o)
    0x080f7f2c   0x00000518   Data   RO         6936    .constdata          STemWin522_CM4_Keil.lib(f6x8.o)
    0x080f8444   0x000001c0   Data   RO         6937    .constdata          STemWin522_CM4_Keil.lib(f6x8.o)
    0x080f8604   0x00000008   Data   RO         6938    .constdata          STemWin522_CM4_Keil.lib(f6x8.o)
    0x080f860c   0x00000014   Data   RO         6939    .constdata          STemWin522_CM4_Keil.lib(f6x8.o)
    0x080f8620   0x00000024   Data   RO         6940    .constdata          STemWin522_CM4_Keil.lib(f6x8.o)
    0x080f8644   0x00000004   PAD
    0x080f8648   0x00000038   Data   RO         7773    .constdata          m_wm.l(log.o)
    0x080f8680   0x00000008   Data   RO         7871    .constdata          m_wm.l(qnan.o)
    0x080f8688   0x00000131   Data   RO          984    .conststring        typewriting.o
    0x080f87b9   0x00000003   PAD
    0x080f87bc   0x000000f3   Data   RO         6251    .conststring        pysearch.o
    0x080f88af   0x00000001   PAD
    0x080f88b0   0x00000020   Data   RO         7908    Region$$Table       anon$$obj.o


    Execution Region RW_IRAM1 (Base: 0x20000000, Size: 0x0000a6b0, Max: 0x00030000, ABSOLUTE, COMPRESSED[0x00000de4])

    Base Addr    Size         Type   Attr      Idx    E Section Name        Object

    0x20000000   0x0000002b   Data   RW            5    .data               main.o
    0x2000002b   0x00000001   PAD
    0x2000002c   0x000000cc   Data   RW          448    .data               main_menu.o
    0x200000f8   0x00000128   Data   RW          543    .data               measurement.o
    0x20000220   0x0000104e   Data   RW          714    .data               motor.o
    0x2000126e   0x00000002   PAD
    0x20001270   0x00000005   Data   RW          906    .data               stm32f4xx_it.o
    0x20001275   0x00000001   PAD
    0x20001276   0x0000001e   Data   RW          985    .data               typewriting.o
    0x20001294   0x00000018   Data   RW         1120    .data               bsp_sdio_sd.o
    0x200012ac   0x00000020   Data   RW         1357    .data               bsp_timer.o
    0x200012cc   0x0000000e   Data   RW         1528    .data               bsp_tft_lcd.o
    0x200012da   0x00000008   Data   RW         1785    .data               bsp_touch.o
    0x200012e2   0x00000002   Data   RW         2036    .data               bsp_ra8875_port.o
    0x200012e4   0x00000070   Data   RW         2137    .data               bsp_gt811.o
    0x20001354   0x00000001   Data   RW         2291    .data               bsp_spi_bus.o
    0x20001355   0x00000001   Data   RW         2668    .data               lcd_ili9488.o
    0x20001356   0x00000002   PAD
    0x20001358   0x00000004   Data   RW         5457    .data               system_stm32f4xx.o
    0x2000135c   0x00000001   Data   RW         5518    .data               guidrv_template.o
    0x2000135d   0x00000001   Data   RW         5708    .data               lcd_spfd5420.o
    0x2000135e   0x0000000f   Data   RW         5883    .data               lcd_ra8875.o
    0x2000136d   0x00000003   PAD
    0x20001370   0x0000006c   Data   RW         6252    .data               pysearch.o
    0x200013dc   0x00000008   Data   RW         6542    .data               STemWin522_CM4_Keil.lib(gui_alloc.o)
    0x200013e4   0x0000002c   Data   RW         6599    .data               STemWin522_CM4_Keil.lib(gui_core.o)
    0x20001410   0x00000004   Data   RW         6601    .data               STemWin522_CM4_Keil.lib(gui_core.o)
    0x20001414   0x00000004   Data   RW         6603    .data               STemWin522_CM4_Keil.lib(gui_core.o)
    0x20001418   0x00000002   Data   RW         6604    .data               STemWin522_CM4_Keil.lib(gui_core.o)
    0x2000141a   0x00000002   Data   RW         6605    .data               STemWin522_CM4_Keil.lib(gui_core.o)
    0x2000141c   0x00000030   Data   RW         6649    .data               STemWin522_CM4_Keil.lib(gui_touch_driveranalog.o)
    0x2000144c   0x00000008   Data   RW         6866    .data               STemWin522_CM4_Keil.lib(gui_touch_storeunstable.o)
    0x20001454   0x00000004   Data   RW         6901    .data               STemWin522_CM4_Keil.lib(lcd.o)
    0x20001458   0x00000010   Data   RW         6927    .data               STemWin522_CM4_Keil.lib(lcd_color.o)
    0x20001468   0x00000058   Data   RW         7013    .data               STemWin522_CM4_Keil.lib(wm.o)
    0x200014c0   0x00000001   Data   RW         7014    .data               STemWin522_CM4_Keil.lib(wm.o)
    0x200014c1   0x00000003   PAD
    0x200014c4   0x00000008   Data   RW         7128    .data               STemWin522_CM4_Keil.lib(gui_pid.o)
    0x200014cc   0x00000008   Data   RW         7151    .data               STemWin522_CM4_Keil.lib(gui_selectlayer.o)
    0x200014d4   0x0000000c   Data   RW         7170    .data               STemWin522_CM4_Keil.lib(gui_waitevent.o)
    0x200014e0   0x00000004   Data   RW         7247    .data               STemWin522_CM4_Keil.lib(wm__sendmessage.o)
    0x200014e4   0x00000008   Data   RW         7289    .data               STemWin522_CM4_Keil.lib(wm_touch.o)
    0x200014ec   0x00000004   Data   RW         7895    .data               mc_w.l(errno.o)
    0x200014f0   0x0000004c   Zero   RW          503    .bss                param.o
    0x2000153c   0x00000004   PAD
    0x20001540   0x00000592   Zero   RW          542    .bss                measurement.o
    0x20001ad2   0x00000006   PAD
    0x20001ad8   0x00008128   Zero   RW          712    .bss                motor.o
    0x20009c00   0x000003a4   Zero   RW          982    .bss                typewriting.o
    0x20009fa4   0x00000030   Zero   RW         1356    .bss                bsp_timer.o
    0x20009fd4   0x0000006c   Zero   RW         1784    .bss                bsp_touch.o
    0x2000a040   0x0000000c   Zero   RW         1926    .bss                bsp_ra8875_flash.o
    0x2000a04c   0x00000022   Zero   RW         2136    .bss                bsp_gt811.o
    0x2000a06e   0x0000000a   Zero   RW         2624    .bss                bsp_adc.o
    0x2000a078   0x000000c8   Zero   RW         6541    .bss                STemWin522_CM4_Keil.lib(gui_alloc.o)
    0x2000a140   0x00000078   Zero   RW         6597    .bss                STemWin522_CM4_Keil.lib(gui_core.o)
    0x2000a1b8   0x00000010   Zero   RW         6648    .bss                STemWin522_CM4_Keil.lib(gui_touch_driveranalog.o)
    0x2000a1c8   0x0000000c   Zero   RW         6663    .bss                STemWin522_CM4_Keil.lib(gui_touch_storestate.o)
    0x2000a1d4   0x0000000c   Zero   RW         6861    .bss                STemWin522_CM4_Keil.lib(gui_touch.o)
    0x2000a1e0   0x00000048   Zero   RW         7127    .bss                STemWin522_CM4_Keil.lib(gui_pid.o)
    0x2000a228   0x00000048   Zero   RW         7288    .bss                STemWin522_CM4_Keil.lib(wm_touch.o)
    0x2000a270   0x00000028   Zero   RW         7336    .bss                STemWin522_CM4_Keil.lib(gui_curs1.o)
    0x2000a298   0x00000018   Zero   RW         7590    .bss                STemWin522_CM4_Keil.lib(wm_pid__getprevstate.o)
    0x2000a2b0   0x00000400   Zero   RW         2786    STACK               startup_stm32f427x.o


==============================================================================

Image component sizes


      Code (inc. data)   RO Data    RW Data    ZI Data      Debug   Object Name

         0          0       1524          0          0        336   asc12.o
         0          0       3584          0          0        408   asc16.o
         0          0       4608          0          0        408   asc24.o
         0          0      13824          0          0        408   asc48.o
       300          8          0          0          0       3147   bsp.o
       408         28          0          0         10       1520   bsp_adc.o
       268          0          0          0          0       2127   bsp_eeprom_24xx.o
       640         30          0        112         34       5140   bsp_gt811.o
       506         42          0          0          0       5724   bsp_i2c_gpio.o
       476         44          0          0         12       5290   bsp_ra8875_flash.o
       976        100          0          2          0       8204   bsp_ra8875_port.o
       228         18          0         24          0      11988   bsp_sdio_sd.o
       360         42          0          1          0       5199   bsp_spi_bus.o
      2932        136          0         14          0      16097   bsp_tft_lcd.o
      1316        182          0          0          0       5952   bsp_tim_pwm.o
       686         82          0         32         48      33576   bsp_timer.o
      1818        104          0          8        108      11441   bsp_touch.o
       316         24          0          0          0       2954   bsp_tsc2046.o
         2          0          0          0          0        457   gui_x.o
        32         10          0          0          0       2066   gui_x_touch_analog.o
         0          0          0          1          0      47621   guidrv_template.o
         0          0       1172          0          0        325   hz12.o
         0          0       1532          0          0        325   hz16.o
         0          0       1742          0          0        397   hz48.o
         0          0      13366          0          0        397   hz64.o
         0          0       4618          0          0        325   hz96.o
         0          0     500834          0          0        402   hzk24.o
      1624         80          0          1          0      11697   lcd_ili9488.o
      2286        172          0         15          0      17745   lcd_ra8875.o
      2308         68          0          1          0      13060   lcd_spfd5420.o
       132         14          0         43          0     331965   main.o
      1628        204        120        204          0       4589   main_menu.o
         0          0      65591          0          0        360   maintaining.o
      9980        618          0        296       1426      13599   measurement.o
         0          0      65591          0          0        360   measureture.o
       140         24          0          0          0       1731   misc.o
      2308        162        800       4174      33064       9738   motor.o
       260         10          0          0         76       2279   param.o
         0          0      65591          0          0        360   preferences.o
         0          0      65591          0          0        334   print.o
       172          4      18207        108          0      21740   pysearch.o
         0          0      65591          0          0        319   qc.o
         0          0      65591          0          0        335   record.o
        36          8        428          0       1024        884   startup_stm32f427x.o
       392         24          0          0          0       5927   stm32f4xx_adc.o
       162         20          0          0          0       3233   stm32f4xx_dma.o
       184         16          0          0          0       2332   stm32f4xx_exti.o
       348          6          0          0          0       2255   stm32f4xx_fmc.o
       250          0          0          0          0       4503   stm32f4xx_gpio.o
       976        158       1236          5          0       6282   stm32f4xx_it.o
       280         52          0          0          0       5749   stm32f4xx_rcc.o
        68         16          0          0          0       1852   stm32f4xx_sdio.o
       776         34          0          0          0       8317   stm32f4xx_spi.o
        64          4          0          0          0        704   stm32f4xx_syscfg.o
       948         66          0          0          0      12294   stm32f4xx_tim.o
       392         32          0          4          0       1941   system_stm32f4xx.o
      3428        220       1677         30        932       4809   typewriting.o

    ----------------------------------------------------------------------
     40454       2862     962856       5084      36744     663527   Object Totals
         0          0         32          0          0          0   (incl. Generated)
        48          0          6          9         10          0   (incl. Padding)

    ----------------------------------------------------------------------

      Code (inc. data)   RO Data    RW Data    ZI Data      Debug   Library Member Name

         0          0       1816          0          0          0   f6x8.o
       296          0          0          0          0        124   gui__compactpixelindices.o
        58          0          0          0          0        116   gui__intersectrect.o
        82          0          0          0          0        128   gui__intersectrects.o
        76          0          0          0          0        124   gui__memset.o
      1514         86          0          8        200       2384   gui_alloc.o
       394         12          0          0          0        492   gui_charm.o
        16          6          0         56        120        116   gui_core.o
       112          6          0          0         40        140   gui_curs1.o
       220         14          0          0          0        592   gui_device.o
       160          0          0          0          0        248   gui_getbitmappixelindex.o
        88          0          0          0          0        124   gui_mergerect.o
        30          0          0          0          0        116   gui_moverect.o
       256         36          0          8         72        732   gui_pid.o
        46          4          0          8          0        360   gui_selectlayer.o
        18          0          0          0          0        128   gui_selectlcd.o
      1172          4          0          0          0        936   gui_sprite.o
        40          4          0          0         12        132   gui_touch.o
       448         26          0         48         16        380   gui_touch_driveranalog.o
        36          6          0          0         12        116   gui_touch_storestate.o
        48          6          0          8          0        136   gui_touch_storeunstable.o
        16          4          0         12          0        116   gui_waitevent.o
       148         12          0          0          0        260   guidev.o
        36          0          0          0          0        128   guidev_usage.o
       832         62         12          4          0       1244   lcd.o
        76          4          0         16          0        248   lcd_color.o
        42          0          0          0          0        360   lcd_getex.o
        68         10          0          0          0        128   lcd_selectlcd.o
        88          0          0          0          0        264   lcd_set.o
        36          4          0          0          0        128   lcd_updatecolorindices.o
       870         26          0         89          0       2092   wm.o
        34          0          0          0          0        128   wm__isancestor.o
        22          0          0          0          0        124   wm__isenabled.o
        60          6          0          4          0        136   wm__sendmessage.o
        28          0          0          0          0        140   wm__sendmessageifenabled.o
        60         12          0          0          0        232   wm_criticalhandle.o
        32          0          0          0          0        128   wm_getclientrect.o
        20          4          0          0          0        116   wm_getdesktopwindowex.o
        14          0          0          0          0        124   wm_getfirstchild.o
        14          0          0          0          0        124   wm_getparent.o
         4          0          0          0          0        116   wm_iswindow.o
        28          4          0          0         24        116   wm_pid__getprevstate.o
       184          6          0          0          0        504   wm_screen2win.o
        30          0          0          0          0        140   wm_sendtoparent.o
        48          8          0          0          0        244   wm_setcapture.o
      1056         38          0          8         72        532   wm_touch.o
       100         28          0          0          0        372   dunder.o
       980         92         56          0          0        440   log.o
       304         44          0          0          0        200   log10.o
       248          0          0          0          0        152   poly.o
         0          0          8          0          0          0   qnan.o
       122          0          0          0          0        148   sqrt.o
        94          0          0          0          0          0   __dclz77c.o
         0          0          0          0          0          0   entry.o
         0          0          0          0          0          0   entry10a.o
         0          0          0          0          0          0   entry11a.o
         8          4          0          0          0          0   entry2.o
         4          0          0          0          0          0   entry5.o
         0          0          0          0          0          0   entry7b.o
         0          0          0          0          0          0   entry8b.o
         8          4          0          0          0          0   entry9a.o
        12          6          0          4          0         68   errno.o
        30          0          0          0          0          0   handlers.o
        36          8          0          0          0         68   init.o
         0          0          0          0          0          0   iusefp.o
        30          0          0          0          0         68   llshl.o
        36          0          0          0          0         68   llsshr.o
        32          0          0          0          0         68   llushr.o
        26          0          0          0          0         80   memcmp.o
        64          0          0          0          0         76   memmovea.o
        36          0          0          0          0        108   memseta.o
        18          0          0          0          0         68   strcpy.o
        14          0          0          0          0         68   strlen.o
        30          0          0          0          0         80   strncmp.o
        48          0          0          0          0         68   cdcmple.o
        48          0          0          0          0         68   cdrcmple.o
        56          0          0          0          0         88   d2f.o
       334          0          0          0          0        148   dadd.o
       222          0          0          0          0        100   ddiv.o
       186          0          0          0          0        176   depilogue.o
        62          0          0          0          0         80   dfixi.o
        50          0          0          0          0         76   dfixui.o
        34          0          0          0          0         76   dflti.o
        26          0          0          0          0         76   dfltui.o
        24          0          0          0          0         76   dfltul.o
       228          0          0          0          0         96   dmul.o
       162          0          0          0          0        100   dsqrt.o
        38          0          0          0          0         68   f2d.o
       110          0          0          0          0        168   fepilogue.o

    ----------------------------------------------------------------------
     12858        600       1896        276        568      19092   Library Totals
        42          4          4          3          0          0   (incl. Padding)

    ----------------------------------------------------------------------

      Code (inc. data)   RO Data    RW Data    ZI Data      Debug   Library Name

      8956        410       1828        269        568      15496   STemWin522_CM4_Keil.lib
      1754        164         64          0          0       1312   m_wm.l
       478         22          0          4          0        820   mc_w.l
      1628          0          0          0          0       1464   mf_w.l

    ----------------------------------------------------------------------
     12858        600       1896        276        568      19092   Library Totals

    ----------------------------------------------------------------------

==============================================================================


      Code (inc. data)   RO Data    RW Data    ZI Data      Debug   

     53312       3462     964752       5360      37312     641607   Grand Totals
     53312       3462     964752       3556      37312     641607   ELF Image Totals (compressed)
     53312       3462     964752       3556          0          0   ROM Totals

==============================================================================

    Total RO  Size (Code + RO Data)              1018064 ( 994.20kB)
    Total RW  Size (RW Data + ZI Data)             42672 (  41.67kB)
    Total ROM Size (Code + RO Data + RW Data)    1021620 ( 997.68kB)

==============================================================================

