<html>
<body>
<pre>
<h1>礦ision Build Log</h1>
<h2>Tool Versions:</h2>
IDE-Version: μVision V5.14.0.0
Copyright (C) 2015 ARM Ltd and ARM Germany GmbH. All rights reserved.
License Information: t t, t, LIC=WHY30-BQN4Q-PZ9WB-2LCKV-C7LGI-2AR5Q
 
Tool Versions:
Toolchain:       MDK-ARM Standard  Version: 5.14.0.0
Toolchain Path:  C:\Keil_v5\ARM\ARMCC\Bin
C Compiler:      Armcc.exe V5.05 update 1 (build 106)
Assembler:       Armasm.exe V5.05 update 1 (build 106)
Linker/Locator:  ArmLink.exe V5.05 update 1 (build 106)
Library Manager: ArmAr.exe V5.05 update 1 (build 106)
Hex Converter:   FromElf.exe V5.05 update 1 (build 106)
CPU DLL:         SARMCM3.DLL V5.14.0.0
Dialog DLL:      DCM.DLL V1.13.1.0
Target DLL:      Segger\JL2CM3.dll V2.99.13.0
Dialog DLL:      TCM.DLL V1.14.4.0
 
<h2>Project:</h2>
C:\Users\T\Desktop\YH_SingleChannel_port\Project\project.uvproj
Project File Date:  05/23/2016

<h2>Output:</h2>
Build target 'Flash'
compiling measurement.c...
..\User\measurement.c(469): warning:  #550-D: variable "fRefresh" was set but never used
        uint8_t fRefresh,fMeasurement=1;                /* 刷屏请求标志,1表示需要刷新 */
..\User\measurement.c: 1 warning, 0 errors
linking...
Program Size: Code=53312 RO-data=964752 RW-data=5360 ZI-data=37312  
FromELF: creating hex file...
After Build - User command #1: CopyHex_Flash.bat
C:\Users\T\Desktop\YH_SingleChannel_port\Project>copy Flash\Obj\output.hex ..\output(mdk).hex 
已复制         1 个文件。
".\Flash\Obj\output.axf" - 0 Error(s), 1 Warning(s).
</pre>
</body>
</html>
