<html>
<body>
<pre>
<h1>礦ision Build Log</h1>
<h2>Project:</h2>
C:\Users\T\Desktop\YH_SingleChannel_port\Project\project.uvproj
Project File Date:  04/06/2016

<h2>Output:</h2>
Rebuild target 'Flash'
compiling main.c...
..\User\main.c(82): warning:  #111-D: statement is unreachable
compiling main_menu.c...
compiling param.c...
compiling measurement.c...
..\User\measurement.c(73): warning:  #177-D: variable "fProgess1" was declared but never referenced
compiling motor.c...
..\User\motor.c(945): warning:  #177-D: variable "i" was declared but never referenced
..\User\motor.c(1033): warning:  #177-D: variable "j" was declared but never referenced
..\User\motor.c(1073): warning:  #177-D: variable "j" was declared but never referenced
..\User\motor.c(1074): warning:  #550-D: variable "Y" was set but never used
..\User\motor.c(1110): warning:  #177-D: variable "i" was declared but never referenced
..\User\motor.c(1257): warning:  #177-D: variable "i" was declared but never referenced
..\User\motor.c(1260): warning:  #550-D: variable "ratioc12" was set but never used
compiling stm32f4xx_it.c...
compiling bsp_uart.c...
compiling bsp_fsmc_sram.c...
compiling bsp_printf.c...
compiling bsp_sdio_sd.c...
compiling bsp_timer.c...
compiling bsp_eeprom_24xx.c...
compiling bsp_tft_lcd.c...
compiling bsp_touch.c...
compiling bsp_ra8875_flash.c...
compiling bsp_ra8875_port.c...
compiling bsp_gt811.c...
compiling bsp_nor_flash.c...
compiling bsp_spi_bus.c...
compiling LCD_ILI9488.c...
compiling bsp_tsc2046.c...
compiling bsp_tim_pwm.c...
compiling bsp.c...
compiling bsp_i2c_gpio.c...
compiling bsp_cpu_flash.c...
compiling bsp_adc.c...
assembling startup_stm32f427x.s...
compiling stm32f4xx_rcc.c...
compiling stm32f4xx_syscfg.c...
compiling misc.c...
compiling stm32f4xx_gpio.c...
compiling stm32f4xx_usart.c...
compiling stm32f4xx_exti.c...
compiling stm32f4xx_iwdg.c...
compiling stm32f4xx_wwdg.c...
compiling stm32f4xx_crc.c...
compiling stm32f4xx_spi.c...
compiling stm32f4xx_sdio.c...
compiling stm32f4xx_dma.c...
compiling stm32f4xx_flash.c...
compiling stm32f4xx_tim.c...
compiling stm32f4xx_adc.c...
compiling stm32f4xx_fmc.c...
compiling system_stm32f4xx.c...
compiling GUIDRV_Template.c...
compiling LCD_SPFD5420.c...
compiling LCD_RA8875.c...
compiling asc12.c...
compiling asc16.c...
compiling hz12.c...
compiling hz16.c...
compiling hz24.c...
compiling hz48.c...
compiling hz96.c...
compiling SongFont.c...
compiling GUI_X_Touch_Analog.c...
compiling GUI_VNC_X.c...
compiling GUI_X_Touch_StoreState.c...
compiling GUI_X.c...
compiling GUIConf.c...
compiling LCDConf.c...
compiling Maintaining.c...
compiling Measureture.c...
compiling Preferences.c...
compiling Print.c...
compiling QC.c...
compiling Record.c...
assembling cr4_fft_256_stm32.s...
assembling cr4_fft_1024_stm32.s...
linking...
Program Size: Code=31696 RO-data=4324 RW-data=4712 ZI-data=34944  
FromELF: creating hex file...
After Build - User command #1: CopyHex_Flash.bat
C:\Users\T\Desktop\YH_SingleChannel_port\Project>copy Flash\Obj\output.hex ..\output(mdk).hex 
已复制         1 个文件。
".\Flash\Obj\output.axf" - 0 Errors, 9 Warning(s).
